<html>
<body>
<pre>
<h1>µVision Build Log</h1>
<h2>Tool Versions:</h2>
IDE-Version: ¦ÌVision V5.23.0.0
Copyright (C) 2017 ARM Ltd and ARM Germany GmbH. All rights reserved.
License Information: 1 1, 1, LIC=ZB4EI-TDEQ7-748S0-BEG18-HEEBJ-WYH6B
 
Tool Versions:
Toolchain:       MDK-ARM Plus  Version: 5.23
Toolchain Path:  D:\Keil\ARM\ARMCC\Bin
C Compiler:      Armcc.exe V5.06 update 4 (build 422)
Assembler:       Armasm.exe V5.06 update 4 (build 422)
Linker/Locator:  ArmLink.exe V5.06 update 4 (build 422)
Library Manager: ArmAr.exe V5.06 update 4 (build 422)
Hex Converter:   FromElf.exe V5.06 update 4 (build 422)
CPU DLL:         SARMCM3.DLL V5.23
Dialog DLL:      DARMCM1.DLL V1.17.0.0
Target DLL:      STLink\ST-LINKIII-KEIL_SWO.dll V2.0.18.0
Dialog DLL:      TARMCM1.DLL V1.12.0.0
 
<h2>Project:</h2>
F:\2023-12-29Desktop\GitHub\G070-RTK\MDK-ARM\RTK.uvprojx
Project File Date:  05/22/2024

<h2>Output:</h2>
*** Using Compiler 'V5.06 update 4 (build 422)', folder: 'D:\Keil\ARM\ARMCC\Bin'
Build target 'RTK'
compiling iwdg.c...
compiling dma.c...
compiling gpio.c...
compiling main.c...
compiling app_freertos.c...
compiling stm32g0xx_hal_msp.c...
compiling usart_it.c...
compiling stm32g0xx_it.c...
compiling usart.c...
compiling stm32g0xx_hal_timebase_tim.c...
compiling rtk.c...
compiling 4GModule.c...
..\APP\4G\4GModule.c(129): warning:  #223-D: function "sprintf" declared implicitly
  				sprintf((char*)temp,"%s",USART2_RxStruct.Buff);
..\APP\4G\4GModule.c(130): warning:  #167-D: argument of type "char *" is incompatible with parameter of type "const uint8_t *"
  				HAL_UART_Transmit(&huart1, temp, strlen((char*)temp),1000);
..\APP\4G\4GModule.c: 2 warnings, 0 errors
compiling NMEA.c...
compiling g431_usart.c...
compiling flash.c...
compiling base64.c...
compiling stm32g0xx_hal_rcc_ex.c...
compiling stm32g0xx_hal_flash_ex.c...
compiling stm32g0xx_hal_flash.c...
compiling stm32g0xx_hal_rcc.c...
compiling stm32g0xx_hal_pwr.c...
compiling stm32g0xx_hal_dma_ex.c...
compiling stm32g0xx_hal_gpio.c...
compiling stm32g0xx_hal_pwr_ex.c...
compiling stm32g0xx_hal_dma.c...
compiling stm32g0xx_hal_cortex.c...
compiling stm32g0xx_hal.c...
compiling stm32g0xx_hal_iwdg.c...
compiling stm32g0xx_hal_exti.c...
compiling stm32g0xx_hal_tim.c...
compiling croutine.c...
compiling event_groups.c...
compiling system_stm32g0xx.c...
compiling stm32g0xx_hal_uart_ex.c...
compiling list.c...
compiling stm32g0xx_hal_tim_ex.c...
compiling stream_buffer.c...
compiling queue.c...
compiling tasks.c...
compiling stm32g0xx_hal_uart.c...
compiling timers.c...
compiling heap_4.c...
compiling port.c...
compiling cmsis_os.c...
linking...
Program Size: Code=29196 RO-data=1060 RW-data=164 ZI-data=21100  
FromELF: creating hex file...
"RTK\RTK.axf" - 0 Error(s), 2 Warning(s).

<h2>Software Packages used:</h2>

Package Vendor: ARM
                http://www.keil.com/pack/ARM.CMSIS.5.0.1.pack
                ARM::CMSIS:CORE:5.0.1
                CMSIS (Cortex Microcontroller Software Interface Standard)
   * Component: CORE Version: 5.0.1

<h2>Collection of Component include folders:</h2>
  .\RTE\_RTK
  D:\Keil\ARM\PACK\ARM\CMSIS\5.0.1\CMSIS\Include
  D:\Keil\ARM\PACK\Keil\STM32G0xx_DFP\1.4.0\Drivers\CMSIS\Device\ST\STM32G0xx\Include

<h2>Collection of Component Files used:</h2>

   * Component: ARM::CMSIS:CORE:5.0.1
Build Time Elapsed:  00:00:09
</pre>
</body>
</html>
