Component: ARM Compiler 5.06 update 7 (build 960) Tool: armlink [4d3601]

==============================================================================

Section Cross References

    startup_stm32g070xx.o(STACK) refers (Special) to heapauxi.o(.text) for __use_two_region_memory
    startup_stm32g070xx.o(HEAP) refers (Special) to heapauxi.o(.text) for __use_two_region_memory
    startup_stm32g070xx.o(RESET) refers (Special) to heapauxi.o(.text) for __use_two_region_memory
    startup_stm32g070xx.o(RESET) refers to startup_stm32g070xx.o(STACK) for __initial_sp
    startup_stm32g070xx.o(RESET) refers to startup_stm32g070xx.o(.text) for Reset_Handler
    startup_stm32g070xx.o(RESET) refers to stm32g0xx_it.o(i.NMI_Handler) for NMI_Handler
    startup_stm32g070xx.o(RESET) refers to stm32g0xx_it.o(i.HardFault_Handler) for HardFault_Handler
    startup_stm32g070xx.o(RESET) refers to port.o(i.SVC_Handler) for SVC_Handler
    startup_stm32g070xx.o(RESET) refers to port.o(.emb_text) for PendSV_Handler
    startup_stm32g070xx.o(RESET) refers to port.o(i.SysTick_Handler) for SysTick_Handler
    startup_stm32g070xx.o(RESET) refers to stm32g0xx_it.o(i.DMA1_Channel1_IRQHandler) for DMA1_Channel1_IRQHandler
    startup_stm32g070xx.o(RESET) refers to stm32g0xx_it.o(i.DMA1_Channel2_3_IRQHandler) for DMA1_Channel2_3_IRQHandler
    startup_stm32g070xx.o(RESET) refers to stm32g0xx_it.o(i.DMA1_Ch4_7_DMAMUX1_OVR_IRQHandler) for DMA1_Ch4_7_DMAMUX1_OVR_IRQHandler
    startup_stm32g070xx.o(RESET) refers to stm32g0xx_it.o(i.TIM6_IRQHandler) for TIM6_IRQHandler
    startup_stm32g070xx.o(RESET) refers to stm32g0xx_it.o(i.USART1_IRQHandler) for USART1_IRQHandler
    startup_stm32g070xx.o(RESET) refers to stm32g0xx_it.o(i.USART2_IRQHandler) for USART2_IRQHandler
    startup_stm32g070xx.o(RESET) refers to stm32g0xx_it.o(i.USART3_4_IRQHandler) for USART3_4_IRQHandler
    startup_stm32g070xx.o(.text) refers (Special) to heapauxi.o(.text) for __use_two_region_memory
    startup_stm32g070xx.o(.text) refers to system_stm32g0xx.o(i.SystemInit) for SystemInit
    startup_stm32g070xx.o(.text) refers to __main.o(!!!main) for __main
    startup_stm32g070xx.o(.text) refers to startup_stm32g070xx.o(HEAP) for Heap_Mem
    startup_stm32g070xx.o(.text) refers to startup_stm32g070xx.o(STACK) for Stack_Mem
    main.o(i.HAL_TIM_PeriodElapsedCallback) refers to stm32g0xx_hal.o(i.HAL_IncTick) for HAL_IncTick
    main.o(i.SystemClock_Config) refers to rt_memclr.o(.text) for __aeabi_memclr4
    main.o(i.SystemClock_Config) refers to stm32g0xx_hal_pwr_ex.o(i.HAL_PWREx_ControlVoltageScaling) for HAL_PWREx_ControlVoltageScaling
    main.o(i.SystemClock_Config) refers to stm32g0xx_hal_rcc.o(i.HAL_RCC_OscConfig) for HAL_RCC_OscConfig
    main.o(i.SystemClock_Config) refers to stm32g0xx_hal_rcc.o(i.HAL_RCC_ClockConfig) for HAL_RCC_ClockConfig
    main.o(i.main) refers to _printf_percent.o(.ARM.Collect$$_printf_percent$$00000000) for _printf_percent
    main.o(i.main) refers to _printf_s.o(.ARM.Collect$$_printf_percent$$00000014) for _printf_s
    main.o(i.main) refers to _printf_str.o(.text) for _printf_str
    main.o(i.main) refers to _printf_d.o(.ARM.Collect$$_printf_percent$$00000009) for _printf_d
    main.o(i.main) refers to _printf_c.o(.ARM.Collect$$_printf_percent$$00000013) for _printf_c
    main.o(i.main) refers to _printf_dec.o(.text) for _printf_int_dec
    main.o(i.main) refers to stm32g0xx_hal.o(i.HAL_Init) for HAL_Init
    main.o(i.main) refers to main.o(i.SystemClock_Config) for SystemClock_Config
    main.o(i.main) refers to gpio.o(i.MX_GPIO_Init) for MX_GPIO_Init
    main.o(i.main) refers to dma.o(i.MX_DMA_Init) for MX_DMA_Init
    main.o(i.main) refers to usart.o(i.MX_USART1_UART_Init) for MX_USART1_UART_Init
    main.o(i.main) refers to usart.o(i.MX_USART2_UART_Init) for MX_USART2_UART_Init
    main.o(i.main) refers to usart.o(i.MX_USART3_UART_Init) for MX_USART3_UART_Init
    main.o(i.main) refers to iwdg.o(i.MX_IWDG_Init) for MX_IWDG_Init
    main.o(i.main) refers to stm32g0xx_hal_uart.o(i.HAL_UART_Receive_DMA) for HAL_UART_Receive_DMA
    main.o(i.main) refers to stm32g0xx_hal_gpio.o(i.HAL_GPIO_WritePin) for HAL_GPIO_WritePin
    main.o(i.main) refers to noretval__2sprintf.o(.text) for __2sprintf
    main.o(i.main) refers to strlen.o(.text) for strlen
    main.o(i.main) refers to stm32g0xx_hal_uart.o(i.HAL_UART_Transmit) for HAL_UART_Transmit
    main.o(i.main) refers to flash.o(i.USER_FLASH_Read) for USER_FLASH_Read
    main.o(i.main) refers to base64.o(i.ParseCORS) for ParseCORS
    main.o(i.main) refers to base64.o(i.base64_encode) for base64_encode
    main.o(i.main) refers to stm32g0xx_hal.o(i.HAL_Delay) for HAL_Delay
    main.o(i.main) refers to app_freertos.o(i.MX_FREERTOS_Init) for MX_FREERTOS_Init
    main.o(i.main) refers to cmsis_os.o(i.osKernelStart) for osKernelStart
    main.o(i.main) refers to usart.o(.bss) for huart2
    main.o(i.main) refers to 4gmodule.o(.bss) for USART2_RxStruct
[...]
    __rt_lib_init_cpp_1                      0x0800018b   Thumb Code     0  libinit2.o(.ARM.Collect$$libinit$$00000032)
    __rt_lib_init_exceptions_1               0x0800018b   Thumb Code     0  libinit2.o(.ARM.Collect$$libinit$$00000030)
    __rt_lib_init_fp_trap_1                  0x0800018b   Thumb Code     0  libinit2.o(.ARM.Collect$$libinit$$0000001F)
    __rt_lib_init_getenv_1                   0x0800018b   Thumb Code     0  libinit2.o(.ARM.Collect$$libinit$$00000023)
    __rt_lib_init_lc_numeric_1               0x0800018b   Thumb Code     0  libinit2.o(.ARM.Collect$$libinit$$00000017)
    __rt_lib_init_lc_time_1                  0x0800018b   Thumb Code     0  libinit2.o(.ARM.Collect$$libinit$$00000019)
    __rt_lib_init_return                     0x0800018b   Thumb Code     0  libinit2.o(.ARM.Collect$$libinit$$00000033)
    __rt_lib_init_signal_1                   0x0800018b   Thumb Code     0  libinit2.o(.ARM.Collect$$libinit$$0000001D)
    __rt_lib_init_stdio_1                    0x0800018b   Thumb Code     0  libinit2.o(.ARM.Collect$$libinit$$00000025)
    __rt_lib_shutdown                        0x0800018d   Thumb Code     0  libshutdown.o(.ARM.Collect$$libshutdown$$00000000)
    __rt_lib_shutdown_cpp_1                  0x0800018f   Thumb Code     0  libshutdown2.o(.ARM.Collect$$libshutdown$$00000004)
    __rt_lib_shutdown_fini_1                 0x0800018f   Thumb Code     0  libshutdown2.o(.ARM.Collect$$libshutdown$$00000002)
    __rt_lib_shutdown_fp_trap_1              0x0800018f   Thumb Code     0  libshutdown2.o(.ARM.Collect$$libshutdown$$00000009)
    __rt_lib_shutdown_heap_1                 0x0800018f   Thumb Code     0  libshutdown2.o(.ARM.Collect$$libshutdown$$00000011)
    __rt_lib_shutdown_return                 0x0800018f   Thumb Code     0  libshutdown2.o(.ARM.Collect$$libshutdown$$00000012)
    __rt_lib_shutdown_signal_1               0x0800018f   Thumb Code     0  libshutdown2.o(.ARM.Collect$$libshutdown$$0000000C)
    __rt_lib_shutdown_stdio_1                0x0800018f   Thumb Code     0  libshutdown2.o(.ARM.Collect$$libshutdown$$00000006)
    __rt_lib_shutdown_user_alloc_1           0x0800018f   Thumb Code     0  libshutdown2.o(.ARM.Collect$$libshutdown$$0000000E)
    __rt_entry                               0x08000191   Thumb Code     0  __rtentry.o(.ARM.Collect$$rtentry$$00000000)
    __rt_entry_presh_1                       0x08000191   Thumb Code     0  __rtentry2.o(.ARM.Collect$$rtentry$$00000002)
    __rt_entry_sh                            0x08000191   Thumb Code     0  __rtentry4.o(.ARM.Collect$$rtentry$$00000004)
    __rt_entry_li                            0x08000197   Thumb Code     0  __rtentry2.o(.ARM.Collect$$rtentry$$0000000A)
    __rt_entry_postsh_1                      0x08000197   Thumb Code     0  __rtentry2.o(.ARM.Collect$$rtentry$$00000009)
    __rt_entry_main                          0x0800019b   Thumb Code     0  __rtentry2.o(.ARM.Collect$$rtentry$$0000000D)
    __rt_entry_postli_1                      0x0800019b   Thumb Code     0  __rtentry2.o(.ARM.Collect$$rtentry$$0000000C)
    __rt_exit                                0x080001a3   Thumb Code     0  rtexit.o(.ARM.Collect$$rtexit$$00000000)
    __rt_exit_ls                             0x080001a5   Thumb Code     0  rtexit2.o(.ARM.Collect$$rtexit$$00000003)
    __rt_exit_prels_1                        0x080001a5   Thumb Code     0  rtexit2.o(.ARM.Collect$$rtexit$$00000002)
    __rt_exit_exit                           0x080001a9   Thumb Code     0  rtexit2.o(.ARM.Collect$$rtexit$$00000004)
    __asm___6_port_c_39a90d8d__prvPortStartFirstTask 0x080001b1   Thumb Code    36  port.o(.emb_text)
    ulSetInterruptMaskFromISR                0x080001d9   Thumb Code     8  port.o(.emb_text)
    vClearInterruptMaskFromISR               0x080001e1   Thumb Code     6  port.o(.emb_text)
    PendSV_Handler                           0x080001e7   Thumb Code    62  port.o(.emb_text)
    __aeabi_memcpy4                          0x08000229   Thumb Code    56  rt_memcpy.o(.emb_text)
    __aeabi_memcpy8                          0x08000229   Thumb Code     0  rt_memcpy.o(.emb_text)
    Reset_Handler                            0x08000261   Thumb Code     8  startup_stm32g070xx.o(.text)
    ADC1_IRQHandler                          0x08000273   Thumb Code     0  startup_stm32g070xx.o(.text)
    EXTI0_1_IRQHandler                       0x08000273   Thumb Code     0  startup_stm32g070xx.o(.text)
    EXTI2_3_IRQHandler                       0x08000273   Thumb Code     0  startup_stm32g070xx.o(.text)
    EXTI4_15_IRQHandler                      0x08000273   Thumb Code     0  startup_stm32g070xx.o(.text)
    FLASH_IRQHandler                         0x08000273   Thumb Code     0  startup_stm32g070xx.o(.text)
    I2C1_IRQHandler                          0x08000273   Thumb Code     0  startup_stm32g070xx.o(.text)
    I2C2_IRQHandler                          0x08000273   Thumb Code     0  startup_stm32g070xx.o(.text)
    RCC_IRQHandler                           0x08000273   Thumb Code     0  startup_stm32g070xx.o(.text)
    RTC_TAMP_IRQHandler                      0x08000273   Thumb Code     0  startup_stm32g070xx.o(.text)
    SPI1_IRQHandler                          0x08000273   Thumb Code     0  startup_stm32g070xx.o(.text)
    SPI2_IRQHandler                          0x08000273   Thumb Code     0  startup_stm32g070xx.o(.text)
    TIM14_IRQHandler                         0x08000273   Thumb Code     0  startup_stm32g070xx.o(.text)
    TIM15_IRQHandler                         0x08000273   Thumb Code     0  startup_stm32g070xx.o(.text)
    TIM16_IRQHandler                         0x08000273   Thumb Code     0  startup_stm32g070xx.o(.text)
    TIM17_IRQHandler                         0x08000273   Thumb Code     0  startup_stm32g070xx.o(.text)
    TIM1_BRK_UP_TRG_COM_IRQHandler           0x08000273   Thumb Code     0  startup_stm32g070xx.o(.text)
    TIM1_CC_IRQHandler                       0x08000273   Thumb Code     0  startup_stm32g070xx.o(.text)
    TIM3_IRQHandler                          0x08000273   Thumb Code     0  startup_stm32g070xx.o(.text)
    TIM7_IRQHandler                          0x08000273   Thumb Code     0  startup_stm32g070xx.o(.text)
    WWDG_IRQHandler                          0x08000273   Thumb Code     0  startup_stm32g070xx.o(.text)
    __user_initial_stackheap                 0x08000275   Thumb Code     0  startup_stm32g070xx.o(.text)
    __2sprintf                               0x08000299   Thumb Code    36  noretval__2sprintf.o(.text)
    _printf_pre_padding                      0x080002c1   Thumb Code    44  _printf_pad.o(.text)
    _printf_post_padding                     0x080002ed   Thumb Code    34  _printf_pad.o(.text)
    _printf_str                              0x0800030f   Thumb Code    82  _printf_str.o(.text)
    _printf_int_dec                          0x08000361   Thumb Code    90  _printf_dec.o(.text)
    _printf_int_hex                          0x080003cd   Thumb Code    84  _printf_hex_int.o(.text)
    _printf_longlong_hex                     0x080003cd   Thumb Code     0  _printf_hex_int.o(.text)
    __printf                                 0x08000425   Thumb Code   386  __printf_flags_ss_wp.o(.text)
    atoi                                     0x080005ad   Thumb Code    26  atoi.o(.text)
    strtok                                   0x080005c9   Thumb Code    10  strtok.o(.text)
    strchr                                   0x080005d9   Thumb Code    20  strchr.o(.text)
    strlen                                   0x080005ed   Thumb Code    62  strlen.o(.text)
    strncmp                                  0x08000631   Thumb Code   154  strncmp.o(.text)
    __aeabi_memcpy                           0x080006d1   Thumb Code   130  rt_memcpy.o(.text)
    __rt_memcpy                              0x080006d1   Thumb Code     0  rt_memcpy.o(.text)
    _memset_w                                0x08000753   Thumb Code    26  rt_memclr.o(.text)
    _memset                                  0x0800076d   Thumb Code    30  rt_memclr.o(.text)
    __aeabi_memclr                           0x0800078b   Thumb Code     4  rt_memclr.o(.text)
    __rt_memclr                              0x0800078b   Thumb Code     0  rt_memclr.o(.text)
    __aeabi_memclr4                          0x0800078f   Thumb Code     0  rt_memclr.o(.text)
    __aeabi_memclr8                          0x0800078f   Thumb Code     0  rt_memclr.o(.text)
    __rt_memclr_w                            0x0800078f   Thumb Code     4  rt_memclr.o(.text)
    strncpy                                  0x08000795   Thumb Code   104  strncpy.o(.text)
    __aeabi_uidiv                            0x08000801   Thumb Code     0  aeabi_sdiv.o(.text)
    __aeabi_uidivmod                         0x08000801   Thumb Code    20  aeabi_sdiv.o(.text)
    __aeabi_idiv                             0x08000815   Thumb Code     0  aeabi_sdiv.o(.text)
    __aeabi_idivmod                          0x08000815   Thumb Code   326  aeabi_sdiv.o(.text)
    __use_two_region_memory                  0x0800095b   Thumb Code     2  heapauxi.o(.text)
    __rt_heap_escrow$2region                 0x0800095d   Thumb Code     2  heapauxi.o(.text)
    __rt_heap_expand$2region                 0x0800095f   Thumb Code     2  heapauxi.o(.text)
    __aeabi_errno_addr                       0x08000961   Thumb Code     8  rt_errno_addr_intlibspace.o(.text)
    __errno$intlibspace                      0x08000961   Thumb Code     0  rt_errno_addr_intlibspace.o(.text)
    __rt_errno_addr$intlibspace              0x08000961   Thumb Code     0  rt_errno_addr_intlibspace.o(.text)
    __read_errno                             0x08000969   Thumb Code    10  _rserrno.o(.text)
    __set_errno                              0x08000973   Thumb Code    12  _rserrno.o(.text)
    _printf_int_common                       0x0800097f   Thumb Code   176  _printf_intcommon.o(.text)
    __lib_sel_fp_printf                      0x08000a31   Thumb Code     2  _printf_fp_dec.o(.text)
    _printf_fp_dec_real                      0x08000bcf   Thumb Code   620  _printf_fp_dec.o(.text)
    _printf_char_common                      0x08000e53   Thumb Code    32  _printf_char_common.o(.text)
    _sputc                                   0x08000e79   Thumb Code    10  _sputc.o(.text)
    _printf_cs_common                        0x08000e83   Thumb Code    22  _printf_char.o(.text)
    _printf_char                             0x08000e99   Thumb Code    16  _printf_char.o(.text)
    _printf_string                           0x08000ea9   Thumb Code     8  _printf_char.o(.text)
    __strtod_int                             0x08000eed   Thumb Code    94  strtod.o(.text)
    strtol                                   0x08000f5d   Thumb Code   108  strtol.o(.text)
    __strtok_internal                        0x08000fcd   Thumb Code    66  strtok_int.o(.text)
    __rt_udiv10                              0x08001015   Thumb Code    40  rtudiv10.o(.text)
    __user_libspace                          0x0800103d   Thumb Code     8  libspace.o(.text)
    __user_perproc_libspace                  0x0800103d   Thumb Code     0  libspace.o(.text)
    __user_perthread_libspace                0x0800103d   Thumb Code     0  libspace.o(.text)
    __rt_ctype_table                         0x08001045   Thumb Code    16  rt_ctype_table.o(.text)
    __rt_locale                              0x08001055   Thumb Code     8  rt_locale_intlibspace.o(.text)
    _ll_udiv10                               0x0800105d   Thumb Code   122  lludiv10.o(.text)
    isspace                                  0x080010d7   Thumb Code    18  isspace.o(.text)
    _printf_fp_infnan                        0x080010e9   Thumb Code   120  _printf_fp_infnan.o(.text)
    _sgetc                                   0x08001171   Thumb Code    32  _sgetc.o(.text)
    _sbackspace                              0x08001191   Thumb Code    36  _sgetc.o(.text)
    _strtoul                                 0x080011b5   Thumb Code   166  _strtoul.o(.text)
    _btod_etento                             0x0800125d   Thumb Code   210  bigflt0.o(.text)
    _btod_d2e                                0x08001335   Thumb Code    64  btod.o(.text)
    _btod_emul                               0x08001769   Thumb Code    28  btod.o(.text)
    _btod_emuld                              0x08001785   Thumb Code   144  btod.o(.text)
    _btod_ediv                               0x08001815   Thumb Code    26  btod.o(.text)
    _btod_edivd                              0x0800182f   Thumb Code   124  btod.o(.text)
    strcspn                                  0x080018b5   Thumb Code    34  strcspn.o(.text)
    strspn                                   0x080018d7   Thumb Code    32  strspn.o(.text)
    __user_setup_stackheap                   0x080018f7   Thumb Code    62  sys_stackheap_outer.o(.text)
    _chval                                   0x08001935   Thumb Code    30  _chval.o(.text)
    _scanf_really_real                       0x08001baf   Thumb Code   710  scanf_fp.o(.text)
    exit                                     0x08001e75   Thumb Code    16  exit.o(.text)
    strcmp                                   0x08001e85   Thumb Code   132  strcmp.o(.text)
    __aeabi_lmul                             0x08001f0d   Thumb Code    48  llmul.o(.text)
    _ll_mul                                  0x08001f0d   Thumb Code     0  llmul.o(.text)
    _sys_exit                                0x08001f3d   Thumb Code     8  sys_exit.o(.text)
    _scanf_really_hex_real                   0x08001f49   Thumb Code   806  scanf_hexfp.o(.text)
    _scanf_really_infnan                     0x0800227d   Thumb Code   300  scanf_infnan.o(.text)
    __aeabi_d2f                              0x080023b9   Thumb Code     0  d2f.o(.text)
    _d2f                                     0x080023b9   Thumb Code   120  d2f.o(.text)
    __I$use$semihosting                      0x08002435   Thumb Code     0  use_no_semi.o(.text)
    __use_no_semihosting_swi                 0x08002435   Thumb Code     2  use_no_semi.o(.text)
    __aeabi_llsl                             0x08002437   Thumb Code    32  llshl.o(.text)
    __semihosting_library_function           0x08002437   Thumb Code     0  indicate_semi.o(.text)
    _ll_shift_l                              0x08002437   Thumb Code     0  llshl.o(.text)
    __fpl_dcmp_InfNaN                        0x08002459   Thumb Code   140  dcmpin.o(.text)
    __ARM_scalbn                             0x080024e9   Thumb Code    84  dscalbn.o(.text)
    __fpl_cmpreturn                          0x08002549   Thumb Code    46  cmpret.o(.text)
    __fpl_dcheck_NaN2                        0x08002579   Thumb Code    14  dnan2.o(.text)
    __fpl_return_NaN                         0x0800258d   Thumb Code    94  retnan.o(.text)
    Callback01                               0x080025ed   Thumb Code    82  app_freertos.o(i.Callback01)
    DMA1_Ch4_7_DMAMUX1_OVR_IRQHandler        0x08002659   Thumb Code    22  stm32g0xx_it.o(i.DMA1_Ch4_7_DMAMUX1_OVR_IRQHandler)
    DMA1_Channel1_IRQHandler                 0x0800267d   Thumb Code    10  stm32g0xx_it.o(i.DMA1_Channel1_IRQHandler)
    DMA1_Channel2_3_IRQHandler               0x0800268d   Thumb Code    16  stm32g0xx_it.o(i.DMA1_Channel2_3_IRQHandler)
    Error_Handler                            0x08002745   Thumb Code     4  main.o(i.Error_Handler)
    FLASH_PageErase                          0x08002749   Thumb Code    20  stm32g0xx_hal_flash_ex.o(i.FLASH_PageErase)
    FLASH_WaitForLastOperation               0x080027b9   Thumb Code    86  stm32g0xx_hal_flash.o(i.FLASH_WaitForLastOperation)
    HAL_DMA_Abort                            0x08002821   Thumb Code   112  stm32g0xx_hal_dma.o(i.HAL_DMA_Abort)
    HAL_DMA_Abort_IT                         0x08002895   Thumb Code   118  stm32g0xx_hal_dma.o(i.HAL_DMA_Abort_IT)
    HAL_DMA_GetError                         0x08002911   Thumb Code     4  stm32g0xx_hal_dma.o(i.HAL_DMA_GetError)
    HAL_DMA_IRQHandler                       0x08002915   Thumb Code   180  stm32g0xx_hal_dma.o(i.HAL_DMA_IRQHandler)
    HAL_DMA_Init                             0x080029cd   Thumb Code   156  stm32g0xx_hal_dma.o(i.HAL_DMA_Init)
    HAL_DMA_Start_IT                         0x08002a71   Thumb Code   136  stm32g0xx_hal_dma.o(i.HAL_DMA_Start_IT)
    HAL_Delay                                0x08002afd   Thumb Code    32  stm32g0xx_hal.o(i.HAL_Delay)
    HAL_FLASH_Lock                           0x08002b21   Thumb Code    34  stm32g0xx_hal_flash.o(i.HAL_FLASH_Lock)
    HAL_FLASH_Program                        0x08002b49   Thumb Code    88  stm32g0xx_hal_flash.o(i.HAL_FLASH_Program)
    HAL_FLASH_Unlock                         0x08002ba9   Thumb Code    28  stm32g0xx_hal_flash.o(i.HAL_FLASH_Unlock)
    HAL_GPIO_Init                            0x08002bd1   Thumb Code   330  stm32g0xx_hal_gpio.o(i.HAL_GPIO_Init)
    HAL_GPIO_TogglePin                       0x08002d2d   Thumb Code    16  stm32g0xx_hal_gpio.o(i.HAL_GPIO_TogglePin)
    HAL_GPIO_WritePin                        0x08002d3d   Thumb Code    12  stm32g0xx_hal_gpio.o(i.HAL_GPIO_WritePin)
    HAL_GetTick                              0x08002d49   Thumb Code     6  stm32g0xx_hal.o(i.HAL_GetTick)
    HAL_IncTick                              0x08002d55   Thumb Code    12  stm32g0xx_hal.o(i.HAL_IncTick)
    HAL_Init                                 0x08002d65   Thumb Code    36  stm32g0xx_hal.o(i.HAL_Init)
    HAL_InitTick                             0x08002d8d   Thumb Code   130  stm32g0xx_hal_timebase_tim.o(i.HAL_InitTick)
    HAL_MspInit                              0x08002e29   Thumb Code    56  stm32g0xx_hal_msp.o(i.HAL_MspInit)
    HAL_NVIC_EnableIRQ                       0x08002e65   Thumb Code    18  stm32g0xx_hal_cortex.o(i.HAL_NVIC_EnableIRQ)
    HAL_NVIC_SetPriority                     0x08002e7d   Thumb Code     8  stm32g0xx_hal_cortex.o(i.HAL_NVIC_SetPriority)
    HAL_NVIC_SystemReset                     0x08002e85   Thumb Code    18  stm32g0xx_hal_cortex.o(i.HAL_NVIC_SystemReset)
    HAL_PWREx_ControlVoltageScaling          0x08002ea1   Thumb Code    62  stm32g0xx_hal_pwr_ex.o(i.HAL_PWREx_ControlVoltageScaling)
    HAL_RCCEx_PeriphCLKConfig                0x08002eed   Thumb Code   338  stm32g0xx_hal_rcc_ex.o(i.HAL_RCCEx_PeriphCLKConfig)
    HAL_RCC_ClockConfig                      0x0800304d   Thumb Code   318  stm32g0xx_hal_rcc.o(i.HAL_RCC_ClockConfig)
    HAL_RCC_GetClockConfig                   0x080031a5   Thumb Code    48  stm32g0xx_hal_rcc.o(i.HAL_RCC_GetClockConfig)
    HAL_RCC_GetPCLK1Freq                     0x080031dd   Thumb Code    26  stm32g0xx_hal_rcc.o(i.HAL_RCC_GetPCLK1Freq)
    HAL_RCC_GetSysClockFreq                  0x08003205   Thumb Code   130  stm32g0xx_hal_rcc.o(i.HAL_RCC_GetSysClockFreq)
    HAL_RCC_OscConfig                        0x08003291   Thumb Code   946  stm32g0xx_hal_rcc.o(i.HAL_RCC_OscConfig)
    HAL_SYSCFG_StrobeDBattpinsConfig         0x08003669   Thumb Code    16  stm32g0xx_hal.o(i.HAL_SYSCFG_StrobeDBattpinsConfig)
    HAL_TIMEx_Break2Callback                 0x0800367d   Thumb Code     2  stm32g0xx_hal_tim_ex.o(i.HAL_TIMEx_Break2Callback)
    HAL_TIMEx_BreakCallback                  0x0800367f   Thumb Code     2  stm32g0xx_hal_tim_ex.o(i.HAL_TIMEx_BreakCallback)
    HAL_TIMEx_CommutCallback                 0x08003681   Thumb Code     2  stm32g0xx_hal_tim_ex.o(i.HAL_TIMEx_CommutCallback)
    HAL_TIM_Base_Init                        0x08003683   Thumb Code    76  stm32g0xx_hal_tim.o(i.HAL_TIM_Base_Init)
    HAL_TIM_Base_MspInit                     0x080036cf   Thumb Code     2  stm32g0xx_hal_tim.o(i.HAL_TIM_Base_MspInit)
    HAL_TIM_Base_Start_IT                    0x080036d1   Thumb Code    74  stm32g0xx_hal_tim.o(i.HAL_TIM_Base_Start_IT)
    HAL_TIM_IC_CaptureCallback               0x0800372d   Thumb Code     2  stm32g0xx_hal_tim.o(i.HAL_TIM_IC_CaptureCallback)
    HAL_TIM_IRQHandler                       0x08003731   Thumb Code   318  stm32g0xx_hal_tim.o(i.HAL_TIM_IRQHandler)
    HAL_TIM_OC_DelayElapsedCallback          0x08003879   Thumb Code     2  stm32g0xx_hal_tim.o(i.HAL_TIM_OC_DelayElapsedCallback)
    HAL_TIM_PWM_PulseFinishedCallback        0x0800387b   Thumb Code     2  stm32g0xx_hal_tim.o(i.HAL_TIM_PWM_PulseFinishedCallback)
    HAL_TIM_PeriodElapsedCallback            0x0800387d   Thumb Code    16  main.o(i.HAL_TIM_PeriodElapsedCallback)
    HAL_TIM_TriggerCallback                  0x08003891   Thumb Code     2  stm32g0xx_hal_tim.o(i.HAL_TIM_TriggerCallback)
    HAL_UARTEx_DisableFifoMode               0x08003893   Thumb Code    60  stm32g0xx_hal_uart_ex.o(i.HAL_UARTEx_DisableFifoMode)
    HAL_UARTEx_RxEventCallback               0x080038cf   Thumb Code     2  stm32g0xx_hal_uart.o(i.HAL_UARTEx_RxEventCallback)
    HAL_UARTEx_RxFifoFullCallback            0x080038d1   Thumb Code     2  stm32g0xx_hal_uart_ex.o(i.HAL_UARTEx_RxFifoFullCallback)
    HAL_UARTEx_SetRxFifoThreshold            0x080038d3   Thumb Code    72  stm32g0xx_hal_uart_ex.o(i.HAL_UARTEx_SetRxFifoThreshold)
    HAL_UARTEx_SetTxFifoThreshold            0x0800391b   Thumb Code    70  stm32g0xx_hal_uart_ex.o(i.HAL_UARTEx_SetTxFifoThreshold)
    HAL_UARTEx_TxFifoEmptyCallback           0x08003961   Thumb Code     2  stm32g0xx_hal_uart_ex.o(i.HAL_UARTEx_TxFifoEmptyCallback)
    HAL_UARTEx_WakeupCallback                0x08003963   Thumb Code     2  stm32g0xx_hal_uart_ex.o(i.HAL_UARTEx_WakeupCallback)
    HAL_UART_DMAStop                         0x08003965   Thumb Code   154  stm32g0xx_hal_uart.o(i.HAL_UART_DMAStop)
    HAL_UART_ErrorCallback                   0x080039ff   Thumb Code     2  stm32g0xx_hal_uart.o(i.HAL_UART_ErrorCallback)
    HAL_UART_IRQHandler                      0x08003a01   Thumb Code   734  stm32g0xx_hal_uart.o(i.HAL_UART_IRQHandler)
    HAL_UART_Init                            0x08003cf1   Thumb Code   108  stm32g0xx_hal_uart.o(i.HAL_UART_Init)
    HAL_UART_MspInit                         0x08003d5d   Thumb Code   602  usart.o(i.HAL_UART_MspInit)
    HAL_UART_Receive_DMA                     0x08003fd9   Thumb Code    88  stm32g0xx_hal_uart.o(i.HAL_UART_Receive_DMA)
    HAL_UART_RxCpltCallback                  0x08004031   Thumb Code     2  usart_it.o(i.HAL_UART_RxCpltCallback)
    HAL_UART_RxHalfCpltCallback              0x08004033   Thumb Code     2  stm32g0xx_hal_uart.o(i.HAL_UART_RxHalfCpltCallback)
    HAL_UART_Transmit                        0x08004035   Thumb Code   206  stm32g0xx_hal_uart.o(i.HAL_UART_Transmit)
    HAL_UART_Transmit_DMA                    0x08004105   Thumb Code   158  stm32g0xx_hal_uart.o(i.HAL_UART_Transmit_DMA)
    HAL_UART_TxCpltCallback                  0x080041b1   Thumb Code     2  stm32g0xx_hal_uart.o(i.HAL_UART_TxCpltCallback)
    HAL_UART_TxHalfCpltCallback              0x080041b3   Thumb Code     2  stm32g0xx_hal_uart.o(i.HAL_UART_TxHalfCpltCallback)
    HardFault_Handler                        0x080041b5   Thumb Code     2  stm32g0xx_it.o(i.HardFault_Handler)
    MX_DMA_Init                              0x080041b9   Thumb Code    68  dma.o(i.MX_DMA_Init)
    MX_FREERTOS_Init                         0x08004201   Thumb Code    94  app_freertos.o(i.MX_FREERTOS_Init)
    MX_GPIO_Init                             0x08004269   Thumb Code   158  gpio.o(i.MX_GPIO_Init)
    MX_IWDG_Init                             0x08004315   Thumb Code     2  iwdg.o(i.MX_IWDG_Init)
    MX_USART1_UART_Init                      0x08004319   Thumb Code    96  usart.o(i.MX_USART1_UART_Init)
    MX_USART2_UART_Init                      0x08004381   Thumb Code    96  usart.o(i.MX_USART2_UART_Init)
    MX_USART3_UART_Init                      0x080043e9   Thumb Code    50  usart.o(i.MX_USART3_UART_Init)
    NMI_Handler                              0x08004425   Thumb Code     2  stm32g0xx_it.o(i.NMI_Handler)
    ParseCORS                                0x08004429   Thumb Code   212  base64.o(i.ParseCORS)
    ParseGPGGA                               0x0800450d   Thumb Code   502  nmea.o(i.ParseGPGGA)
    ParseGPRMC                               0x08004711   Thumb Code   480  nmea.o(i.ParseGPRMC)
    ParseGPRMCH                              0x080048fd   Thumb Code   480  nmea.o(i.ParseGPRMCH)
    ParseModules4G                           0x08004ae9   Thumb Code   240  4gmodule.o(i.ParseModules4G)
    SVC_Handler                              0x08004bdd   Thumb Code     2  port.o(i.SVC_Handler)
    StartG431_Task                           0x08004be1   Thumb Code    78  app_freertos.o(i.StartG431_Task)
    StartModule4G_Task                       0x08004c41   Thumb Code   212  app_freertos.o(i.StartModule4G_Task)
    StartRTK_Task                            0x08004d35   Thumb Code   150  app_freertos.o(i.StartRTK_Task)
    SysTick_Handler                          0x08004df1   Thumb Code    32  port.o(i.SysTick_Handler)
    SystemClock_Config                       0x08004e15   Thumb Code   110  main.o(i.SystemClock_Config)
    SystemInit                               0x08004e83   Thumb Code     2  system_stm32g0xx.o(i.SystemInit)
    TIM6_IRQHandler                          0x08004e85   Thumb Code    10  stm32g0xx_it.o(i.TIM6_IRQHandler)
    TIM_Base_SetConfig                       0x08004e95   Thumb Code   126  stm32g0xx_hal_tim.o(i.TIM_Base_SetConfig)
    UART_AdvFeatureConfig                    0x08004f71   Thumb Code   202  stm32g0xx_hal_uart.o(i.UART_AdvFeatureConfig)
    UART_CheckIdleState                      0x0800503d   Thumb Code   180  stm32g0xx_hal_uart.o(i.UART_CheckIdleState)
    UART_SetConfig                           0x08005309   Thumb Code   360  stm32g0xx_hal_uart.o(i.UART_SetConfig)
    UART_Start_Receive_DMA                   0x08005499   Thumb Code   160  stm32g0xx_hal_uart.o(i.UART_Start_Receive_DMA)
    UART_WaitOnFlagUntilTimeout              0x08005545   Thumb Code   144  stm32g0xx_hal_uart.o(i.UART_WaitOnFlagUntilTimeout)
    USART1_IDLE_Handler                      0x080055d5   Thumb Code   296  g431_usart.o(i.USART1_IDLE_Handler)
    USART1_IRQHandler                        0x08005745   Thumb Code    14  stm32g0xx_it.o(i.USART1_IRQHandler)
    USART2_IDLE_Handler                      0x08005759   Thumb Code   258  4gmodule.o(i.USART2_IDLE_Handler)
    USART2_IRQHandler                        0x08005875   Thumb Code    14  stm32g0xx_it.o(i.USART2_IRQHandler)
    USART3_4_IRQHandler                      0x08005889   Thumb Code    14  stm32g0xx_it.o(i.USART3_4_IRQHandler)
    USART3_IDLE_Handler                      0x0800589d   Thumb Code   176  rtk.o(i.USART3_IDLE_Handler)
    USER_FLASH_Read                          0x08005961   Thumb Code    96  flash.o(i.USER_FLASH_Read)
    USER_FLASH_Write                         0x080059d9   Thumb Code    64  flash.o(i.USER_FLASH_Write)
    __ARM_common_ll_muluu                    0x08005a1d   Thumb Code    48  btod.o(i.__ARM_common_ll_muluu)
    __ARM_common_switch8                     0x08005a4d   Thumb Code    26  nmea.o(i.__ARM_common_switch8)
    __ARM_fpclassify                         0x08005a69   Thumb Code    40  fpclassify.o(i.__ARM_fpclassify)
    __mathlib_dbl_overflow                   0x08005ad9   Thumb Code    16  dunder.o(i.__mathlib_dbl_overflow)
    __mathlib_dbl_underflow                  0x08005aed   Thumb Code    14  dunder.o(i.__mathlib_dbl_underflow)
    __mathlib_narrow                         0x08005b01   Thumb Code    16  narrow.o(i.__mathlib_narrow)
    __mathlib_tofloat                        0x08005b11   Thumb Code   190  narrow.o(i.__mathlib_tofloat)
    __support_ldexp                          0x08005bd9   Thumb Code    20  ldexp.o(i.__support_ldexp)
    _is_digit                                0x08005bed   Thumb Code    14  __printf_wp.o(i._is_digit)
    atof                                     0x08005bfb   Thumb Code    42  atof.o(i.atof)
    base64_encode                            0x08005c25   Thumb Code   140  base64.o(i.base64_encode)
    copyRMCData                              0x08005cb5   Thumb Code   556  nmea.o(i.copyRMCData)
    flash_page_erase                         0x08005f05   Thumb Code    52  flash.o(i.flash_page_erase)
    flash_write                              0x08005f3d   Thumb Code    34  flash.o(i.flash_write)
    frexp                                    0x08005f61   Thumb Code    72  frexp.o(i.frexp)
    ldexp                                    0x08005fc5   Thumb Code   112  ldexp.o(i.ldexp)
    main                                     0x08006035   Thumb Code   510  main.o(i.main)
    osDelay                                  0x080062a1   Thumb Code    16  cmsis_os.o(i.osDelay)
    osKernelStart                            0x080062b1   Thumb Code    10  cmsis_os.o(i.osKernelStart)
    osThreadCreate                           0x080062bb   Thumb Code    46  cmsis_os.o(i.osThreadCreate)
    osTimerCreate                            0x080062e9   Thumb Code    30  cmsis_os.o(i.osTimerCreate)
    osTimerStart                             0x0800630d   Thumb Code    80  cmsis_os.o(i.osTimerStart)
    processInfo                              0x08006361   Thumb Code   244  rtk.o(i.processInfo)
    pvPortMalloc                             0x08006aed   Thumb Code   178  heap_4.o(i.pvPortMalloc)
    pxPortInitialiseStack                    0x08006ba5   Thumb Code    28  port.o(i.pxPortInitialiseStack)
    separateString                           0x08006bc5   Thumb Code   132  rtk.o(i.separateString)
    uxListRemove                             0x08006c77   Thumb Code    38  list.o(i.uxListRemove)
    vListInitialise                          0x08006c9d   Thumb Code    22  list.o(i.vListInitialise)
    vListInitialiseItem                      0x08006cb3   Thumb Code     6  list.o(i.vListInitialiseItem)
    vListInsert                              0x08006cb9   Thumb Code    48  list.o(i.vListInsert)
    vListInsertEnd                           0x08006ce9   Thumb Code    24  list.o(i.vListInsertEnd)
    vPortEnterCritical                       0x08006d01   Thumb Code    20  port.o(i.vPortEnterCritical)
    vPortExitCritical                        0x08006d19   Thumb Code    22  port.o(i.vPortExitCritical)
    vPortFree                                0x08006d35   Thumb Code    68  heap_4.o(i.vPortFree)
    vPortSetupTimerInterrupt                 0x08006d7d   Thumb Code    32  port.o(i.vPortSetupTimerInterrupt)
    vPortYield                               0x08006da5   Thumb Code    18  port.o(i.vPortYield)
    vQueueAddToRegistry                      0x08006dbd   Thumb Code    32  queue.o(i.vQueueAddToRegistry)
    vQueueWaitForMessageRestricted           0x08006de1   Thumb Code    68  queue.o(i.vQueueWaitForMessageRestricted)
    vTaskDelay                               0x08006e25   Thumb Code    44  tasks.o(i.vTaskDelay)
    vTaskInternalSetTimeOutState             0x08006e55   Thumb Code    12  tasks.o(i.vTaskInternalSetTimeOutState)
    vTaskMissedYield                         0x08006e65   Thumb Code     8  tasks.o(i.vTaskMissedYield)
    vTaskPlaceOnEventList                    0x08006e71   Thumb Code    32  tasks.o(i.vTaskPlaceOnEventList)
    vTaskPlaceOnEventListRestricted          0x08006e95   Thumb Code    42  tasks.o(i.vTaskPlaceOnEventListRestricted)
    vTaskStartScheduler                      0x08006ec5   Thumb Code    66  tasks.o(i.vTaskStartScheduler)
    vTaskSuspendAll                          0x08006f19   Thumb Code    10  tasks.o(i.vTaskSuspendAll)
    vTaskSwitchContext                       0x08006f29   Thumb Code    78  tasks.o(i.vTaskSwitchContext)
    xPortStartScheduler                      0x08006f81   Thumb Code    40  port.o(i.xPortStartScheduler)
    xQueueGenericCreate                      0x08006fb1   Thumb Code    54  queue.o(i.xQueueGenericCreate)
    xQueueGenericReset                       0x08006fe7   Thumb Code   108  queue.o(i.xQueueGenericReset)
    xQueueGenericSend                        0x08007053   Thumb Code   280  queue.o(i.xQueueGenericSend)
    xQueueGenericSendFromISR                 0x0800716b   Thumb Code   142  queue.o(i.xQueueGenericSendFromISR)
    xQueueReceive                            0x080071f9   Thumb Code   258  queue.o(i.xQueueReceive)
    xTaskCheckForTimeOut                     0x080072fd   Thumb Code    86  tasks.o(i.xTaskCheckForTimeOut)
    xTaskCreate                              0x08007359   Thumb Code    78  tasks.o(i.xTaskCreate)
    xTaskGetSchedulerState                   0x080073a9   Thumb Code    26  tasks.o(i.xTaskGetSchedulerState)
    xTaskGetTickCount                        0x080073c9   Thumb Code     6  tasks.o(i.xTaskGetTickCount)
    xTaskIncrementTick                       0x080073d5   Thumb Code   180  tasks.o(i.xTaskIncrementTick)
    xTaskPriorityDisinherit                  0x08007491   Thumb Code    96  tasks.o(i.xTaskPriorityDisinherit)
    xTaskRemoveFromEventList                 0x080074f9   Thumb Code    90  tasks.o(i.xTaskRemoveFromEventList)
    xTaskResumeAll                           0x0800755d   Thumb Code   164  tasks.o(i.xTaskResumeAll)
    xTimerCreate                             0x08007609   Thumb Code    88  timers.o(i.xTimerCreate)
    xTimerCreateTimerTask                    0x08007661   Thumb Code    46  timers.o(i.xTimerCreateTimerTask)
    xTimerGenericCommand                     0x080076a1   Thumb Code    76  timers.o(i.xTimerGenericCommand)
    _get_lc_numeric                          0x080076f1   Thumb Code    44  lc_numeric_c.o(locale$$code)
    _get_lc_ctype                            0x0800771d   Thumb Code    44  lc_ctype_c.o(locale$$code)
    __aeabi_cdcmpeq                          0x08007749   Thumb Code     0  deqf.o(x$fpl$deqf)
    _dcmpeq                                  0x08007749   Thumb Code    94  deqf.o(x$fpl$deqf)
    __aeabi_cdrcmple                         0x080077ad   Thumb Code     0  drlef.o(x$fpl$drleqf)
    _drcmple                                 0x080077ad   Thumb Code   100  drlef.o(x$fpl$drleqf)
    _printf_fp_dec                           0x08007815   Thumb Code    16  printf1.o(x$fpl$printf1)
    _scanf_real                              0x08007825   Thumb Code    16  scanf1.o(x$fpl$scanf1)
    _scanf_hex_real                          0x08007835   Thumb Code    16  scanf2.o(x$fpl$scanf2)
    _scanf_infnan                            0x08007845   Thumb Code    16  scanf2.o(x$fpl$scanf2)
    __I$use$fp                               0x08007854   Number         0  usenofp.o(x$fpl$usenofp)
    base64char                               0x080078aa   Data          65  base64.o(.constdata)
    UARTPrescTable                           0x080078ec   Data          24  stm32g0xx_hal_uart.o(.constdata)
    AHBPrescTable                            0x08007914   Data          64  system_stm32g0xx.o(.constdata)
    APBPrescTable                            0x08007954   Data          32  system_stm32g0xx.o(.constdata)
    Region$$Table$$Base                      0x08007a6c   Number         0  anon$$obj.o(Region$$Table)
    Region$$Table$$Limit                     0x08007a8c   Number         0  anon$$obj.o(Region$$Table)
    __aeabi_HUGE_VAL                         0x08007a8c   Data           0  fpconst.o(c$$dinf)
    __aeabi_HUGE_VALL                        0x08007a8c   Data           0  fpconst.o(c$$dinf)
    __aeabi_INFINITY                         0x08007a8c   Data           0  fpconst.o(c$$dinf)
    __dInf                                   0x08007a8c   Data           0  fpconst.o(c$$dinf)
    __huge_val                               0x08007a8c   Data           0  fpconst.o(c$$dinf)
    __dbl_max                                0x08007a94   Data           0  fpconst.o(c$$dmax)
    __ctype                                  0x08007ac5   Data           0  lc_ctype_c.o(locale$$data)
    BinarySemaphore                          0x20000000   Data           5  main.o(.data)
    G431_TaskHandle                          0x20000008   Data           4  app_freertos.o(.data)
    Module4G_TaskHandle                      0x2000000c   Data           4  app_freertos.o(.data)
    RTK_TaskHandle                           0x20000010   Data           4  app_freertos.o(.data)
    Timer01Handle                            0x20000014   Data           4  app_freertos.o(.data)
    OrderType                                0x20000018   Data           1  g431_usart.o(.data)
    InsideOrOutside                          0x20000019   Data           1  g431_usart.o(.data)
    ReturnFlag                               0x2000001a   Data           1  4gmodule.o(.data)
    ConfigurationFlag                        0x2000001b   Data           1  4gmodule.o(.data)
    uwTickFreq                               0x2000001c   Data           1  stm32g0xx_hal.o(.data)
    uwTickPrio                               0x20000020   Data           4  stm32g0xx_hal.o(.data)
    uwTick                                   0x20000024   Data           4  stm32g0xx_hal.o(.data)
    SystemCoreClock                          0x20000028   Data           4  system_stm32g0xx.o(.data)
    pxCurrentTCB                             0x2000002c   Data           4  tasks.o(.data)
    huart1                                   0x200000a4   Data         148  usart.o(.bss)
    huart2                                   0x20000138   Data         148  usart.o(.bss)
    huart3                                   0x200001cc   Data         148  usart.o(.bss)
    hdma_usart1_rx                           0x20000260   Data          92  usart.o(.bss)
    hdma_usart1_tx                           0x200002bc   Data          92  usart.o(.bss)
    hdma_usart2_rx                           0x20000318   Data          92  usart.o(.bss)
    hdma_usart2_tx                           0x20000374   Data          92  usart.o(.bss)
    hdma_usart3_rx                           0x200003d0   Data          92  usart.o(.bss)
    hdma_usart3_tx                           0x2000042c   Data          92  usart.o(.bss)
    htim6                                    0x20000488   Data          76  stm32g0xx_hal_timebase_tim.o(.bss)
    USART1_RxStruct                          0x200004d4   Data         401  g431_usart.o(.bss)
    USART2_RxStruct                          0x20000665   Data         401  4gmodule.o(.bss)
    Modules4G_Struct                         0x200007f6   Data          15  4gmodule.o(.bss)
    USART3_RxStruct                          0x20000806   Data         802  rtk.o(.bss)
    GPRMC_Struct                             0x20000b28   Data         176  nmea.o(.bss)
    GPRMCH_Struct                            0x20000bd8   Data         176  nmea.o(.bss)
    GPGGA_Struct                             0x20000c88   Data         168  nmea.o(.bss)
    OutGNxxxData                             0x20000d30   Data         100  nmea.o(.bss)
    CORS_Struct                              0x20000df8   Data         303  base64.o(.bss)
    pFlash                                   0x20000f28   Data          28  stm32g0xx_hal_flash.o(.bss)
    xQueueRegistry                           0x20000f44   Data          64  queue.o(.bss)
    __libspace_start                         0x2000429c   Data          96  libspace.o(.bss)
    __temporary_stack_top$libspace           0x200042fc   Data           0  libspace.o(.bss)



==============================================================================

Memory Map of the image

  Image Entry point : 0x080000b9

  Load Region LR_IROM1 (Base: 0x08000000, Size: 0x00007c6c, Max: 0x00020000, ABSOLUTE)

    Execution Region ER_IROM1 (Exec base: 0x08000000, Load base: 0x08000000, Size: 0x00007bc8, Max: 0x00020000, ABSOLUTE)

    Exec Addr    Load Addr    Size         Type   Attr      Idx    E Section Name        Object

    0x08000000   0x08000000   0x000000b8   Data   RO            3    RESET               startup_stm32g070xx.o
    0x080000b8   0x080000b8   0x00000008   Code   RO         4983  * !!!main             c_p.l(__main.o)
    0x080000c0   0x080000c0   0x0000003c   Code   RO         5313    !!!scatter          c_p.l(__scatter.o)
    0x080000fc   0x080000fc   0x0000001a   Code   RO         5315    !!handler_copy      c_p.l(__scatter_copy.o)
    0x08000116   0x08000116   0x00000002   PAD
    0x08000118   0x08000118   0x0000001c   Code   RO         5317    !!handler_zi        c_p.l(__scatter_zi.o)
    0x08000134   0x08000134   0x00000002   Code   RO         4955    .ARM.Collect$$_printf_percent$$00000000  c_p.l(_printf_percent.o)
    0x08000136   0x08000136   0x0000000a   Code   RO         4954    .ARM.Collect$$_printf_percent$$00000003  c_p.l(_printf_f.o)
    0x08000140   0x08000140   0x0000000a   Code   RO         4953    .ARM.Collect$$_printf_percent$$00000009  c_p.l(_printf_d.o)
    0x0800014a   0x0800014a   0x0000000a   Code   RO         4952    .ARM.Collect$$_printf_percent$$0000000C  c_p.l(_printf_x.o)
    0x08000154   0x08000154   0x0000000a   Code   RO         4950    .ARM.Collect$$_printf_percent$$00000013  c_p.l(_printf_c.o)
    0x0800015e   0x0800015e   0x0000000a   Code   RO         4951    .ARM.Collect$$_printf_percent$$00000014  c_p.l(_printf_s.o)
    0x08000168   0x08000168   0x00000004   Code   RO         5013    .ARM.Collect$$_printf_percent$$00000017  c_p.l(_printf_percent_end.o)
    0x0800016c   0x0800016c   0x00000002   Code   RO         5105    .ARM.Collect$$libinit$$00000000  c_p.l(libinit.o)
    0x0800016e   0x0800016e   0x00000000   Code   RO         5107    .ARM.Collect$$libinit$$00000002  c_p.l(libinit2.o)
    0x0800016e   0x0800016e   0x00000000   Code   RO         5109    .ARM.Collect$$libinit$$00000004  c_p.l(libinit2.o)
    0x0800016e   0x0800016e   0x00000000   Code   RO         5112    .ARM.Collect$$libinit$$0000000A  c_p.l(libinit2.o)
    0x0800016e   0x0800016e   0x00000000   Code   RO         5114    .ARM.Collect$$libinit$$0000000C  c_p.l(libinit2.o)
    0x0800016e   0x0800016e   0x00000000   Code   RO         5116    .ARM.Collect$$libinit$$0000000E  c_p.l(libinit2.o)
    0x0800016e   0x0800016e   0x00000006   Code   RO         5117    .ARM.Collect$$libinit$$0000000F  c_p.l(libinit2.o)
    0x08000174   0x08000174   0x00000000   Code   RO         5119    .ARM.Collect$$libinit$$00000011  c_p.l(libinit2.o)
    0x08000174   0x08000174   0x0000000c   Code   RO         5120    .ARM.Collect$$libinit$$00000012  c_p.l(libinit2.o)
    0x08000180   0x08000180   0x00000000   Code   RO         5121    .ARM.Collect$$libinit$$00000013  c_p.l(libinit2.o)
    0x08000180   0x08000180   0x00000000   Code   RO         5123    .ARM.Collect$$libinit$$00000015  c_p.l(libinit2.o)
    0x08000180   0x08000180   0x0000000a   Code   RO         5124    .ARM.Collect$$libinit$$00000016  c_p.l(libinit2.o)
    0x0800018a   0x0800018a   0x00000000   Code   RO         5125    .ARM.Collect$$libinit$$00000017  c_p.l(libinit2.o)
    0x0800018a   0x0800018a   0x00000000   Code   RO         5127    .ARM.Collect$$libinit$$00000019  c_p.l(libinit2.o)
    0x0800018a   0x0800018a   0x00000000   Code   RO         5129    .ARM.Collect$$libinit$$0000001B  c_p.l(libinit2.o)
    0x0800018a   0x0800018a   0x00000000   Code   RO         5131    .ARM.Collect$$libinit$$0000001D  c_p.l(libinit2.o)
    0x0800018a   0x0800018a   0x00000000   Code   RO         5133    .ARM.Collect$$libinit$$0000001F  c_p.l(libinit2.o)
    0x0800018a   0x0800018a   0x00000000   Code   RO         5135    .ARM.Collect$$libinit$$00000021  c_p.l(libinit2.o)
    0x0800018a   0x0800018a   0x00000000   Code   RO         5137    .ARM.Collect$$libinit$$00000023  c_p.l(libinit2.o)
    0x0800018a   0x0800018a   0x00000000   Code   RO         5139    .ARM.Collect$$libinit$$00000025  c_p.l(libinit2.o)
    0x0800018a   0x0800018a   0x00000000   Code   RO         5143    .ARM.Collect$$libinit$$0000002C  c_p.l(libinit2.o)
    0x0800018a   0x0800018a   0x00000000   Code   RO         5145    .ARM.Collect$$libinit$$0000002E  c_p.l(libinit2.o)
    0x0800018a   0x0800018a   0x00000000   Code   RO         5147    .ARM.Collect$$libinit$$00000030  c_p.l(libinit2.o)
    0x0800018a   0x0800018a   0x00000000   Code   RO         5149    .ARM.Collect$$libinit$$00000032  c_p.l(libinit2.o)
    0x0800018a   0x0800018a   0x00000002   Code   RO         5150    .ARM.Collect$$libinit$$00000033  c_p.l(libinit2.o)
    0x0800018c   0x0800018c   0x00000002   Code   RO         5232    .ARM.Collect$$libshutdown$$00000000  c_p.l(libshutdown.o)
    0x0800018e   0x0800018e   0x00000000   Code   RO         5266    .ARM.Collect$$libshutdown$$00000002  c_p.l(libshutdown2.o)
    0x0800018e   0x0800018e   0x00000000   Code   RO         5268    .ARM.Collect$$libshutdown$$00000004  c_p.l(libshutdown2.o)
    0x0800018e   0x0800018e   0x00000000   Code   RO         5270    .ARM.Collect$$libshutdown$$00000006  c_p.l(libshutdown2.o)
    0x0800018e   0x0800018e   0x00000000   Code   RO         5273    .ARM.Collect$$libshutdown$$00000009  c_p.l(libshutdown2.o)
    0x0800018e   0x0800018e   0x00000000   Code   RO         5276    .ARM.Collect$$libshutdown$$0000000C  c_p.l(libshutdown2.o)
    0x0800018e   0x0800018e   0x00000000   Code   RO         5278    .ARM.Collect$$libshutdown$$0000000E  c_p.l(libshutdown2.o)
    0x0800018e   0x0800018e   0x00000000   Code   RO         5281    .ARM.Collect$$libshutdown$$00000011  c_p.l(libshutdown2.o)
    0x0800018e   0x0800018e   0x00000002   Code   RO         5282    .ARM.Collect$$libshutdown$$00000012  c_p.l(libshutdown2.o)
    0x08000190   0x08000190   0x00000000   Code   RO         4991    .ARM.Collect$$rtentry$$00000000  c_p.l(__rtentry.o)
    0x08000190   0x08000190   0x00000000   Code   RO         5027    .ARM.Collect$$rtentry$$00000002  c_p.l(__rtentry2.o)
    0x08000190   0x08000190   0x00000006   Code   RO         5039    .ARM.Collect$$rtentry$$00000004  c_p.l(__rtentry4.o)
    0x08000196   0x08000196   0x00000000   Code   RO         5029    .ARM.Collect$$rtentry$$00000009  c_p.l(__rtentry2.o)
    0x08000196   0x08000196   0x00000004   Code   RO         5030    .ARM.Collect$$rtentry$$0000000A  c_p.l(__rtentry2.o)
    0x0800019a   0x0800019a   0x00000000   Code   RO         5032    .ARM.Collect$$rtentry$$0000000C  c_p.l(__rtentry2.o)
    0x0800019a   0x0800019a   0x00000008   Code   RO         5033    .ARM.Collect$$rtentry$$0000000D  c_p.l(__rtentry2.o)
    0x080001a2   0x080001a2   0x00000002   Code   RO         5152    .ARM.Collect$$rtexit$$00000000  c_p.l(rtexit.o)
    0x080001a4   0x080001a4   0x00000000   Code   RO         5185    .ARM.Collect$$rtexit$$00000002  c_p.l(rtexit2.o)
    0x080001a4   0x080001a4   0x00000004   Code   RO         5186    .ARM.Collect$$rtexit$$00000003  c_p.l(rtexit2.o)
    0x080001a8   0x080001a8   0x00000006   Code   RO         5187    .ARM.Collect$$rtexit$$00000004  c_p.l(rtexit2.o)
    0x080001ae   0x080001ae   0x00000002   PAD
    0x080001b0   0x080001b0   0x00000078   Code   RO         4824    .emb_text           port.o
    0x08000228   0x08000228   0x00000038   Code   RO         4967    .emb_text           c_p.l(rt_memcpy.o)
    0x08000260   0x08000260   0x00000038   Code   RO            4    .text               startup_stm32g070xx.o
    0x08000298   0x08000298   0x00000028   Code   RO         4899    .text               c_p.l(noretval__2sprintf.o)
    0x080002c0   0x080002c0   0x0000004e   Code   RO         4903    .text               c_p.l(_printf_pad.o)
    0x0800030e   0x0800030e   0x00000052   Code   RO         4905    .text               c_p.l(_printf_str.o)
    0x08000360   0x08000360   0x0000006c   Code   RO         4907    .text               c_p.l(_printf_dec.o)
    0x080003cc   0x080003cc   0x00000058   Code   RO         4912    .text               c_p.l(_printf_hex_int.o)
    0x08000424   0x08000424   0x00000188   Code   RO         4947    .text               c_p.l(__printf_flags_ss_wp.o)
    0x080005ac   0x080005ac   0x0000001a   Code   RO         4956    .text               c_p.l(atoi.o)
    0x080005c6   0x080005c6   0x00000002   PAD
    0x080005c8   0x080005c8   0x00000010   Code   RO         4958    .text               c_p.l(strtok.o)
    0x080005d8   0x080005d8   0x00000014   Code   RO         4961    .text               c_p.l(strchr.o)
    0x080005ec   0x080005ec   0x00000044   Code   RO         4963    .text               c_p.l(strlen.o)
    0x08000630   0x08000630   0x000000a0   Code   RO         4965    .text               c_p.l(strncmp.o)
    0x080006d0   0x080006d0   0x00000082   Code   RO         4968    .text               c_p.l(rt_memcpy.o)
    0x08000752   0x08000752   0x00000040   Code   RO         4973    .text               c_p.l(rt_memclr.o)
    0x08000792   0x08000792   0x00000002   PAD
    0x08000794   0x08000794   0x0000006c   Code   RO         4975    .text               c_p.l(strncpy.o)
    0x08000800   0x08000800   0x0000015a   Code   RO         4977    .text               c_p.l(aeabi_sdiv.o)
    0x0800095a   0x0800095a   0x00000006   Code   RO         4981    .text               c_p.l(heapauxi.o)
    0x08000960   0x08000960   0x00000008   Code   RO         4999    .text               c_p.l(rt_errno_addr_intlibspace.o)
    0x08000968   0x08000968   0x00000016   Code   RO         5001    .text               c_p.l(_rserrno.o)
    0x0800097e   0x0800097e   0x000000b0   Code   RO         5003    .text               c_p.l(_printf_intcommon.o)
    0x08000a2e   0x08000a2e   0x00000002   PAD
    0x08000a30   0x08000a30   0x00000418   Code   RO         5005    .text               c_p.l(_printf_fp_dec.o)
    0x08000e48   0x08000e48   0x00000030   Code   RO         5007    .text               c_p.l(_printf_char_common.o)
    0x08000e78   0x08000e78   0x0000000a   Code   RO         5009    .text               c_p.l(_sputc.o)
    0x08000e82   0x08000e82   0x0000002e   Code   RO         5011    .text               c_p.l(_printf_char.o)
    0x08000eb0   0x08000eb0   0x000000ac   Code   RO         5014    .text               c_p.l(strtod.o)
    0x08000f5c   0x08000f5c   0x00000070   Code   RO         5016    .text               c_p.l(strtol.o)
    0x08000fcc   0x08000fcc   0x00000048   Code   RO         5018    .text               c_p.l(strtok_int.o)
    0x08001014   0x08001014   0x00000028   Code   RO         5020    .text               c_p.l(rtudiv10.o)
    0x0800103c   0x0800103c   0x00000008   Code   RO         5023    .text               c_p.l(libspace.o)
    0x08001044   0x08001044   0x00000010   Code   RO         5041    .text               c_p.l(rt_ctype_table.o)
    0x08001054   0x08001054   0x00000008   Code   RO         5048    .text               c_p.l(rt_locale_intlibspace.o)
    0x0800105c   0x0800105c   0x0000007a   Code   RO         5050    .text               c_p.l(lludiv10.o)
    0x080010d6   0x080010d6   0x00000012   Code   RO         5052    .text               c_p.l(isspace.o)
    0x080010e8   0x080010e8   0x00000088   Code   RO         5054    .text               c_p.l(_printf_fp_infnan.o)
    0x08001170   0x08001170   0x00000044   Code   RO         5058    .text               c_p.l(_sgetc.o)
    0x080011b4   0x080011b4   0x000000a6   Code   RO         5060    .text               c_p.l(_strtoul.o)
    0x0800125a   0x0800125a   0x00000002   PAD
    0x0800125c   0x0800125c   0x000000d8   Code   RO         5062    .text               c_p.l(bigflt0.o)
    0x08001334   0x08001334   0x00000580   Code   RO         5065    .text               c_p.l(btod.o)
    0x080018b4   0x080018b4   0x00000022   Code   RO         5072    .text               c_p.l(strcspn.o)
    0x080018d6   0x080018d6   0x00000020   Code   RO         5074    .text               c_p.l(strspn.o)
    0x080018f6   0x080018f6   0x0000003e   Code   RO         5082    .text               c_p.l(sys_stackheap_outer.o)
    0x08001934   0x08001934   0x0000001e   Code   RO         5085    .text               c_p.l(_chval.o)
    0x08001952   0x08001952   0x00000002   PAD
    0x08001954   0x08001954   0x00000520   Code   RO         5087    .text               c_p.l(scanf_fp.o)
    0x08001e74   0x08001e74   0x00000010   Code   RO         5092    .text               c_p.l(exit.o)
    0x08001e84   0x08001e84   0x00000088   Code   RO         5098    .text               c_p.l(strcmp.o)
    0x08001f0c   0x08001f0c   0x00000030   Code   RO         5156    .text               c_p.l(llmul.o)
    0x08001f3c   0x08001f3c   0x0000000c   Code   RO         5182    .text               c_p.l(sys_exit.o)
    0x08001f48   0x08001f48   0x00000334   Code   RO         5191    .text               c_p.l(scanf_hexfp.o)
    0x0800227c   0x0800227c   0x0000013c   Code   RO         5193    .text               c_p.l(scanf_infnan.o)
    0x080023b8   0x080023b8   0x0000007c   Code   RO         5203    .text               fz_ps.l(d2f.o)
    0x08002434   0x08002434   0x00000002   Code   RO         5217    .text               c_p.l(use_no_semi.o)
    0x08002436   0x08002436   0x00000000   Code   RO         5219    .text               c_p.l(indicate_semi.o)
    0x08002436   0x08002436   0x00000020   Code   RO         5222    .text               c_p.l(llshl.o)
    0x08002456   0x08002456   0x00000002   PAD
    0x08002458   0x08002458   0x00000090   Code   RO         5233    .text               fz_ps.l(dcmpin.o)
    0x080024e8   0x080024e8   0x00000060   Code   RO         5235    .text               fz_ps.l(dscalbn.o)
    0x08002548   0x08002548   0x0000002e   Code   RO         5283    .text               fz_ps.l(cmpret.o)
    0x08002576   0x08002576   0x00000002   PAD
    0x08002578   0x08002578   0x00000014   Code   RO         5285    .text               fz_ps.l(dnan2.o)
    0x0800258c   0x0800258c   0x0000005e   Code   RO         5309    .text               fz_ps.l(retnan.o)
    0x080025ea   0x080025ea   0x00000002   PAD
    0x080025ec   0x080025ec   0x0000006c   Code   RO          273    i.Callback01        app_freertos.o
    0x08002658   0x08002658   0x00000024   Code   RO          435    i.DMA1_Ch4_7_DMAMUX1_OVR_IRQHandler  stm32g0xx_it.o
    0x0800267c   0x0800267c   0x00000010   Code   RO          436    i.DMA1_Channel1_IRQHandler  stm32g0xx_it.o
    0x0800268c   0x0800268c   0x00000018   Code   RO          437    i.DMA1_Channel2_3_IRQHandler  stm32g0xx_it.o
    0x080026a4   0x080026a4   0x00000030   Code   RO         1239    i.DMA_CalcDMAMUXChannelBaseAndMask  stm32g0xx_hal_dma.o
    0x080026d4   0x080026d4   0x00000028   Code   RO         1240    i.DMA_CalcDMAMUXRequestGenBaseAndMask  stm32g0xx_hal_dma.o
    0x080026fc   0x080026fc   0x00000048   Code   RO         1241    i.DMA_SetConfig     stm32g0xx_hal_dma.o
    0x08002744   0x08002744   0x00000004   Code   RO           12    i.Error_Handler     main.o
    0x08002748   0x08002748   0x00000020   Code   RO         1094    i.FLASH_PageErase   stm32g0xx_hal_flash_ex.o
    0x08002768   0x08002768   0x0000001c   Code   RO          984    i.FLASH_Program_DoubleWord  stm32g0xx_hal_flash.o
    0x08002784   0x08002784   0x00000034   Code   RO          985    i.FLASH_Program_Fast  stm32g0xx_hal_flash.o
    0x080027b8   0x080027b8   0x00000068   Code   RO          986    i.FLASH_WaitForLastOperation  stm32g0xx_hal_flash.o
    0x08002820   0x08002820   0x00000074   Code   RO         1242    i.HAL_DMA_Abort     stm32g0xx_hal_dma.o
    0x08002894   0x08002894   0x0000007c   Code   RO         1243    i.HAL_DMA_Abort_IT  stm32g0xx_hal_dma.o
    0x08002910   0x08002910   0x00000004   Code   RO         1245    i.HAL_DMA_GetError  stm32g0xx_hal_dma.o
    0x08002914   0x08002914   0x000000b8   Code   RO         1247    i.HAL_DMA_IRQHandler  stm32g0xx_hal_dma.o
    0x080029cc   0x080029cc   0x000000a4   Code   RO         1248    i.HAL_DMA_Init      stm32g0xx_hal_dma.o
    0x08002a70   0x08002a70   0x0000008c   Code   RO         1252    i.HAL_DMA_Start_IT  stm32g0xx_hal_dma.o
    0x08002afc   0x08002afc   0x00000024   Code   RO         1712    i.HAL_Delay         stm32g0xx_hal.o
    0x08002b20   0x08002b20   0x00000028   Code   RO          990    i.HAL_FLASH_Lock    stm32g0xx_hal_flash.o
    0x08002b48   0x08002b48   0x00000060   Code   RO          995    i.HAL_FLASH_Program  stm32g0xx_hal_flash.o
    0x08002ba8   0x08002ba8   0x00000028   Code   RO          997    i.HAL_FLASH_Unlock  stm32g0xx_hal_flash.o
    0x08002bd0   0x08002bd0   0x0000015c   Code   RO         1175    i.HAL_GPIO_Init     stm32g0xx_hal_gpio.o
    0x08002d2c   0x08002d2c   0x00000010   Code   RO         1178    i.HAL_GPIO_TogglePin  stm32g0xx_hal_gpio.o
    0x08002d3c   0x08002d3c   0x0000000c   Code   RO         1179    i.HAL_GPIO_WritePin  stm32g0xx_hal_gpio.o
    0x08002d48   0x08002d48   0x0000000c   Code   RO         1716    i.HAL_GetTick       stm32g0xx_hal.o
    0x08002d54   0x08002d54   0x00000010   Code   RO         1722    i.HAL_IncTick       stm32g0xx_hal.o
    0x08002d64   0x08002d64   0x00000028   Code   RO         1723    i.HAL_Init          stm32g0xx_hal.o
    0x08002d8c   0x08002d8c   0x0000009c   Code   RO          527    i.HAL_InitTick      stm32g0xx_hal_timebase_tim.o
    0x08002e28   0x08002e28   0x0000003c   Code   RO          507    i.HAL_MspInit       stm32g0xx_hal_msp.o
    0x08002e64   0x08002e64   0x00000018   Code   RO         1590    i.HAL_NVIC_EnableIRQ  stm32g0xx_hal_cortex.o
    0x08002e7c   0x08002e7c   0x00000008   Code   RO         1594    i.HAL_NVIC_SetPriority  stm32g0xx_hal_cortex.o
    0x08002e84   0x08002e84   0x0000001c   Code   RO         1595    i.HAL_NVIC_SystemReset  stm32g0xx_hal_cortex.o
    0x08002ea0   0x08002ea0   0x0000004c   Code   RO         1473    i.HAL_PWREx_ControlVoltageScaling  stm32g0xx_hal_pwr_ex.o
    0x08002eec   0x08002eec   0x00000160   Code   RO          941    i.HAL_RCCEx_PeriphCLKConfig  stm32g0xx_hal_rcc_ex.o
    0x0800304c   0x0800304c   0x00000158   Code   RO          825    i.HAL_RCC_ClockConfig  stm32g0xx_hal_rcc.o
    0x080031a4   0x080031a4   0x00000038   Code   RO          830    i.HAL_RCC_GetClockConfig  stm32g0xx_hal_rcc.o
    0x080031dc   0x080031dc   0x00000028   Code   RO          833    i.HAL_RCC_GetPCLK1Freq  stm32g0xx_hal_rcc.o
    0x08003204   0x08003204   0x0000008c   Code   RO          835    i.HAL_RCC_GetSysClockFreq  stm32g0xx_hal_rcc.o
    0x08003290   0x08003290   0x000003d8   Code   RO          839    i.HAL_RCC_OscConfig  stm32g0xx_hal_rcc.o
    0x08003668   0x08003668   0x00000014   Code   RO         1732    i.HAL_SYSCFG_StrobeDBattpinsConfig  stm32g0xx_hal.o
    0x0800367c   0x0800367c   0x00000002   Code   RO         2701    i.HAL_TIMEx_Break2Callback  stm32g0xx_hal_tim_ex.o
    0x0800367e   0x0800367e   0x00000002   Code   RO         2702    i.HAL_TIMEx_BreakCallback  stm32g0xx_hal_tim_ex.o
    0x08003680   0x08003680   0x00000002   Code   RO         2703    i.HAL_TIMEx_CommutCallback  stm32g0xx_hal_tim_ex.o
    0x08003682   0x08003682   0x0000004c   Code   RO         1991    i.HAL_TIM_Base_Init  stm32g0xx_hal_tim.o
    0x080036ce   0x080036ce   0x00000002   Code   RO         1993    i.HAL_TIM_Base_MspInit  stm32g0xx_hal_tim.o
    0x080036d0   0x080036d0   0x0000005c   Code   RO         1996    i.HAL_TIM_Base_Start_IT  stm32g0xx_hal_tim.o
    0x0800372c   0x0800372c   0x00000002   Code   RO         2025    i.HAL_TIM_IC_CaptureCallback  stm32g0xx_hal_tim.o
    0x0800372e   0x0800372e   0x00000002   PAD
    0x08003730   0x08003730   0x00000148   Code   RO         2039    i.HAL_TIM_IRQHandler  stm32g0xx_hal_tim.o
    0x08003878   0x08003878   0x00000002   Code   RO         2042    i.HAL_TIM_OC_DelayElapsedCallback  stm32g0xx_hal_tim.o
    0x0800387a   0x0800387a   0x00000002   Code   RO         2069    i.HAL_TIM_PWM_PulseFinishedCallback  stm32g0xx_hal_tim.o
    0x0800387c   0x0800387c   0x00000014   Code   RO           13    i.HAL_TIM_PeriodElapsedCallback  main.o
    0x08003890   0x08003890   0x00000002   Code   RO         2082    i.HAL_TIM_TriggerCallback  stm32g0xx_hal_tim.o
    0x08003892   0x08003892   0x0000003c   Code   RO         3416    i.HAL_UARTEx_DisableFifoMode  stm32g0xx_hal_uart_ex.o
    0x080038ce   0x080038ce   0x00000002   Code   RO         3009    i.HAL_UARTEx_RxEventCallback  stm32g0xx_hal_uart.o
    0x080038d0   0x080038d0   0x00000002   Code   RO         3424    i.HAL_UARTEx_RxFifoFullCallback  stm32g0xx_hal_uart_ex.o
    0x080038d2   0x080038d2   0x00000048   Code   RO         3425    i.HAL_UARTEx_SetRxFifoThreshold  stm32g0xx_hal_uart_ex.o
    0x0800391a   0x0800391a   0x00000046   Code   RO         3426    i.HAL_UARTEx_SetTxFifoThreshold  stm32g0xx_hal_uart_ex.o
    0x08003960   0x08003960   0x00000002   Code   RO         3428    i.HAL_UARTEx_TxFifoEmptyCallback  stm32g0xx_hal_uart_ex.o
    0x08003962   0x08003962   0x00000002   Code   RO         3429    i.HAL_UARTEx_WakeupCallback  stm32g0xx_hal_uart_ex.o
    0x08003964   0x08003964   0x0000009a   Code   RO         3021    i.HAL_UART_DMAStop  stm32g0xx_hal_uart.o
    0x080039fe   0x080039fe   0x00000002   Code   RO         3025    i.HAL_UART_ErrorCallback  stm32g0xx_hal_uart.o
    0x08003a00   0x08003a00   0x000002f0   Code   RO         3028    i.HAL_UART_IRQHandler  stm32g0xx_hal_uart.o
    0x08003cf0   0x08003cf0   0x0000006c   Code   RO         3029    i.HAL_UART_Init     stm32g0xx_hal_uart.o
    0x08003d5c   0x08003d5c   0x0000027c   Code   RO          386    i.HAL_UART_MspInit  usart.o
    0x08003fd8   0x08003fd8   0x00000058   Code   RO         3033    i.HAL_UART_Receive_DMA  stm32g0xx_hal_uart.o
    0x08004030   0x08004030   0x00000002   Code   RO          562    i.HAL_UART_RxCpltCallback  usart_it.o
    0x08004032   0x08004032   0x00000002   Code   RO         3037    i.HAL_UART_RxHalfCpltCallback  stm32g0xx_hal_uart.o
    0x08004034   0x08004034   0x000000ce   Code   RO         3038    i.HAL_UART_Transmit  stm32g0xx_hal_uart.o
    0x08004102   0x08004102   0x00000002   PAD
    0x08004104   0x08004104   0x000000ac   Code   RO         3039    i.HAL_UART_Transmit_DMA  stm32g0xx_hal_uart.o
    0x080041b0   0x080041b0   0x00000002   Code   RO         3041    i.HAL_UART_TxCpltCallback  stm32g0xx_hal_uart.o
    0x080041b2   0x080041b2   0x00000002   Code   RO         3042    i.HAL_UART_TxHalfCpltCallback  stm32g0xx_hal_uart.o
    0x080041b4   0x080041b4   0x00000002   Code   RO          438    i.HardFault_Handler  stm32g0xx_it.o
    0x080041b6   0x080041b6   0x00000002   PAD
    0x080041b8   0x080041b8   0x00000048   Code   RO          339    i.MX_DMA_Init       dma.o
    0x08004200   0x08004200   0x00000068   Code   RO          274    i.MX_FREERTOS_Init  app_freertos.o
    0x08004268   0x08004268   0x000000ac   Code   RO          249    i.MX_GPIO_Init      gpio.o
    0x08004314   0x08004314   0x00000002   Code   RO          359    i.MX_IWDG_Init      iwdg.o
    0x08004316   0x08004316   0x00000002   PAD
    0x08004318   0x08004318   0x00000068   Code   RO          387    i.MX_USART1_UART_Init  usart.o
    0x08004380   0x08004380   0x00000068   Code   RO          388    i.MX_USART2_UART_Init  usart.o
    0x080043e8   0x080043e8   0x0000003c   Code   RO          389    i.MX_USART3_UART_Init  usart.o
    0x08004424   0x08004424   0x00000002   Code   RO          439    i.NMI_Handler       stm32g0xx_it.o
    0x08004426   0x08004426   0x00000002   PAD
    0x08004428   0x08004428   0x000000e4   Code   RO          788    i.ParseCORS         base64.o
    0x0800450c   0x0800450c   0x00000204   Code   RO          695    i.ParseGPGGA        nmea.o
    0x08004710   0x08004710   0x000001ec   Code   RO          696    i.ParseGPRMC        nmea.o
    0x080048fc   0x080048fc   0x000001ec   Code   RO          697    i.ParseGPRMCH       nmea.o
    0x08004ae8   0x08004ae8   0x000000f4   Code   RO          616    i.ParseModules4G    4gmodule.o
    0x08004bdc   0x08004bdc   0x00000002   Code   RO         4825    i.SVC_Handler       port.o
    0x08004bde   0x08004bde   0x00000002   PAD
    0x08004be0   0x08004be0   0x00000060   Code   RO          275    i.StartG431_Task    app_freertos.o
    0x08004c40   0x08004c40   0x000000f4   Code   RO          276    i.StartModule4G_Task  app_freertos.o
    0x08004d34   0x08004d34   0x000000bc   Code   RO          277    i.StartRTK_Task     app_freertos.o
    0x08004df0   0x08004df0   0x00000024   Code   RO         4826    i.SysTick_Handler   port.o
    0x08004e14   0x08004e14   0x0000006e   Code   RO           14    i.SystemClock_Config  main.o
    0x08004e82   0x08004e82   0x00000002   Code   RO         3531    i.SystemInit        system_stm32g0xx.o
    0x08004e84   0x08004e84   0x00000010   Code   RO          440    i.TIM6_IRQHandler   stm32g0xx_it.o
    0x08004e94   0x08004e94   0x00000098   Code   RO         2084    i.TIM_Base_SetConfig  stm32g0xx_hal_tim.o
    0x08004f2c   0x08004f2c   0x00000044   Code   RO         3430    i.UARTEx_SetNbDataToProcess  stm32g0xx_hal_uart_ex.o
    0x08004f70   0x08004f70   0x000000ca   Code   RO         3043    i.UART_AdvFeatureConfig  stm32g0xx_hal_uart.o
    0x0800503a   0x0800503a   0x00000002   PAD
    0x0800503c   0x0800503c   0x000000b8   Code   RO         3044    i.UART_CheckIdleState  stm32g0xx_hal_uart.o
    0x080050f4   0x080050f4   0x00000014   Code   RO         3045    i.UART_DMAAbortOnError  stm32g0xx_hal_uart.o
    0x08005108   0x08005108   0x0000004e   Code   RO         3046    i.UART_DMAError     stm32g0xx_hal_uart.o
    0x08005156   0x08005156   0x0000009c   Code   RO         3047    i.UART_DMAReceiveCplt  stm32g0xx_hal_uart.o
    0x080051f2   0x080051f2   0x00000020   Code   RO         3049    i.UART_DMARxHalfCplt  stm32g0xx_hal_uart.o
    0x08005212   0x08005212   0x0000004c   Code   RO         3051    i.UART_DMATransmitCplt  stm32g0xx_hal_uart.o
    0x0800525e   0x0800525e   0x0000000a   Code   RO         3053    i.UART_DMATxHalfCplt  stm32g0xx_hal_uart.o
    0x08005268   0x08005268   0x00000064   Code   RO         3055    i.UART_EndRxTransfer  stm32g0xx_hal_uart.o
    0x080052cc   0x080052cc   0x0000003c   Code   RO         3056    i.UART_EndTxTransfer  stm32g0xx_hal_uart.o
    0x08005308   0x08005308   0x00000190   Code   RO         3061    i.UART_SetConfig    stm32g0xx_hal_uart.o
    0x08005498   0x08005498   0x000000ac   Code   RO         3062    i.UART_Start_Receive_DMA  stm32g0xx_hal_uart.o
    0x08005544   0x08005544   0x00000090   Code   RO         3068    i.UART_WaitOnFlagUntilTimeout  stm32g0xx_hal_uart.o
    0x080055d4   0x080055d4   0x00000170   Code   RO          585    i.USART1_IDLE_Handler  g431_usart.o
    0x08005744   0x08005744   0x00000014   Code   RO          441    i.USART1_IRQHandler  stm32g0xx_it.o
    0x08005758   0x08005758   0x0000011c   Code   RO          617    i.USART2_IDLE_Handler  4gmodule.o
    0x08005874   0x08005874   0x00000014   Code   RO          442    i.USART2_IRQHandler  stm32g0xx_it.o
    0x08005888   0x08005888   0x00000014   Code   RO          443    i.USART3_4_IRQHandler  stm32g0xx_it.o
    0x0800589c   0x0800589c   0x000000c4   Code   RO          656    i.USART3_IDLE_Handler  rtk.o
    0x08005960   0x08005960   0x00000078   Code   RO          746    i.USER_FLASH_Read   flash.o
    0x080059d8   0x080059d8   0x00000044   Code   RO          747    i.USER_FLASH_Write  flash.o
    0x08005a1c   0x08005a1c   0x00000030   Code   RO         5067    i.__ARM_common_ll_muluu  c_p.l(btod.o)
    0x08005a4c   0x08005a4c   0x0000001a   Code   RO          736    i.__ARM_common_switch8  nmea.o
    0x08005a66   0x08005a66   0x00000002   PAD
    0x08005a68   0x08005a68   0x0000002c   Code   RO         5080    i.__ARM_fpclassify  m_ps.l(fpclassify.o)
    0x08005a94   0x08005a94   0x00000044   Code   RO         1600    i.__NVIC_SetPriority  stm32g0xx_hal_cortex.o
    0x08005ad8   0x08005ad8   0x00000014   Code   RO         5291    i.__mathlib_dbl_overflow  m_ps.l(dunder.o)
    0x08005aec   0x08005aec   0x00000014   Code   RO         5293    i.__mathlib_dbl_underflow  m_ps.l(dunder.o)
    0x08005b00   0x08005b00   0x00000010   Code   RO         5176    i.__mathlib_narrow  m_ps.l(narrow.o)
    0x08005b10   0x08005b10   0x000000c8   Code   RO         5177    i.__mathlib_tofloat  m_ps.l(narrow.o)
    0x08005bd8   0x08005bd8   0x00000014   Code   RO         5238    i.__support_ldexp   m_ps.l(ldexp.o)
    0x08005bec   0x08005bec   0x0000000e   Code   RO         4940    i._is_digit         c_p.l(__printf_wp.o)
    0x08005bfa   0x08005bfa   0x0000002a   Code   RO         4988    i.atof              m_ps.l(atof.o)
    0x08005c24   0x08005c24   0x00000090   Code   RO          789    i.base64_encode     base64.o
    0x08005cb4   0x08005cb4   0x00000234   Code   RO          698    i.copyRMCData       nmea.o
    0x08005ee8   0x08005ee8   0x0000001a   Code   RO          618    i.extractNumber     4gmodule.o
    0x08005f02   0x08005f02   0x00000002   PAD
    0x08005f04   0x08005f04   0x00000038   Code   RO          748    i.flash_page_erase  flash.o
    0x08005f3c   0x08005f3c   0x00000022   Code   RO          749    i.flash_write       flash.o
    0x08005f5e   0x08005f5e   0x00000002   PAD
    0x08005f60   0x08005f60   0x00000058   Code   RO         5210    i.frexp             m_ps.l(frexp.o)
    0x08005fb8   0x08005fb8   0x0000000c   Code   RO         4418    i.inHandlerMode     cmsis_os.o
    0x08005fc4   0x08005fc4   0x00000070   Code   RO         5239    i.ldexp             m_ps.l(ldexp.o)
    0x08006034   0x08006034   0x00000260   Code   RO           15    i.main              main.o
    0x08006294   0x08006294   0x0000000c   Code   RO         4420    i.makeFreeRtosPriority  cmsis_os.o
    0x080062a0   0x080062a0   0x00000010   Code   RO         4422    i.osDelay           cmsis_os.o
    0x080062b0   0x080062b0   0x0000000a   Code   RO         4425    i.osKernelStart     cmsis_os.o
    0x080062ba   0x080062ba   0x0000002e   Code   RO         4459    i.osThreadCreate    cmsis_os.o
    0x080062e8   0x080062e8   0x00000024   Code   RO         4470    i.osTimerCreate     cmsis_os.o
    0x0800630c   0x0800630c   0x00000054   Code   RO         4472    i.osTimerStart      cmsis_os.o
    0x08006360   0x08006360   0x000000f4   Code   RO          657    i.processInfo       rtk.o
    0x08006454   0x08006454   0x00000058   Code   RO         3990    i.prvAddCurrentTaskToDelayedList  tasks.o
    0x080064ac   0x080064ac   0x000000b8   Code   RO         3991    i.prvAddNewTaskToReadyList  tasks.o
    0x08006564   0x08006564   0x00000050   Code   RO         4298    i.prvCheckForValidListAndQueue  timers.o
    0x080065b4   0x080065b4   0x00000026   Code   RO         3688    i.prvCopyDataFromQueue  queue.o
    0x080065da   0x080065da   0x00000070   Code   RO         3689    i.prvCopyDataToQueue  queue.o
    0x0800664a   0x0800664a   0x00000012   Code   RO         3992    i.prvDeleteTCB      tasks.o
    0x0800665c   0x0800665c   0x00000044   Code   RO         4769    i.prvHeapInit       heap_4.o
    0x080066a0   0x080066a0   0x00000048   Code   RO         3993    i.prvIdleTask       tasks.o
    0x080066e8   0x080066e8   0x0000008a   Code   RO         3994    i.prvInitialiseNewTask  tasks.o
    0x08006772   0x08006772   0x00000002   PAD
    0x08006774   0x08006774   0x0000004c   Code   RO         4770    i.prvInsertBlockIntoFreeList  heap_4.o
    0x080067c0   0x080067c0   0x00000038   Code   RO         4299    i.prvInsertTimerInActiveList  timers.o
    0x080067f8   0x080067f8   0x0000001c   Code   RO         3690    i.prvIsQueueEmpty   queue.o
    0x08006814   0x08006814   0x000000dc   Code   RO         4300    i.prvProcessReceivedCommands  timers.o
    0x080068f0   0x080068f0   0x000000a8   Code   RO         4301    i.prvProcessTimerOrBlockTask  timers.o
    0x08006998   0x08006998   0x00000020   Code   RO         3995    i.prvResetNextTaskUnblockTime  tasks.o
    0x080069b8   0x080069b8   0x00000028   Code   RO         4302    i.prvSampleTimeNow  timers.o
    0x080069e0   0x080069e0   0x00000064   Code   RO         4303    i.prvSwitchTimerLists  timers.o
    0x08006a44   0x08006a44   0x00000014   Code   RO         4827    i.prvTaskExitError  port.o
    0x08006a58   0x08006a58   0x00000024   Code   RO         4304    i.prvTimerTask      timers.o
    0x08006a7c   0x08006a7c   0x00000070   Code   RO         3691    i.prvUnlockQueue    queue.o
    0x08006aec   0x08006aec   0x000000b8   Code   RO         4771    i.pvPortMalloc      heap_4.o
    0x08006ba4   0x08006ba4   0x00000020   Code   RO         4828    i.pxPortInitialiseStack  port.o
    0x08006bc4   0x08006bc4   0x00000084   Code   RO          658    i.separateString    rtk.o
    0x08006c48   0x08006c48   0x0000002e   Code   RO          699    i.substring         nmea.o
    0x08006c76   0x08006c76   0x00000026   Code   RO         3651    i.uxListRemove      list.o
    0x08006c9c   0x08006c9c   0x00000016   Code   RO         3652    i.vListInitialise   list.o
    0x08006cb2   0x08006cb2   0x00000006   Code   RO         3653    i.vListInitialiseItem  list.o
    0x08006cb8   0x08006cb8   0x00000030   Code   RO         3654    i.vListInsert       list.o
    0x08006ce8   0x08006ce8   0x00000018   Code   RO         3655    i.vListInsertEnd    list.o
    0x08006d00   0x08006d00   0x00000018   Code   RO         4830    i.vPortEnterCritical  port.o
    0x08006d18   0x08006d18   0x0000001c   Code   RO         4831    i.vPortExitCritical  port.o
    0x08006d34   0x08006d34   0x00000048   Code   RO         4772    i.vPortFree         heap_4.o
    0x08006d7c   0x08006d7c   0x00000028   Code   RO         4832    i.vPortSetupTimerInterrupt  port.o
    0x08006da4   0x08006da4   0x00000018   Code   RO         4833    i.vPortYield        port.o
    0x08006dbc   0x08006dbc   0x00000024   Code   RO         3695    i.vQueueAddToRegistry  queue.o
    0x08006de0   0x08006de0   0x00000044   Code   RO         3698    i.vQueueWaitForMessageRestricted  queue.o
    0x08006e24   0x08006e24   0x00000030   Code   RO         4004    i.vTaskDelay        tasks.o
    0x08006e54   0x08006e54   0x00000010   Code   RO         4007    i.vTaskInternalSetTimeOutState  tasks.o
    0x08006e64   0x08006e64   0x0000000c   Code   RO         4008    i.vTaskMissedYield  tasks.o
    0x08006e70   0x08006e70   0x00000024   Code   RO         4010    i.vTaskPlaceOnEventList  tasks.o
    0x08006e94   0x08006e94   0x00000030   Code   RO         4011    i.vTaskPlaceOnEventListRestricted  tasks.o
    0x08006ec4   0x08006ec4   0x00000054   Code   RO         4018    i.vTaskStartScheduler  tasks.o
    0x08006f18   0x08006f18   0x00000010   Code   RO         4020    i.vTaskSuspendAll   tasks.o
    0x08006f28   0x08006f28   0x00000058   Code   RO         4021    i.vTaskSwitchContext  tasks.o
    0x08006f80   0x08006f80   0x00000030   Code   RO         4834    i.xPortStartScheduler  port.o
    0x08006fb0   0x08006fb0   0x00000036   Code   RO         3700    i.xQueueGenericCreate  queue.o
    0x08006fe6   0x08006fe6   0x0000006c   Code   RO         3701    i.xQueueGenericReset  queue.o
    0x08007052   0x08007052   0x00000118   Code   RO         3702    i.xQueueGenericSend  queue.o
    0x0800716a   0x0800716a   0x0000008e   Code   RO         3703    i.xQueueGenericSendFromISR  queue.o
    0x080071f8   0x080071f8   0x00000102   Code   RO         3709    i.xQueueReceive     queue.o
    0x080072fa   0x080072fa   0x00000002   PAD
    0x080072fc   0x080072fc   0x0000005c   Code   RO         4023    i.xTaskCheckForTimeOut  tasks.o
    0x08007358   0x08007358   0x0000004e   Code   RO         4024    i.xTaskCreate       tasks.o
    0x080073a6   0x080073a6   0x00000002   PAD
    0x080073a8   0x080073a8   0x00000020   Code   RO         4028    i.xTaskGetSchedulerState  tasks.o
    0x080073c8   0x080073c8   0x0000000c   Code   RO         4029    i.xTaskGetTickCount  tasks.o
    0x080073d4   0x080073d4   0x000000bc   Code   RO         4031    i.xTaskIncrementTick  tasks.o
    0x08007490   0x08007490   0x00000068   Code   RO         4034    i.xTaskPriorityDisinherit  tasks.o
    0x080074f8   0x080074f8   0x00000064   Code   RO         4036    i.xTaskRemoveFromEventList  tasks.o
    0x0800755c   0x0800755c   0x000000ac   Code   RO         4037    i.xTaskResumeAll    tasks.o
    0x08007608   0x08007608   0x00000058   Code   RO         4309    i.xTimerCreate      timers.o
    0x08007660   0x08007660   0x00000040   Code   RO         4310    i.xTimerCreateTimerTask  timers.o
    0x080076a0   0x080076a0   0x00000050   Code   RO         4311    i.xTimerGenericCommand  timers.o
    0x080076f0   0x080076f0   0x0000002c   Code   RO         5070    locale$$code        c_p.l(lc_numeric_c.o)
    0x0800771c   0x0800771c   0x0000002c   Code   RO         5090    locale$$code        c_p.l(lc_ctype_c.o)
    0x08007748   0x08007748   0x00000064   Code   RO         5205    x$fpl$deqf          fz_ps.l(deqf.o)
    0x080077ac   0x080077ac   0x00000068   Code   RO         5207    x$fpl$drleqf        fz_ps.l(drlef.o)
    0x08007814   0x08007814   0x00000010   Code   RO         4985    x$fpl$printf1       fz_ps.l(printf1.o)
    0x08007824   0x08007824   0x00000010   Code   RO         5078    x$fpl$scanf1        fz_ps.l(scanf1.o)
    0x08007834   0x08007834   0x00000020   Code   RO         5170    x$fpl$scanf2        fz_ps.l(scanf2.o)
    0x08007854   0x08007854   0x00000000   Code   RO         5022    x$fpl$usenofp       fz_ps.l(usenofp.o)
    0x08007854   0x08007854   0x00000056   Data   RO          278    .constdata          app_freertos.o
    0x080078aa   0x080078aa   0x00000041   Data   RO          791    .constdata          base64.o
    0x080078eb   0x080078eb   0x00000001   PAD
    0x080078ec   0x080078ec   0x00000018   Data   RO         3069    .constdata          stm32g0xx_hal_uart.o
    0x08007904   0x08007904   0x00000010   Data   RO         3431    .constdata          stm32g0xx_hal_uart_ex.o
    0x08007914   0x08007914   0x00000040   Data   RO         3532    .constdata          system_stm32g0xx.o
    0x08007954   0x08007954   0x00000020   Data   RO         3533    .constdata          system_stm32g0xx.o
    0x08007974   0x08007974   0x00000028   Data   RO         4913    .constdata          c_p.l(_printf_hex_int.o)
    0x0800799c   0x0800799c   0x00000011   Data   RO         4948    .constdata          c_p.l(__printf_flags_ss_wp.o)
    0x080079ad   0x080079ad   0x00000003   PAD
    0x080079b0   0x080079b0   0x00000094   Data   RO         5063    .constdata          c_p.l(bigflt0.o)
    0x08007a44   0x08007a44   0x00000025   Data   RO          279    .conststring        app_freertos.o
    0x08007a69   0x08007a69   0x00000003   PAD
    0x08007a6c   0x08007a6c   0x00000020   Data   RO         5311    Region$$Table       anon$$obj.o
    0x08007a8c   0x08007a8c   0x00000008   Data   RO         5164    c$$dinf             fz_ps.l(fpconst.o)
    0x08007a94   0x08007a94   0x00000008   Data   RO         5167    c$$dmax             fz_ps.l(fpconst.o)
    0x08007a9c   0x08007a9c   0x0000001c   Data   RO         5069    locale$$data        c_p.l(lc_numeric_c.o)
    0x08007ab8   0x08007ab8   0x00000110   Data   RO         5089    locale$$data        c_p.l(lc_ctype_c.o)


    Execution Region RW_IRAM1 (Exec base: 0x20000000, Load base: 0x08007bc8, Size: 0x00005300, Max: 0x00009000, ABSOLUTE)

    Exec Addr    Load Addr    Size         Type   Attr      Idx    E Section Name        Object

    0x20000000   0x08007bc8   0x00000005   Data   RW           16    .data               main.o
    0x20000005   0x08007bcd   0x00000001   Data   RW           17    .data               main.o
    0x20000006   0x08007bce   0x00000002   PAD
    0x20000008   0x08007bd0   0x00000010   Data   RW          280    .data               app_freertos.o
    0x20000018   0x08007be0   0x00000002   Data   RW          587    .data               g431_usart.o
    0x2000001a   0x08007be2   0x00000002   Data   RW          620    .data               4gmodule.o
    0x2000001c   0x08007be4   0x0000000c   Data   RW         1735    .data               stm32g0xx_hal.o
    0x20000028   0x08007bf0   0x00000004   Data   RW         3534    .data               system_stm32g0xx.o
    0x2000002c   0x08007bf4   0x0000003c   Data   RW         4040    .data               tasks.o
    0x20000068   0x08007c30   0x00000014   Data   RW         4317    .data               timers.o
    0x2000007c   0x08007c44   0x00000020   Data   RW         4778    .data               heap_4.o
    0x2000009c   0x08007c64   0x00000004   Data   RW         4835    .data               port.o
    0x200000a0   0x08007c68   0x00000004   Data   RW         4959    .data               c_p.l(strtok.o)
    0x200000a4        -       0x000003e4   Zero   RW          390    .bss                usart.o
    0x20000488        -       0x0000004c   Zero   RW          530    .bss                stm32g0xx_hal_timebase_tim.o
    0x200004d4        -       0x00000191   Zero   RW          586    .bss                g431_usart.o
    0x20000665        -       0x000001a0   Zero   RW          619    .bss                4gmodule.o
    0x20000805   0x08007c6c   0x00000001   PAD
    0x20000806        -       0x00000322   Zero   RW          659    .bss                rtk.o
    0x20000b28        -       0x0000026c   Zero   RW          700    .bss                nmea.o
    0x20000d94        -       0x00000064   Zero   RW          750    .bss                flash.o
    0x20000df8        -       0x0000012f   Zero   RW          790    .bss                base64.o
    0x20000f27   0x08007c6c   0x00000001   PAD
    0x20000f28        -       0x0000001c   Zero   RW          998    .bss                stm32g0xx_hal_flash.o
    0x20000f44        -       0x00000040   Zero   RW         3712    .bss                queue.o
    0x20000f84        -       0x000000f0   Zero   RW         4039    .bss                tasks.o
    0x20001074        -       0x00000028   Zero   RW         4316    .bss                timers.o
    0x2000109c        -       0x00003200   Zero   RW         4777    .bss                heap_4.o
    0x2000429c        -       0x00000060   Zero   RW         5024    .bss                c_p.l(libspace.o)
    0x200042fc   0x08007c6c   0x00000004   PAD
    0x20004300        -       0x00000800   Zero   RW            2    HEAP                startup_stm32g070xx.o
    0x20004b00        -       0x00000800   Zero   RW            1    STACK               startup_stm32g070xx.o


==============================================================================

Image component sizes


      Code (inc. data)   RO Data    RW Data    ZI Data      Debug   Object Name

       554         30          0          2        416       3982   4gmodule.o
       740        124        123         16          0       5845   app_freertos.o
       372         28         65          0        303       3311   base64.o
       216         10          0          0          0      11756   cmsis_os.o
        72          4          0          0          0        730   dma.o
         0          0          0          0          0       2468   event_groups.o
       278         32          0          0        100       3114   flash.o
       368         72          0          2        401       1563   g431_usart.o
       172         14          0          0          0        927   gpio.o
       400         22          0         32      12800       4195   heap_4.o
         2          0          0          0          0        387   iwdg.o
       138          0          0          0          0       3286   list.o
       742        102          0          6          0     442058   main.o
      2136         96          0          0        620       7641   nmea.o
       374         56          0          4          0       7215   port.o
      1236          4          0          0         64      14538   queue.o
       572         20          0          0        802       3752   rtk.o
        56         26        184          0       4096        624   startup_stm32g070xx.o
       124         22          0         12          0      16113   stm32g0xx_hal.o
       128         24          0          0          0      11855   stm32g0xx_hal_cortex.o
       892         42          0          0          0       6649   stm32g0xx_hal_dma.o
       360         56          0          0         28      16762   stm32g0xx_hal_flash.o
        32         12          0          0          0       1394   stm32g0xx_hal_flash_ex.o
       376         18          0          0          0       2481   stm32g0xx_hal_gpio.o
        60          4          0          0          0        810   stm32g0xx_hal_msp.o
        76         14          0          0          0        726   stm32g0xx_hal_pwr_ex.o
      1564         96          0          0          0      21210   stm32g0xx_hal_rcc.o
       352         14          0          0          0       1612   stm32g0xx_hal_rcc_ex.o
       658         54          0          0          0       6888   stm32g0xx_hal_tim.o
         6          0          0          0          0       2072   stm32g0xx_hal_tim_ex.o
       156         26          0          0         76       1427   stm32g0xx_hal_timebase_tim.o
      3124         92         24          0          0      42779   stm32g0xx_hal_uart.o
       276          6         16          0          0       5066   stm32g0xx_hal_uart_ex.o
       156         52          0          0          0       4014   stm32g0xx_it.o
         2          0         96          4          0       1075   system_stm32g0xx.o
      1658        138          0         60        240      22344   tasks.o
       932         80          0         20         40      12178   timers.o
       904         60          0          0        996       3566   usart.o
         2          0          0          0          0        714   usart_it.o

    ----------------------------------------------------------------------
     20292       1450        544        160      20984     699127   Object Totals
         0          0         32          0          0          0   (incl. Generated)
        26          0          4          2          2          0   (incl. Padding)

    ----------------------------------------------------------------------

      Code (inc. data)   RO Data    RW Data    ZI Data      Debug   Library Member Name

         8          0          0          0          0         68   __main.o
       392          6         17          0          0         76   __printf_flags_ss_wp.o
        14          0          0          0          0         60   __printf_wp.o
         0          0          0          0          0          0   __rtentry.o
        12          0          0          0          0          0   __rtentry2.o
         6          0          0          0          0          0   __rtentry4.o
        60          8          0          0          0          0   __scatter.o
        26          0          0          0          0          0   __scatter_copy.o
        28          0          0          0          0          0   __scatter_zi.o
        30          0          0          0          0         60   _chval.o
        10          0          0          0          0          0   _printf_c.o
        46          0          0          0          0        100   _printf_char.o
        48          6          0          0          0         88   _printf_char_common.o
        10          0          0          0          0          0   _printf_d.o
       108         18          0          0          0         76   _printf_dec.o
        10          0          0          0          0          0   _printf_f.o
      1048         14          0          0          0        176   _printf_fp_dec.o
       136         16          0          0          0         76   _printf_fp_infnan.o
        88          4         40          0          0         72   _printf_hex_int.o
       176          0          0          0          0         84   _printf_intcommon.o
        78          0          0          0          0        100   _printf_pad.o
         2          0          0          0          0          0   _printf_percent.o
         4          0          0          0          0          0   _printf_percent_end.o
        10          0          0          0          0          0   _printf_s.o
        82          0          0          0          0         72   _printf_str.o
        10          0          0          0          0          0   _printf_x.o
        22          0          0          0          0         92   _rserrno.o
        68          0          0          0          0         76   _sgetc.o
        10          0          0          0          0         60   _sputc.o
       166          0          0          0          0         84   _strtoul.o
       346          0          0          0          0         92   aeabi_sdiv.o
        26          0          0          0          0         72   atoi.o
       216          6        148          0          0         80   bigflt0.o
      1456         30          0          0          0        336   btod.o
        16          0          0          0          0         68   exit.o
         6          0          0          0          0        136   heapauxi.o
         0          0          0          0          0          0   indicate_semi.o
        18          0          0          0          0         68   isspace.o
        44         10        272          0          0         76   lc_ctype_c.o
        44         10         28          0          0         76   lc_numeric_c.o
         2          0          0          0          0          0   libinit.o
        30          0          0          0          0          0   libinit2.o
         2          0          0          0          0          0   libshutdown.o
         2          0          0          0          0          0   libshutdown2.o
         8          4          0          0         96         68   libspace.o
        48          0          0          0          0         72   llmul.o
        32          0          0          0          0         68   llshl.o
       122          0          0          0          0         72   lludiv10.o
        40          4          0          0          0         84   noretval__2sprintf.o
        16          4          0          0          0         76   rt_ctype_table.o
         8          4          0          0          0         68   rt_errno_addr_intlibspace.o
         8          4          0          0          0         68   rt_locale_intlibspace.o
        64          0          0          0          0        108   rt_memclr.o
       186          0          0          0          0        144   rt_memcpy.o
         2          0          0          0          0          0   rtexit.o
        10          0          0          0          0          0   rtexit2.o
        40          0          0          0          0         60   rtudiv10.o
      1312         24          0          0          0        124   scanf_fp.o
       820         14          0          0          0         84   scanf_hexfp.o
       316         16          0          0          0         84   scanf_infnan.o
        20          0          0          0          0         60   strchr.o
       136          4          0          0          0         72   strcmp.o
        34          0          0          0          0         72   strcspn.o
        68          6          0          0          0         72   strlen.o
       160          6          0          0          0         76   strncmp.o
       108          4          0          0          0         76   strncpy.o
        32          0          0          0          0         72   strspn.o
       172         18          0          0          0        120   strtod.o
        16          6          0          4          0         68   strtok.o
        72          6          0          0          0         76   strtok_int.o
       112          4          0          0          0         76   strtol.o
        12          4          0          0          0         60   sys_exit.o
        62          0          0          0          0         80   sys_stackheap_outer.o
         2          0          0          0          0         68   use_no_semi.o
        46          0          0          0          0         60   cmpret.o
       124          4          0          0          0         72   d2f.o
       144          4          0          0          0         76   dcmpin.o
       100          4          0          0          0         92   deqf.o
        20          6          0          0          0         68   dnan2.o
       104          4          0          0          0        104   drlef.o
        96         12          0          0          0         72   dscalbn.o
         0          0         16          0          0          0   fpconst.o
        16          4          0          0          0         76   printf1.o
        94          0          0          0          0         68   retnan.o
        16          4          0          0          0         76   scanf1.o
        32          8          0          0          0        100   scanf2.o
         0          0          0          0          0          0   usenofp.o
        42          0          0          0          0         76   atof.o
        40         10          0          0          0        136   dunder.o
        44          4          0          0          0         60   fpclassify.o
        88         16          0          0          0         72   frexp.o
       132          0          0          0          0        140   ldexp.o
       216         10          0          0          0        144   narrow.o

    ----------------------------------------------------------------------
     10328        350        524          4        100       6144   Library Totals
        20          0          3          0          4          0   (incl. Padding)

    ----------------------------------------------------------------------

      Code (inc. data)   RO Data    RW Data    ZI Data      Debug   Library Name

      8954        260        505          4         96       4652   c_p.l
       792         50         16          0          0        864   fz_ps.l
       562         40          0          0          0        628   m_ps.l

    ----------------------------------------------------------------------
     10328        350        524          4        100       6144   Library Totals

    ----------------------------------------------------------------------

==============================================================================


      Code (inc. data)   RO Data    RW Data    ZI Data      Debug   

     30620       1800       1068        164      21084     693591   Grand Totals
     30620       1800       1068        164      21084     693591   ELF Image Totals
     30620       1800       1068        164          0          0   ROM Totals

==============================================================================

    Total RO  Size (Code + RO Data)                31688 (  30.95kB)
    Total RW  Size (RW Data + ZI Data)             21248 (  20.75kB)
    Total ROM Size (Code + RO Data + RW Data)      31852 (  31.11kB)

==============================================================================

