Component: ARM Compiler 5.06 update 7 (build 960) Tool: armlink [4d3601]

==============================================================================

Section Cross References

    startup_stm32g070xx.o(STACK) refers (Special) to heapauxi.o(.text) for __use_two_region_memory
    startup_stm32g070xx.o(HEAP) refers (Special) to heapauxi.o(.text) for __use_two_region_memory
    startup_stm32g070xx.o(RESET) refers (Special) to heapauxi.o(.text) for __use_two_region_memory
    startup_stm32g070xx.o(RESET) refers to startup_stm32g070xx.o(STACK) for __initial_sp
    startup_stm32g070xx.o(RESET) refers to startup_stm32g070xx.o(.text) for Reset_Handler
    startup_stm32g070xx.o(RESET) refers to stm32g0xx_it.o(i.NMI_Handler) for NMI_Handler
    startup_stm32g070xx.o(RESET) refers to stm32g0xx_it.o(i.HardFault_Handler) for HardFault_Handler
    startup_stm32g070xx.o(RESET) refers to port.o(i.SVC_Handler) for SVC_Handler
    startup_stm32g070xx.o(RESET) refers to port.o(.emb_text) for PendSV_Handler
    startup_stm32g070xx.o(RESET) refers to port.o(i.SysTick_Handler) for SysTick_Handler
    startup_stm32g070xx.o(RESET) refers to stm32g0xx_it.o(i.DMA1_Channel1_IRQHandler) for DMA1_Channel1_IRQHandler
    startup_stm32g070xx.o(RESET) refers to stm32g0xx_it.o(i.DMA1_Channel2_3_IRQHandler) for DMA1_Channel2_3_IRQHandler
    startup_stm32g070xx.o(RESET) refers to stm32g0xx_it.o(i.DMA1_Ch4_7_DMAMUX1_OVR_IRQHandler) for DMA1_Ch4_7_DMAMUX1_OVR_IRQHandler
    startup_stm32g070xx.o(RESET) refers to stm32g0xx_it.o(i.TIM6_IRQHandler) for TIM6_IRQHandler
    startup_stm32g070xx.o(RESET) refers to stm32g0xx_it.o(i.USART1_IRQHandler) for USART1_IRQHandler
    startup_stm32g070xx.o(RESET) refers to stm32g0xx_it.o(i.USART2_IRQHandler) for USART2_IRQHandler
    startup_stm32g070xx.o(RESET) refers to stm32g0xx_it.o(i.USART3_4_IRQHandler) for USART3_4_IRQHandler
    startup_stm32g070xx.o(.text) refers (Special) to heapauxi.o(.text) for __use_two_region_memory
    startup_stm32g070xx.o(.text) refers to system_stm32g0xx.o(i.SystemInit) for SystemInit
    startup_stm32g070xx.o(.text) refers to __main.o(!!!main) for __main
    startup_stm32g070xx.o(.text) refers to startup_stm32g070xx.o(HEAP) for Heap_Mem
    startup_stm32g070xx.o(.text) refers to startup_stm32g070xx.o(STACK) for Stack_Mem
    main.o(i.HAL_TIM_PeriodElapsedCallback) refers to stm32g0xx_hal.o(i.HAL_IncTick) for HAL_IncTick
    main.o(i.SystemClock_Config) refers to rt_memclr.o(.text) for __aeabi_memclr4
    main.o(i.SystemClock_Config) refers to stm32g0xx_hal_pwr_ex.o(i.HAL_PWREx_ControlVoltageScaling) for HAL_PWREx_ControlVoltageScaling
    main.o(i.SystemClock_Config) refers to stm32g0xx_hal_rcc.o(i.HAL_RCC_OscConfig) for HAL_RCC_OscConfig
    main.o(i.SystemClock_Config) refers to stm32g0xx_hal_rcc.o(i.HAL_RCC_ClockConfig) for HAL_RCC_ClockConfig
    main.o(i.main) refers to _printf_percent.o(.ARM.Collect$$_printf_percent$$00000000) for _printf_percent
    main.o(i.main) refers to _printf_s.o(.ARM.Collect$$_printf_percent$$00000014) for _printf_s
    main.o(i.main) refers to _printf_str.o(.text) for _printf_str
    main.o(i.main) refers to _printf_d.o(.ARM.Collect$$_printf_percent$$00000009) for _printf_d
    main.o(i.main) refers to _printf_c.o(.ARM.Collect$$_printf_percent$$00000013) for _printf_c
    main.o(i.main) refers to _printf_dec.o(.text) for _printf_int_dec
    main.o(i.main) refers to stm32g0xx_hal.o(i.HAL_Init) for HAL_Init
    main.o(i.main) refers to main.o(i.SystemClock_Config) for SystemClock_Config
    main.o(i.main) refers to gpio.o(i.MX_GPIO_Init) for MX_GPIO_Init
    main.o(i.main) refers to dma.o(i.MX_DMA_Init) for MX_DMA_Init
    main.o(i.main) refers to usart.o(i.MX_USART1_UART_Init) for MX_USART1_UART_Init
    main.o(i.main) refers to usart.o(i.MX_USART2_UART_Init) for MX_USART2_UART_Init
    main.o(i.main) refers to usart.o(i.MX_USART3_UART_Init) for MX_USART3_UART_Init
    main.o(i.main) refers to iwdg.o(i.MX_IWDG_Init) for MX_IWDG_Init
    main.o(i.main) refers to stm32g0xx_hal_uart.o(i.HAL_UART_Receive_DMA) for HAL_UART_Receive_DMA
    main.o(i.main) refers to stm32g0xx_hal_gpio.o(i.HAL_GPIO_WritePin) for HAL_GPIO_WritePin
    main.o(i.main) refers to noretval__2sprintf.o(.text) for __2sprintf
    main.o(i.main) refers to strlen.o(.text) for strlen
    main.o(i.main) refers to stm32g0xx_hal_uart.o(i.HAL_UART_Transmit) for HAL_UART_Transmit
    main.o(i.main) refers to flash.o(i.USER_FLASH_Read) for USER_FLASH_Read
    main.o(i.main) refers to base64.o(i.ParseCORS) for ParseCORS
    main.o(i.main) refers to base64.o(i.base64_encode) for base64_encode
    main.o(i.main) refers to stm32g0xx_hal.o(i.HAL_Delay) for HAL_Delay
    main.o(i.main) refers to app_freertos.o(i.MX_FREERTOS_Init) for MX_FREERTOS_Init
    main.o(i.main) refers to cmsis_os.o(i.osKernelStart) for osKernelStart
    main.o(i.main) refers to usart.o(.bss) for huart2
    main.o(i.main) refers to 4gmodule.o(.bss) for USART2_RxStruct
[...]
    __rt_lib_init_lc_numeric_2               0x08000177   Thumb Code     0  libinit2.o(.ARM.Collect$$libinit$$00000016)
    __rt_lib_init_alloca_1                   0x08000181   Thumb Code     0  libinit2.o(.ARM.Collect$$libinit$$0000002E)
    __rt_lib_init_argv_1                     0x08000181   Thumb Code     0  libinit2.o(.ARM.Collect$$libinit$$0000002C)
    __rt_lib_init_atexit_1                   0x08000181   Thumb Code     0  libinit2.o(.ARM.Collect$$libinit$$0000001B)
    __rt_lib_init_clock_1                    0x08000181   Thumb Code     0  libinit2.o(.ARM.Collect$$libinit$$00000021)
    __rt_lib_init_cpp_1                      0x08000181   Thumb Code     0  libinit2.o(.ARM.Collect$$libinit$$00000032)
    __rt_lib_init_exceptions_1               0x08000181   Thumb Code     0  libinit2.o(.ARM.Collect$$libinit$$00000030)
    __rt_lib_init_fp_trap_1                  0x08000181   Thumb Code     0  libinit2.o(.ARM.Collect$$libinit$$0000001F)
    __rt_lib_init_getenv_1                   0x08000181   Thumb Code     0  libinit2.o(.ARM.Collect$$libinit$$00000023)
    __rt_lib_init_lc_numeric_1               0x08000181   Thumb Code     0  libinit2.o(.ARM.Collect$$libinit$$00000017)
    __rt_lib_init_lc_time_1                  0x08000181   Thumb Code     0  libinit2.o(.ARM.Collect$$libinit$$00000019)
    __rt_lib_init_return                     0x08000181   Thumb Code     0  libinit2.o(.ARM.Collect$$libinit$$00000033)
    __rt_lib_init_signal_1                   0x08000181   Thumb Code     0  libinit2.o(.ARM.Collect$$libinit$$0000001D)
    __rt_lib_init_stdio_1                    0x08000181   Thumb Code     0  libinit2.o(.ARM.Collect$$libinit$$00000025)
    __rt_lib_shutdown                        0x08000183   Thumb Code     0  libshutdown.o(.ARM.Collect$$libshutdown$$00000000)
    __rt_lib_shutdown_cpp_1                  0x08000185   Thumb Code     0  libshutdown2.o(.ARM.Collect$$libshutdown$$00000004)
    __rt_lib_shutdown_fini_1                 0x08000185   Thumb Code     0  libshutdown2.o(.ARM.Collect$$libshutdown$$00000002)
    __rt_lib_shutdown_fp_trap_1              0x08000185   Thumb Code     0  libshutdown2.o(.ARM.Collect$$libshutdown$$00000009)
    __rt_lib_shutdown_heap_1                 0x08000185   Thumb Code     0  libshutdown2.o(.ARM.Collect$$libshutdown$$00000011)
    __rt_lib_shutdown_return                 0x08000185   Thumb Code     0  libshutdown2.o(.ARM.Collect$$libshutdown$$00000012)
    __rt_lib_shutdown_signal_1               0x08000185   Thumb Code     0  libshutdown2.o(.ARM.Collect$$libshutdown$$0000000C)
    __rt_lib_shutdown_stdio_1                0x08000185   Thumb Code     0  libshutdown2.o(.ARM.Collect$$libshutdown$$00000006)
    __rt_lib_shutdown_user_alloc_1           0x08000185   Thumb Code     0  libshutdown2.o(.ARM.Collect$$libshutdown$$0000000E)
    __rt_entry                               0x08000187   Thumb Code     0  __rtentry.o(.ARM.Collect$$rtentry$$00000000)
    __rt_entry_presh_1                       0x08000187   Thumb Code     0  __rtentry2.o(.ARM.Collect$$rtentry$$00000002)
    __rt_entry_sh                            0x08000187   Thumb Code     0  __rtentry4.o(.ARM.Collect$$rtentry$$00000004)
    __rt_entry_li                            0x0800018d   Thumb Code     0  __rtentry2.o(.ARM.Collect$$rtentry$$0000000A)
    __rt_entry_postsh_1                      0x0800018d   Thumb Code     0  __rtentry2.o(.ARM.Collect$$rtentry$$00000009)
    __rt_entry_main                          0x08000191   Thumb Code     0  __rtentry2.o(.ARM.Collect$$rtentry$$0000000D)
    __rt_entry_postli_1                      0x08000191   Thumb Code     0  __rtentry2.o(.ARM.Collect$$rtentry$$0000000C)
    __rt_exit                                0x08000199   Thumb Code     0  rtexit.o(.ARM.Collect$$rtexit$$00000000)
    __rt_exit_ls                             0x0800019b   Thumb Code     0  rtexit2.o(.ARM.Collect$$rtexit$$00000003)
    __rt_exit_prels_1                        0x0800019b   Thumb Code     0  rtexit2.o(.ARM.Collect$$rtexit$$00000002)
    __rt_exit_exit                           0x0800019f   Thumb Code     0  rtexit2.o(.ARM.Collect$$rtexit$$00000004)
    __asm___6_port_c_39a90d8d__prvPortStartFirstTask 0x080001a5   Thumb Code    36  port.o(.emb_text)
    ulSetInterruptMaskFromISR                0x080001cd   Thumb Code     8  port.o(.emb_text)
    vClearInterruptMaskFromISR               0x080001d5   Thumb Code     6  port.o(.emb_text)
    PendSV_Handler                           0x080001db   Thumb Code    62  port.o(.emb_text)
    __aeabi_memcpy4                          0x0800021d   Thumb Code    56  rt_memcpy.o(.emb_text)
    __aeabi_memcpy8                          0x0800021d   Thumb Code     0  rt_memcpy.o(.emb_text)
    Reset_Handler                            0x08000255   Thumb Code     8  startup_stm32g070xx.o(.text)
    ADC1_IRQHandler                          0x08000267   Thumb Code     0  startup_stm32g070xx.o(.text)
    EXTI0_1_IRQHandler                       0x08000267   Thumb Code     0  startup_stm32g070xx.o(.text)
    EXTI2_3_IRQHandler                       0x08000267   Thumb Code     0  startup_stm32g070xx.o(.text)
    EXTI4_15_IRQHandler                      0x08000267   Thumb Code     0  startup_stm32g070xx.o(.text)
    FLASH_IRQHandler                         0x08000267   Thumb Code     0  startup_stm32g070xx.o(.text)
    I2C1_IRQHandler                          0x08000267   Thumb Code     0  startup_stm32g070xx.o(.text)
    I2C2_IRQHandler                          0x08000267   Thumb Code     0  startup_stm32g070xx.o(.text)
    RCC_IRQHandler                           0x08000267   Thumb Code     0  startup_stm32g070xx.o(.text)
    RTC_TAMP_IRQHandler                      0x08000267   Thumb Code     0  startup_stm32g070xx.o(.text)
    SPI1_IRQHandler                          0x08000267   Thumb Code     0  startup_stm32g070xx.o(.text)
    SPI2_IRQHandler                          0x08000267   Thumb Code     0  startup_stm32g070xx.o(.text)
    TIM14_IRQHandler                         0x08000267   Thumb Code     0  startup_stm32g070xx.o(.text)
    TIM15_IRQHandler                         0x08000267   Thumb Code     0  startup_stm32g070xx.o(.text)
    TIM16_IRQHandler                         0x08000267   Thumb Code     0  startup_stm32g070xx.o(.text)
    TIM17_IRQHandler                         0x08000267   Thumb Code     0  startup_stm32g070xx.o(.text)
    TIM1_BRK_UP_TRG_COM_IRQHandler           0x08000267   Thumb Code     0  startup_stm32g070xx.o(.text)
    TIM1_CC_IRQHandler                       0x08000267   Thumb Code     0  startup_stm32g070xx.o(.text)
    TIM3_IRQHandler                          0x08000267   Thumb Code     0  startup_stm32g070xx.o(.text)
    TIM7_IRQHandler                          0x08000267   Thumb Code     0  startup_stm32g070xx.o(.text)
    WWDG_IRQHandler                          0x08000267   Thumb Code     0  startup_stm32g070xx.o(.text)
    __user_initial_stackheap                 0x08000269   Thumb Code     0  startup_stm32g070xx.o(.text)
    __2sprintf                               0x0800028d   Thumb Code    36  noretval__2sprintf.o(.text)
    _printf_pre_padding                      0x080002b5   Thumb Code    44  _printf_pad.o(.text)
    _printf_post_padding                     0x080002e1   Thumb Code    34  _printf_pad.o(.text)
    _printf_str                              0x08000303   Thumb Code    82  _printf_str.o(.text)
    _printf_int_dec                          0x08000355   Thumb Code    90  _printf_dec.o(.text)
    _printf_int_hex                          0x080003c1   Thumb Code    84  _printf_hex_int.o(.text)
    _printf_longlong_hex                     0x080003c1   Thumb Code     0  _printf_hex_int.o(.text)
    __printf                                 0x08000419   Thumb Code   306  __printf_flags_wp.o(.text)
    atoi                                     0x08000551   Thumb Code    26  atoi.o(.text)
    strtok                                   0x0800056d   Thumb Code    10  strtok.o(.text)
    strchr                                   0x0800057d   Thumb Code    20  strchr.o(.text)
    strlen                                   0x08000591   Thumb Code    62  strlen.o(.text)
    strncmp                                  0x080005d5   Thumb Code   154  strncmp.o(.text)
    __aeabi_memcpy                           0x08000675   Thumb Code   130  rt_memcpy.o(.text)
    __rt_memcpy                              0x08000675   Thumb Code     0  rt_memcpy.o(.text)
    __aeabi_memmove4                         0x080006f7   Thumb Code    70  rt_memmove.o(.text)
    __aeabi_memmove8                         0x080006f7   Thumb Code     0  rt_memmove.o(.text)
    __aeabi_memmove                          0x0800073d   Thumb Code    80  rt_memmove.o(.text)
    __rt_memmove                             0x0800073d   Thumb Code     0  rt_memmove.o(.text)
    _memset_w                                0x0800078d   Thumb Code    26  rt_memclr.o(.text)
    _memset                                  0x080007a7   Thumb Code    30  rt_memclr.o(.text)
    __aeabi_memclr                           0x080007c5   Thumb Code     4  rt_memclr.o(.text)
    __rt_memclr                              0x080007c5   Thumb Code     0  rt_memclr.o(.text)
    __aeabi_memclr4                          0x080007c9   Thumb Code     0  rt_memclr.o(.text)
    __aeabi_memclr8                          0x080007c9   Thumb Code     0  rt_memclr.o(.text)
    __rt_memclr_w                            0x080007c9   Thumb Code     4  rt_memclr.o(.text)
    strncpy                                  0x080007cd   Thumb Code   104  strncpy.o(.text)
    __aeabi_uidiv                            0x08000839   Thumb Code     0  aeabi_sdiv.o(.text)
    __aeabi_uidivmod                         0x08000839   Thumb Code    20  aeabi_sdiv.o(.text)
    __aeabi_idiv                             0x0800084d   Thumb Code     0  aeabi_sdiv.o(.text)
    __aeabi_idivmod                          0x0800084d   Thumb Code   326  aeabi_sdiv.o(.text)
    __use_two_region_memory                  0x08000993   Thumb Code     2  heapauxi.o(.text)
    __rt_heap_escrow$2region                 0x08000995   Thumb Code     2  heapauxi.o(.text)
    __rt_heap_expand$2region                 0x08000997   Thumb Code     2  heapauxi.o(.text)
    __aeabi_errno_addr                       0x08000999   Thumb Code     8  rt_errno_addr_intlibspace.o(.text)
    __errno$intlibspace                      0x08000999   Thumb Code     0  rt_errno_addr_intlibspace.o(.text)
    __rt_errno_addr$intlibspace              0x08000999   Thumb Code     0  rt_errno_addr_intlibspace.o(.text)
    __read_errno                             0x080009a1   Thumb Code    10  _rserrno.o(.text)
    __set_errno                              0x080009ab   Thumb Code    12  _rserrno.o(.text)
    _printf_int_common                       0x080009b7   Thumb Code   176  _printf_intcommon.o(.text)
    _printf_char_common                      0x08000a73   Thumb Code    32  _printf_char_common.o(.text)
    _sputc                                   0x08000a99   Thumb Code    10  _sputc.o(.text)
    _printf_cs_common                        0x08000aa3   Thumb Code    22  _printf_char.o(.text)
    _printf_char                             0x08000ab9   Thumb Code    16  _printf_char.o(.text)
    _printf_string                           0x08000ac9   Thumb Code     8  _printf_char.o(.text)
    __strtod_int                             0x08000b0d   Thumb Code    94  strtod.o(.text)
    strtol                                   0x08000b7d   Thumb Code   108  strtol.o(.text)
    __strtok_internal                        0x08000bed   Thumb Code    66  strtok_int.o(.text)
    __rt_udiv10                              0x08000c35   Thumb Code    40  rtudiv10.o(.text)
    __user_libspace                          0x08000c5d   Thumb Code     8  libspace.o(.text)
    __user_perproc_libspace                  0x08000c5d   Thumb Code     0  libspace.o(.text)
    __user_perthread_libspace                0x08000c5d   Thumb Code     0  libspace.o(.text)
    __rt_ctype_table                         0x08000c65   Thumb Code    16  rt_ctype_table.o(.text)
    isspace                                  0x08000c75   Thumb Code    18  isspace.o(.text)
    _sgetc                                   0x08000c87   Thumb Code    32  _sgetc.o(.text)
    _sbackspace                              0x08000ca7   Thumb Code    36  _sgetc.o(.text)
    _strtoul                                 0x08000ccb   Thumb Code   166  _strtoul.o(.text)
    strcspn                                  0x08000d71   Thumb Code    34  strcspn.o(.text)
    strspn                                   0x08000d93   Thumb Code    32  strspn.o(.text)
    __user_setup_stackheap                   0x08000db3   Thumb Code    62  sys_stackheap_outer.o(.text)
    __rt_locale                              0x08000df1   Thumb Code     8  rt_locale_intlibspace.o(.text)
    _chval                                   0x08000df9   Thumb Code    30  _chval.o(.text)
    _scanf_really_real                       0x08001073   Thumb Code   710  scanf_fp.o(.text)
    exit                                     0x08001339   Thumb Code    16  exit.o(.text)
    strcmp                                   0x08001349   Thumb Code   132  strcmp.o(.text)
    __aeabi_lmul                             0x080013d1   Thumb Code    48  llmul.o(.text)
    _ll_mul                                  0x080013d1   Thumb Code     0  llmul.o(.text)
    _btod_etento                             0x08001401   Thumb Code   210  bigflt0.o(.text)
    _btod_d2e                                0x080014d9   Thumb Code    64  btod.o(.text)
    _btod_emul                               0x0800190d   Thumb Code    28  btod.o(.text)
    _btod_emuld                              0x08001929   Thumb Code   144  btod.o(.text)
    _btod_ediv                               0x080019b9   Thumb Code    26  btod.o(.text)
    _btod_edivd                              0x080019d3   Thumb Code   124  btod.o(.text)
    _sys_exit                                0x08001a59   Thumb Code     8  sys_exit.o(.text)
    _scanf_really_hex_real                   0x08001a65   Thumb Code   806  scanf_hexfp.o(.text)
    _scanf_really_infnan                     0x08001d99   Thumb Code   300  scanf_infnan.o(.text)
    __aeabi_d2f                              0x08001ed5   Thumb Code     0  d2f.o(.text)
    _d2f                                     0x08001ed5   Thumb Code   120  d2f.o(.text)
    __I$use$semihosting                      0x08001f51   Thumb Code     0  use_no_semi.o(.text)
    __use_no_semihosting_swi                 0x08001f51   Thumb Code     2  use_no_semi.o(.text)
    __aeabi_llsl                             0x08001f53   Thumb Code    32  llshl.o(.text)
    __semihosting_library_function           0x08001f53   Thumb Code     0  indicate_semi.o(.text)
    _ll_shift_l                              0x08001f53   Thumb Code     0  llshl.o(.text)
    __fpl_dcmp_InfNaN                        0x08001f75   Thumb Code   140  dcmpin.o(.text)
    __ARM_scalbn                             0x08002005   Thumb Code    84  dscalbn.o(.text)
    __fpl_cmpreturn                          0x08002065   Thumb Code    46  cmpret.o(.text)
    __fpl_dcheck_NaN2                        0x08002095   Thumb Code    14  dnan2.o(.text)
    __fpl_return_NaN                         0x080020a9   Thumb Code    94  retnan.o(.text)
    Callback01                               0x08002109   Thumb Code    82  app_freertos.o(i.Callback01)
    DMA1_Ch4_7_DMAMUX1_OVR_IRQHandler        0x08002175   Thumb Code    22  stm32g0xx_it.o(i.DMA1_Ch4_7_DMAMUX1_OVR_IRQHandler)
    DMA1_Channel1_IRQHandler                 0x08002199   Thumb Code    10  stm32g0xx_it.o(i.DMA1_Channel1_IRQHandler)
    DMA1_Channel2_3_IRQHandler               0x080021a9   Thumb Code    16  stm32g0xx_it.o(i.DMA1_Channel2_3_IRQHandler)
    Error_Handler                            0x08002261   Thumb Code     4  main.o(i.Error_Handler)
    FLASH_PageErase                          0x08002265   Thumb Code    20  stm32g0xx_hal_flash_ex.o(i.FLASH_PageErase)
    FLASH_WaitForLastOperation               0x080022d5   Thumb Code    86  stm32g0xx_hal_flash.o(i.FLASH_WaitForLastOperation)
    HAL_DMA_Abort                            0x0800233d   Thumb Code   112  stm32g0xx_hal_dma.o(i.HAL_DMA_Abort)
    HAL_DMA_Abort_IT                         0x080023b1   Thumb Code   118  stm32g0xx_hal_dma.o(i.HAL_DMA_Abort_IT)
    HAL_DMA_GetError                         0x0800242d   Thumb Code     4  stm32g0xx_hal_dma.o(i.HAL_DMA_GetError)
    HAL_DMA_IRQHandler                       0x08002431   Thumb Code   180  stm32g0xx_hal_dma.o(i.HAL_DMA_IRQHandler)
    HAL_DMA_Init                             0x080024e9   Thumb Code   156  stm32g0xx_hal_dma.o(i.HAL_DMA_Init)
    HAL_DMA_Start_IT                         0x0800258d   Thumb Code   136  stm32g0xx_hal_dma.o(i.HAL_DMA_Start_IT)
    HAL_Delay                                0x08002619   Thumb Code    32  stm32g0xx_hal.o(i.HAL_Delay)
    HAL_FLASH_Lock                           0x0800263d   Thumb Code    34  stm32g0xx_hal_flash.o(i.HAL_FLASH_Lock)
    HAL_FLASH_Program                        0x08002665   Thumb Code    88  stm32g0xx_hal_flash.o(i.HAL_FLASH_Program)
    HAL_FLASH_Unlock                         0x080026c5   Thumb Code    28  stm32g0xx_hal_flash.o(i.HAL_FLASH_Unlock)
    HAL_GPIO_Init                            0x080026ed   Thumb Code   330  stm32g0xx_hal_gpio.o(i.HAL_GPIO_Init)
    HAL_GPIO_TogglePin                       0x08002849   Thumb Code    16  stm32g0xx_hal_gpio.o(i.HAL_GPIO_TogglePin)
    HAL_GPIO_WritePin                        0x08002859   Thumb Code    12  stm32g0xx_hal_gpio.o(i.HAL_GPIO_WritePin)
    HAL_GetTick                              0x08002865   Thumb Code     6  stm32g0xx_hal.o(i.HAL_GetTick)
    HAL_IWDG_Init                            0x08002871   Thumb Code    94  stm32g0xx_hal_iwdg.o(i.HAL_IWDG_Init)
    HAL_IWDG_Refresh                         0x080028dd   Thumb Code    10  stm32g0xx_hal_iwdg.o(i.HAL_IWDG_Refresh)
    HAL_IncTick                              0x080028ed   Thumb Code    12  stm32g0xx_hal.o(i.HAL_IncTick)
    HAL_Init                                 0x080028fd   Thumb Code    36  stm32g0xx_hal.o(i.HAL_Init)
    HAL_InitTick                             0x08002925   Thumb Code   130  stm32g0xx_hal_timebase_tim.o(i.HAL_InitTick)
    HAL_MspInit                              0x080029c1   Thumb Code    56  stm32g0xx_hal_msp.o(i.HAL_MspInit)
    HAL_NVIC_EnableIRQ                       0x080029fd   Thumb Code    18  stm32g0xx_hal_cortex.o(i.HAL_NVIC_EnableIRQ)
    HAL_NVIC_SetPriority                     0x08002a15   Thumb Code     8  stm32g0xx_hal_cortex.o(i.HAL_NVIC_SetPriority)
    HAL_PWREx_ControlVoltageScaling          0x08002a1d   Thumb Code    62  stm32g0xx_hal_pwr_ex.o(i.HAL_PWREx_ControlVoltageScaling)
    HAL_RCCEx_PeriphCLKConfig                0x08002a69   Thumb Code   338  stm32g0xx_hal_rcc_ex.o(i.HAL_RCCEx_PeriphCLKConfig)
    HAL_RCC_ClockConfig                      0x08002bc9   Thumb Code   318  stm32g0xx_hal_rcc.o(i.HAL_RCC_ClockConfig)
    HAL_RCC_GetClockConfig                   0x08002d21   Thumb Code    48  stm32g0xx_hal_rcc.o(i.HAL_RCC_GetClockConfig)
    HAL_RCC_GetPCLK1Freq                     0x08002d59   Thumb Code    26  stm32g0xx_hal_rcc.o(i.HAL_RCC_GetPCLK1Freq)
    HAL_RCC_GetSysClockFreq                  0x08002d81   Thumb Code   130  stm32g0xx_hal_rcc.o(i.HAL_RCC_GetSysClockFreq)
    HAL_RCC_OscConfig                        0x08002e0d   Thumb Code   946  stm32g0xx_hal_rcc.o(i.HAL_RCC_OscConfig)
    HAL_SYSCFG_StrobeDBattpinsConfig         0x080031e5   Thumb Code    16  stm32g0xx_hal.o(i.HAL_SYSCFG_StrobeDBattpinsConfig)
    HAL_TIMEx_Break2Callback                 0x080031f9   Thumb Code     2  stm32g0xx_hal_tim_ex.o(i.HAL_TIMEx_Break2Callback)
    HAL_TIMEx_BreakCallback                  0x080031fb   Thumb Code     2  stm32g0xx_hal_tim_ex.o(i.HAL_TIMEx_BreakCallback)
    HAL_TIMEx_CommutCallback                 0x080031fd   Thumb Code     2  stm32g0xx_hal_tim_ex.o(i.HAL_TIMEx_CommutCallback)
    HAL_TIM_Base_Init                        0x080031ff   Thumb Code    76  stm32g0xx_hal_tim.o(i.HAL_TIM_Base_Init)
    HAL_TIM_Base_MspInit                     0x0800324b   Thumb Code     2  stm32g0xx_hal_tim.o(i.HAL_TIM_Base_MspInit)
    HAL_TIM_Base_Start_IT                    0x0800324d   Thumb Code    74  stm32g0xx_hal_tim.o(i.HAL_TIM_Base_Start_IT)
    HAL_TIM_IC_CaptureCallback               0x080032a9   Thumb Code     2  stm32g0xx_hal_tim.o(i.HAL_TIM_IC_CaptureCallback)
    HAL_TIM_IRQHandler                       0x080032ad   Thumb Code   318  stm32g0xx_hal_tim.o(i.HAL_TIM_IRQHandler)
    HAL_TIM_OC_DelayElapsedCallback          0x080033f5   Thumb Code     2  stm32g0xx_hal_tim.o(i.HAL_TIM_OC_DelayElapsedCallback)
    HAL_TIM_PWM_PulseFinishedCallback        0x080033f7   Thumb Code     2  stm32g0xx_hal_tim.o(i.HAL_TIM_PWM_PulseFinishedCallback)
    HAL_TIM_PeriodElapsedCallback            0x080033f9   Thumb Code    16  main.o(i.HAL_TIM_PeriodElapsedCallback)
    HAL_TIM_TriggerCallback                  0x0800340d   Thumb Code     2  stm32g0xx_hal_tim.o(i.HAL_TIM_TriggerCallback)
    HAL_UARTEx_DisableFifoMode               0x0800340f   Thumb Code    60  stm32g0xx_hal_uart_ex.o(i.HAL_UARTEx_DisableFifoMode)
    HAL_UARTEx_RxEventCallback               0x0800344b   Thumb Code     2  stm32g0xx_hal_uart.o(i.HAL_UARTEx_RxEventCallback)
    HAL_UARTEx_RxFifoFullCallback            0x0800344d   Thumb Code     2  stm32g0xx_hal_uart_ex.o(i.HAL_UARTEx_RxFifoFullCallback)
    HAL_UARTEx_SetRxFifoThreshold            0x0800344f   Thumb Code    72  stm32g0xx_hal_uart_ex.o(i.HAL_UARTEx_SetRxFifoThreshold)
    HAL_UARTEx_SetTxFifoThreshold            0x08003497   Thumb Code    70  stm32g0xx_hal_uart_ex.o(i.HAL_UARTEx_SetTxFifoThreshold)
    HAL_UARTEx_TxFifoEmptyCallback           0x080034dd   Thumb Code     2  stm32g0xx_hal_uart_ex.o(i.HAL_UARTEx_TxFifoEmptyCallback)
    HAL_UARTEx_WakeupCallback                0x080034df   Thumb Code     2  stm32g0xx_hal_uart_ex.o(i.HAL_UARTEx_WakeupCallback)
    HAL_UART_DMAStop                         0x080034e1   Thumb Code   154  stm32g0xx_hal_uart.o(i.HAL_UART_DMAStop)
    HAL_UART_ErrorCallback                   0x0800357b   Thumb Code     2  stm32g0xx_hal_uart.o(i.HAL_UART_ErrorCallback)
    HAL_UART_IRQHandler                      0x0800357d   Thumb Code   734  stm32g0xx_hal_uart.o(i.HAL_UART_IRQHandler)
    HAL_UART_Init                            0x0800386d   Thumb Code   108  stm32g0xx_hal_uart.o(i.HAL_UART_Init)
    HAL_UART_MspInit                         0x080038d9   Thumb Code   602  usart.o(i.HAL_UART_MspInit)
    HAL_UART_Receive_DMA                     0x08003b55   Thumb Code    88  stm32g0xx_hal_uart.o(i.HAL_UART_Receive_DMA)
    HAL_UART_RxCpltCallback                  0x08003bad   Thumb Code     2  usart_it.o(i.HAL_UART_RxCpltCallback)
    HAL_UART_RxHalfCpltCallback              0x08003baf   Thumb Code     2  stm32g0xx_hal_uart.o(i.HAL_UART_RxHalfCpltCallback)
    HAL_UART_Transmit                        0x08003bb1   Thumb Code   206  stm32g0xx_hal_uart.o(i.HAL_UART_Transmit)
    HAL_UART_Transmit_DMA                    0x08003c81   Thumb Code   158  stm32g0xx_hal_uart.o(i.HAL_UART_Transmit_DMA)
    HAL_UART_TxCpltCallback                  0x08003d2d   Thumb Code     2  stm32g0xx_hal_uart.o(i.HAL_UART_TxCpltCallback)
    HAL_UART_TxHalfCpltCallback              0x08003d2f   Thumb Code     2  stm32g0xx_hal_uart.o(i.HAL_UART_TxHalfCpltCallback)
    HardFault_Handler                        0x08003d31   Thumb Code     2  stm32g0xx_it.o(i.HardFault_Handler)
    MX_DMA_Init                              0x08003d35   Thumb Code    68  dma.o(i.MX_DMA_Init)
    MX_FREERTOS_Init                         0x08003d7d   Thumb Code    94  app_freertos.o(i.MX_FREERTOS_Init)
    MX_GPIO_Init                             0x08003de5   Thumb Code   158  gpio.o(i.MX_GPIO_Init)
    MX_IWDG_Init                             0x08003e91   Thumb Code     2  iwdg.o(i.MX_IWDG_Init)
    MX_USART1_UART_Init                      0x08003e95   Thumb Code    96  usart.o(i.MX_USART1_UART_Init)
    MX_USART2_UART_Init                      0x08003efd   Thumb Code    96  usart.o(i.MX_USART2_UART_Init)
    MX_USART3_UART_Init                      0x08003f65   Thumb Code    50  usart.o(i.MX_USART3_UART_Init)
    NMI_Handler                              0x08003fa1   Thumb Code     2  stm32g0xx_it.o(i.NMI_Handler)
    ParseCORS                                0x08003fa5   Thumb Code   212  base64.o(i.ParseCORS)
    ParseGPGGA                               0x08004089   Thumb Code   502  nmea.o(i.ParseGPGGA)
    ParseGPRMC                               0x0800428d   Thumb Code   480  nmea.o(i.ParseGPRMC)
    ParseGPRMCH                              0x08004479   Thumb Code   480  nmea.o(i.ParseGPRMCH)
    ParseModules4G                           0x08004665   Thumb Code   240  4gmodule.o(i.ParseModules4G)
    SVC_Handler                              0x08004759   Thumb Code     2  port.o(i.SVC_Handler)
    StartG431_Task                           0x0800475d   Thumb Code   112  app_freertos.o(i.StartG431_Task)
    StartModule4G_Task                       0x080047e5   Thumb Code   278  app_freertos.o(i.StartModule4G_Task)
    StartRTK_Task                            0x08004921   Thumb Code   118  app_freertos.o(i.StartRTK_Task)
    SysTick_Handler                          0x080049a9   Thumb Code    32  port.o(i.SysTick_Handler)
    SystemClock_Config                       0x080049cd   Thumb Code   110  main.o(i.SystemClock_Config)
    SystemInit                               0x08004a3b   Thumb Code     2  system_stm32g0xx.o(i.SystemInit)
    TIM6_IRQHandler                          0x08004a3d   Thumb Code    10  stm32g0xx_it.o(i.TIM6_IRQHandler)
    TIM_Base_SetConfig                       0x08004a4d   Thumb Code   126  stm32g0xx_hal_tim.o(i.TIM_Base_SetConfig)
    UART_AdvFeatureConfig                    0x08004b29   Thumb Code   202  stm32g0xx_hal_uart.o(i.UART_AdvFeatureConfig)
    UART_CheckIdleState                      0x08004bf5   Thumb Code   180  stm32g0xx_hal_uart.o(i.UART_CheckIdleState)
    UART_SetConfig                           0x08004ec1   Thumb Code   360  stm32g0xx_hal_uart.o(i.UART_SetConfig)
    UART_Start_Receive_DMA                   0x08005051   Thumb Code   160  stm32g0xx_hal_uart.o(i.UART_Start_Receive_DMA)
    UART_WaitOnFlagUntilTimeout              0x080050fd   Thumb Code   144  stm32g0xx_hal_uart.o(i.UART_WaitOnFlagUntilTimeout)
    USART1_IDLE_Handler                      0x0800518d   Thumb Code   248  g431_usart.o(i.USART1_IDLE_Handler)
    USART1_IRQHandler                        0x080052a1   Thumb Code    14  stm32g0xx_it.o(i.USART1_IRQHandler)
    USART2_IDLE_Handler                      0x080052b5   Thumb Code   338  4gmodule.o(i.USART2_IDLE_Handler)
    USART2_IRQHandler                        0x08005429   Thumb Code    14  stm32g0xx_it.o(i.USART2_IRQHandler)
    USART3_4_IRQHandler                      0x0800543d   Thumb Code    14  stm32g0xx_it.o(i.USART3_4_IRQHandler)
    USART3_IDLE_Handler                      0x08005451   Thumb Code   176  rtk.o(i.USART3_IDLE_Handler)
    USER_FLASH_Read                          0x08005515   Thumb Code    96  flash.o(i.USER_FLASH_Read)
    USER_FLASH_Write                         0x0800558d   Thumb Code    64  flash.o(i.USER_FLASH_Write)
    __ARM_common_ll_muluu                    0x080055d1   Thumb Code    48  btod.o(i.__ARM_common_ll_muluu)
    __ARM_common_switch8                     0x08005601   Thumb Code    26  nmea.o(i.__ARM_common_switch8)
    __mathlib_dbl_overflow                   0x08005661   Thumb Code    16  dunder.o(i.__mathlib_dbl_overflow)
    __mathlib_dbl_underflow                  0x08005675   Thumb Code    14  dunder.o(i.__mathlib_dbl_underflow)
    __mathlib_narrow                         0x08005689   Thumb Code    16  narrow.o(i.__mathlib_narrow)
    __mathlib_tofloat                        0x08005699   Thumb Code   190  narrow.o(i.__mathlib_tofloat)
    __support_ldexp                          0x08005761   Thumb Code    20  ldexp.o(i.__support_ldexp)
    _is_digit                                0x08005775   Thumb Code    14  __printf_wp.o(i._is_digit)
    atof                                     0x08005783   Thumb Code    42  atof.o(i.atof)
    base64_encode                            0x080057ad   Thumb Code   140  base64.o(i.base64_encode)
    copyRMCData                              0x0800583d   Thumb Code   556  nmea.o(i.copyRMCData)
    flash_page_erase                         0x08005a8d   Thumb Code    52  flash.o(i.flash_page_erase)
    flash_write                              0x08005ac5   Thumb Code    34  flash.o(i.flash_write)
    frexp                                    0x08005ae9   Thumb Code    72  frexp.o(i.frexp)
    ldexp                                    0x08005b4d   Thumb Code   112  ldexp.o(i.ldexp)
    main                                     0x08005bbd   Thumb Code   548  main.o(i.main)
    modifyString                             0x08005e4d   Thumb Code    38  4gmodule.o(i.modifyString)
    osDelay                                  0x08005e73   Thumb Code    16  cmsis_os.o(i.osDelay)
    osKernelStart                            0x08005e83   Thumb Code    10  cmsis_os.o(i.osKernelStart)
    osThreadCreate                           0x08005e8d   Thumb Code    46  cmsis_os.o(i.osThreadCreate)
    osTimerCreate                            0x08005ebd   Thumb Code    30  cmsis_os.o(i.osTimerCreate)
    osTimerStart                             0x08005ee1   Thumb Code    80  cmsis_os.o(i.osTimerStart)
    processInfo                              0x08005f35   Thumb Code   244  rtk.o(i.processInfo)
    pvPortMalloc                             0x080066c1   Thumb Code   178  heap_4.o(i.pvPortMalloc)
    pxPortInitialiseStack                    0x08006779   Thumb Code    28  port.o(i.pxPortInitialiseStack)
    separateString                           0x08006799   Thumb Code   132  rtk.o(i.separateString)
    uxListRemove                             0x0800684b   Thumb Code    38  list.o(i.uxListRemove)
    vListInitialise                          0x08006871   Thumb Code    22  list.o(i.vListInitialise)
    vListInitialiseItem                      0x08006887   Thumb Code     6  list.o(i.vListInitialiseItem)
    vListInsert                              0x0800688d   Thumb Code    48  list.o(i.vListInsert)
    vListInsertEnd                           0x080068bd   Thumb Code    24  list.o(i.vListInsertEnd)
    vPortEnterCritical                       0x080068d5   Thumb Code    20  port.o(i.vPortEnterCritical)
    vPortExitCritical                        0x080068ed   Thumb Code    22  port.o(i.vPortExitCritical)
    vPortFree                                0x08006909   Thumb Code    68  heap_4.o(i.vPortFree)
    vPortSetupTimerInterrupt                 0x08006951   Thumb Code    32  port.o(i.vPortSetupTimerInterrupt)
    vPortYield                               0x08006979   Thumb Code    18  port.o(i.vPortYield)
    vQueueAddToRegistry                      0x08006991   Thumb Code    32  queue.o(i.vQueueAddToRegistry)
    vQueueWaitForMessageRestricted           0x080069b5   Thumb Code    68  queue.o(i.vQueueWaitForMessageRestricted)
    vTaskDelay                               0x080069f9   Thumb Code    44  tasks.o(i.vTaskDelay)
    vTaskInternalSetTimeOutState             0x08006a29   Thumb Code    12  tasks.o(i.vTaskInternalSetTimeOutState)
    vTaskMissedYield                         0x08006a39   Thumb Code     8  tasks.o(i.vTaskMissedYield)
    vTaskPlaceOnEventList                    0x08006a45   Thumb Code    32  tasks.o(i.vTaskPlaceOnEventList)
    vTaskPlaceOnEventListRestricted          0x08006a69   Thumb Code    42  tasks.o(i.vTaskPlaceOnEventListRestricted)
    vTaskStartScheduler                      0x08006a99   Thumb Code    66  tasks.o(i.vTaskStartScheduler)
    vTaskSuspendAll                          0x08006aed   Thumb Code    10  tasks.o(i.vTaskSuspendAll)
    vTaskSwitchContext                       0x08006afd   Thumb Code    78  tasks.o(i.vTaskSwitchContext)
    xPortStartScheduler                      0x08006b55   Thumb Code    40  port.o(i.xPortStartScheduler)
    xQueueGenericCreate                      0x08006b85   Thumb Code    54  queue.o(i.xQueueGenericCreate)
    xQueueGenericReset                       0x08006bbb   Thumb Code   108  queue.o(i.xQueueGenericReset)
    xQueueGenericSend                        0x08006c27   Thumb Code   280  queue.o(i.xQueueGenericSend)
    xQueueGenericSendFromISR                 0x08006d3f   Thumb Code   142  queue.o(i.xQueueGenericSendFromISR)
    xQueueReceive                            0x08006dcd   Thumb Code   258  queue.o(i.xQueueReceive)
    xTaskCheckForTimeOut                     0x08006ed1   Thumb Code    86  tasks.o(i.xTaskCheckForTimeOut)
    xTaskCreate                              0x08006f2d   Thumb Code    78  tasks.o(i.xTaskCreate)
    xTaskGetSchedulerState                   0x08006f7d   Thumb Code    26  tasks.o(i.xTaskGetSchedulerState)
    xTaskGetTickCount                        0x08006f9d   Thumb Code     6  tasks.o(i.xTaskGetTickCount)
    xTaskIncrementTick                       0x08006fa9   Thumb Code   180  tasks.o(i.xTaskIncrementTick)
    xTaskPriorityDisinherit                  0x08007065   Thumb Code    96  tasks.o(i.xTaskPriorityDisinherit)
    xTaskRemoveFromEventList                 0x080070cd   Thumb Code    90  tasks.o(i.xTaskRemoveFromEventList)
    xTaskResumeAll                           0x08007131   Thumb Code   164  tasks.o(i.xTaskResumeAll)
    xTimerCreate                             0x080071dd   Thumb Code    88  timers.o(i.xTimerCreate)
    xTimerCreateTimerTask                    0x08007235   Thumb Code    46  timers.o(i.xTimerCreateTimerTask)
    xTimerGenericCommand                     0x08007275   Thumb Code    76  timers.o(i.xTimerGenericCommand)
    _get_lc_numeric                          0x080072c5   Thumb Code    44  lc_numeric_c.o(locale$$code)
    _get_lc_ctype                            0x080072f1   Thumb Code    44  lc_ctype_c.o(locale$$code)
    __aeabi_cdcmpeq                          0x0800731d   Thumb Code     0  deqf.o(x$fpl$deqf)
    _dcmpeq                                  0x0800731d   Thumb Code    94  deqf.o(x$fpl$deqf)
    __aeabi_cdrcmple                         0x08007381   Thumb Code     0  drlef.o(x$fpl$drleqf)
    _drcmple                                 0x08007381   Thumb Code   100  drlef.o(x$fpl$drleqf)
    _scanf_real                              0x080073e9   Thumb Code    16  scanf1.o(x$fpl$scanf1)
    _scanf_hex_real                          0x080073f9   Thumb Code    16  scanf2.o(x$fpl$scanf2)
    _scanf_infnan                            0x08007409   Thumb Code    16  scanf2.o(x$fpl$scanf2)
    __I$use$fp                               0x08007418   Number         0  usenofp.o(x$fpl$usenofp)
    base64char                               0x0800746e   Data          65  base64.o(.constdata)
    UARTPrescTable                           0x080074b0   Data          24  stm32g0xx_hal_uart.o(.constdata)
    AHBPrescTable                            0x080074d8   Data          64  system_stm32g0xx.o(.constdata)
    APBPrescTable                            0x08007518   Data          32  system_stm32g0xx.o(.constdata)
    Region$$Table$$Base                      0x08007630   Number         0  anon$$obj.o(Region$$Table)
    Region$$Table$$Limit                     0x08007650   Number         0  anon$$obj.o(Region$$Table)
    __aeabi_HUGE_VAL                         0x08007650   Data           0  fpconst.o(c$$dinf)
    __aeabi_HUGE_VALL                        0x08007650   Data           0  fpconst.o(c$$dinf)
    __aeabi_INFINITY                         0x08007650   Data           0  fpconst.o(c$$dinf)
    __dInf                                   0x08007650   Data           0  fpconst.o(c$$dinf)
    __huge_val                               0x08007650   Data           0  fpconst.o(c$$dinf)
    __dbl_max                                0x08007658   Data           0  fpconst.o(c$$dmax)
    __ctype                                  0x08007689   Data           0  lc_ctype_c.o(locale$$data)
    BinarySemaphore                          0x20000000   Data           6  main.o(.data)
    G431_TaskHandle                          0x20000008   Data           4  app_freertos.o(.data)
    Module4G_TaskHandle                      0x2000000c   Data           4  app_freertos.o(.data)
    RTK_TaskHandle                           0x20000010   Data           4  app_freertos.o(.data)
    Timer01Handle                            0x20000014   Data           4  app_freertos.o(.data)
    OrderType                                0x20000018   Data           1  g431_usart.o(.data)
    InsideOrOutside                          0x20000019   Data           1  g431_usart.o(.data)
    ReturnFlag                               0x2000001a   Data           1  4gmodule.o(.data)
    ConfigurationFlag                        0x2000001b   Data           1  4gmodule.o(.data)
    uwTickFreq                               0x2000001c   Data           1  stm32g0xx_hal.o(.data)
    uwTickPrio                               0x20000020   Data           4  stm32g0xx_hal.o(.data)
    uwTick                                   0x20000024   Data           4  stm32g0xx_hal.o(.data)
    SystemCoreClock                          0x20000028   Data           4  system_stm32g0xx.o(.data)
    pxCurrentTCB                             0x2000002c   Data           4  tasks.o(.data)
    hiwdg                                    0x200000a4   Data          16  iwdg.o(.bss)
    huart1                                   0x200000b4   Data         148  usart.o(.bss)
    huart2                                   0x20000148   Data         148  usart.o(.bss)
    huart3                                   0x200001dc   Data         148  usart.o(.bss)
    hdma_usart1_rx                           0x20000270   Data          92  usart.o(.bss)
    hdma_usart1_tx                           0x200002cc   Data          92  usart.o(.bss)
    hdma_usart2_rx                           0x20000328   Data          92  usart.o(.bss)
    hdma_usart2_tx                           0x20000384   Data          92  usart.o(.bss)
    hdma_usart3_rx                           0x200003e0   Data          92  usart.o(.bss)
    hdma_usart3_tx                           0x2000043c   Data          92  usart.o(.bss)
    htim6                                    0x20000498   Data          76  stm32g0xx_hal_timebase_tim.o(.bss)
    USART1_RxStruct                          0x200004e4   Data         401  g431_usart.o(.bss)
    USART2_RxStruct                          0x20000675   Data         401  4gmodule.o(.bss)
    Modules4G_Struct                         0x20000806   Data          15  4gmodule.o(.bss)
    USART3_RxStruct                          0x20000816   Data         802  rtk.o(.bss)
    GPRMC_Struct                             0x20000b38   Data         176  nmea.o(.bss)
    GPRMCH_Struct                            0x20000be8   Data         176  nmea.o(.bss)
    GPGGA_Struct                             0x20000c98   Data         168  nmea.o(.bss)
    OutGNxxxData                             0x20000d40   Data         100  nmea.o(.bss)
    CORS_Struct                              0x20000e08   Data         303  base64.o(.bss)
    pFlash                                   0x20000f38   Data          28  stm32g0xx_hal_flash.o(.bss)
    xQueueRegistry                           0x20000f54   Data          64  queue.o(.bss)
    __libspace_start                         0x200042ac   Data          96  libspace.o(.bss)
    __temporary_stack_top$libspace           0x2000430c   Data           0  libspace.o(.bss)



==============================================================================

Memory Map of the image

  Image Entry point : 0x080000b9

  Load Region LR_IROM1 (Base: 0x08000000, Size: 0x00007830, Max: 0x00020000, ABSOLUTE)

    Execution Region ER_IROM1 (Exec base: 0x08000000, Load base: 0x08000000, Size: 0x0000778c, Max: 0x00020000, ABSOLUTE)

    Exec Addr    Load Addr    Size         Type   Attr      Idx    E Section Name        Object

    0x08000000   0x08000000   0x000000b8   Data   RO            3    RESET               startup_stm32g070xx.o
    0x080000b8   0x080000b8   0x00000008   Code   RO         4985  * !!!main             c_p.l(__main.o)
    0x080000c0   0x080000c0   0x0000003c   Code   RO         5305    !!!scatter          c_p.l(__scatter.o)
    0x080000fc   0x080000fc   0x0000001a   Code   RO         5307    !!handler_copy      c_p.l(__scatter_copy.o)
    0x08000116   0x08000116   0x00000002   PAD
    0x08000118   0x08000118   0x0000001c   Code   RO         5309    !!handler_zi        c_p.l(__scatter_zi.o)
    0x08000134   0x08000134   0x00000002   Code   RO         4955    .ARM.Collect$$_printf_percent$$00000000  c_p.l(_printf_percent.o)
    0x08000136   0x08000136   0x0000000a   Code   RO         4954    .ARM.Collect$$_printf_percent$$00000009  c_p.l(_printf_d.o)
    0x08000140   0x08000140   0x0000000a   Code   RO         4953    .ARM.Collect$$_printf_percent$$0000000C  c_p.l(_printf_x.o)
    0x0800014a   0x0800014a   0x0000000a   Code   RO         4951    .ARM.Collect$$_printf_percent$$00000013  c_p.l(_printf_c.o)
    0x08000154   0x08000154   0x0000000a   Code   RO         4952    .ARM.Collect$$_printf_percent$$00000014  c_p.l(_printf_s.o)
    0x0800015e   0x0800015e   0x00000004   Code   RO         5011    .ARM.Collect$$_printf_percent$$00000017  c_p.l(_printf_percent_end.o)
    0x08000162   0x08000162   0x00000002   Code   RO         5088    .ARM.Collect$$libinit$$00000000  c_p.l(libinit.o)
    0x08000164   0x08000164   0x00000000   Code   RO         5090    .ARM.Collect$$libinit$$00000002  c_p.l(libinit2.o)
    0x08000164   0x08000164   0x00000000   Code   RO         5092    .ARM.Collect$$libinit$$00000004  c_p.l(libinit2.o)
    0x08000164   0x08000164   0x00000000   Code   RO         5095    .ARM.Collect$$libinit$$0000000A  c_p.l(libinit2.o)
    0x08000164   0x08000164   0x00000000   Code   RO         5097    .ARM.Collect$$libinit$$0000000C  c_p.l(libinit2.o)
    0x08000164   0x08000164   0x00000000   Code   RO         5099    .ARM.Collect$$libinit$$0000000E  c_p.l(libinit2.o)
    0x08000164   0x08000164   0x00000006   Code   RO         5100    .ARM.Collect$$libinit$$0000000F  c_p.l(libinit2.o)
    0x0800016a   0x0800016a   0x00000000   Code   RO         5102    .ARM.Collect$$libinit$$00000011  c_p.l(libinit2.o)
    0x0800016a   0x0800016a   0x0000000c   Code   RO         5103    .ARM.Collect$$libinit$$00000012  c_p.l(libinit2.o)
    0x08000176   0x08000176   0x00000000   Code   RO         5104    .ARM.Collect$$libinit$$00000013  c_p.l(libinit2.o)
    0x08000176   0x08000176   0x00000000   Code   RO         5106    .ARM.Collect$$libinit$$00000015  c_p.l(libinit2.o)
    0x08000176   0x08000176   0x0000000a   Code   RO         5107    .ARM.Collect$$libinit$$00000016  c_p.l(libinit2.o)
    0x08000180   0x08000180   0x00000000   Code   RO         5108    .ARM.Collect$$libinit$$00000017  c_p.l(libinit2.o)
    0x08000180   0x08000180   0x00000000   Code   RO         5110    .ARM.Collect$$libinit$$00000019  c_p.l(libinit2.o)
    0x08000180   0x08000180   0x00000000   Code   RO         5112    .ARM.Collect$$libinit$$0000001B  c_p.l(libinit2.o)
    0x08000180   0x08000180   0x00000000   Code   RO         5114    .ARM.Collect$$libinit$$0000001D  c_p.l(libinit2.o)
    0x08000180   0x08000180   0x00000000   Code   RO         5116    .ARM.Collect$$libinit$$0000001F  c_p.l(libinit2.o)
    0x08000180   0x08000180   0x00000000   Code   RO         5118    .ARM.Collect$$libinit$$00000021  c_p.l(libinit2.o)
    0x08000180   0x08000180   0x00000000   Code   RO         5120    .ARM.Collect$$libinit$$00000023  c_p.l(libinit2.o)
    0x08000180   0x08000180   0x00000000   Code   RO         5122    .ARM.Collect$$libinit$$00000025  c_p.l(libinit2.o)
    0x08000180   0x08000180   0x00000000   Code   RO         5126    .ARM.Collect$$libinit$$0000002C  c_p.l(libinit2.o)
    0x08000180   0x08000180   0x00000000   Code   RO         5128    .ARM.Collect$$libinit$$0000002E  c_p.l(libinit2.o)
    0x08000180   0x08000180   0x00000000   Code   RO         5130    .ARM.Collect$$libinit$$00000030  c_p.l(libinit2.o)
    0x08000180   0x08000180   0x00000000   Code   RO         5132    .ARM.Collect$$libinit$$00000032  c_p.l(libinit2.o)
    0x08000180   0x08000180   0x00000002   Code   RO         5133    .ARM.Collect$$libinit$$00000033  c_p.l(libinit2.o)
    0x08000182   0x08000182   0x00000002   Code   RO         5224    .ARM.Collect$$libshutdown$$00000000  c_p.l(libshutdown.o)
    0x08000184   0x08000184   0x00000000   Code   RO         5258    .ARM.Collect$$libshutdown$$00000002  c_p.l(libshutdown2.o)
    0x08000184   0x08000184   0x00000000   Code   RO         5260    .ARM.Collect$$libshutdown$$00000004  c_p.l(libshutdown2.o)
    0x08000184   0x08000184   0x00000000   Code   RO         5262    .ARM.Collect$$libshutdown$$00000006  c_p.l(libshutdown2.o)
    0x08000184   0x08000184   0x00000000   Code   RO         5265    .ARM.Collect$$libshutdown$$00000009  c_p.l(libshutdown2.o)
    0x08000184   0x08000184   0x00000000   Code   RO         5268    .ARM.Collect$$libshutdown$$0000000C  c_p.l(libshutdown2.o)
    0x08000184   0x08000184   0x00000000   Code   RO         5270    .ARM.Collect$$libshutdown$$0000000E  c_p.l(libshutdown2.o)
    0x08000184   0x08000184   0x00000000   Code   RO         5273    .ARM.Collect$$libshutdown$$00000011  c_p.l(libshutdown2.o)
    0x08000184   0x08000184   0x00000002   Code   RO         5274    .ARM.Collect$$libshutdown$$00000012  c_p.l(libshutdown2.o)
    0x08000186   0x08000186   0x00000000   Code   RO         4991    .ARM.Collect$$rtentry$$00000000  c_p.l(__rtentry.o)
    0x08000186   0x08000186   0x00000000   Code   RO         5025    .ARM.Collect$$rtentry$$00000002  c_p.l(__rtentry2.o)
    0x08000186   0x08000186   0x00000006   Code   RO         5037    .ARM.Collect$$rtentry$$00000004  c_p.l(__rtentry4.o)
    0x0800018c   0x0800018c   0x00000000   Code   RO         5027    .ARM.Collect$$rtentry$$00000009  c_p.l(__rtentry2.o)
    0x0800018c   0x0800018c   0x00000004   Code   RO         5028    .ARM.Collect$$rtentry$$0000000A  c_p.l(__rtentry2.o)
    0x08000190   0x08000190   0x00000000   Code   RO         5030    .ARM.Collect$$rtentry$$0000000C  c_p.l(__rtentry2.o)
    0x08000190   0x08000190   0x00000008   Code   RO         5031    .ARM.Collect$$rtentry$$0000000D  c_p.l(__rtentry2.o)
    0x08000198   0x08000198   0x00000002   Code   RO         5135    .ARM.Collect$$rtexit$$00000000  c_p.l(rtexit.o)
    0x0800019a   0x0800019a   0x00000000   Code   RO         5177    .ARM.Collect$$rtexit$$00000002  c_p.l(rtexit2.o)
    0x0800019a   0x0800019a   0x00000004   Code   RO         5178    .ARM.Collect$$rtexit$$00000003  c_p.l(rtexit2.o)
    0x0800019e   0x0800019e   0x00000006   Code   RO         5179    .ARM.Collect$$rtexit$$00000004  c_p.l(rtexit2.o)
    0x080001a4   0x080001a4   0x00000078   Code   RO         4825    .emb_text           port.o
    0x0800021c   0x0800021c   0x00000038   Code   RO         4967    .emb_text           c_p.l(rt_memcpy.o)
    0x08000254   0x08000254   0x00000038   Code   RO            4    .text               startup_stm32g070xx.o
    0x0800028c   0x0800028c   0x00000028   Code   RO         4900    .text               c_p.l(noretval__2sprintf.o)
    0x080002b4   0x080002b4   0x0000004e   Code   RO         4904    .text               c_p.l(_printf_pad.o)
    0x08000302   0x08000302   0x00000052   Code   RO         4906    .text               c_p.l(_printf_str.o)
    0x08000354   0x08000354   0x0000006c   Code   RO         4908    .text               c_p.l(_printf_dec.o)
    0x080003c0   0x080003c0   0x00000058   Code   RO         4913    .text               c_p.l(_printf_hex_int.o)
    0x08000418   0x08000418   0x00000138   Code   RO         4943    .text               c_p.l(__printf_flags_wp.o)
    0x08000550   0x08000550   0x0000001a   Code   RO         4956    .text               c_p.l(atoi.o)
    0x0800056a   0x0800056a   0x00000002   PAD
    0x0800056c   0x0800056c   0x00000010   Code   RO         4958    .text               c_p.l(strtok.o)
    0x0800057c   0x0800057c   0x00000014   Code   RO         4961    .text               c_p.l(strchr.o)
    0x08000590   0x08000590   0x00000044   Code   RO         4963    .text               c_p.l(strlen.o)
    0x080005d4   0x080005d4   0x000000a0   Code   RO         4965    .text               c_p.l(strncmp.o)
    0x08000674   0x08000674   0x00000082   Code   RO         4968    .text               c_p.l(rt_memcpy.o)
    0x080006f6   0x080006f6   0x00000096   Code   RO         4971    .text               c_p.l(rt_memmove.o)
    0x0800078c   0x0800078c   0x00000040   Code   RO         4975    .text               c_p.l(rt_memclr.o)
    0x080007cc   0x080007cc   0x0000006c   Code   RO         4977    .text               c_p.l(strncpy.o)
    0x08000838   0x08000838   0x0000015a   Code   RO         4979    .text               c_p.l(aeabi_sdiv.o)
    0x08000992   0x08000992   0x00000006   Code   RO         4983    .text               c_p.l(heapauxi.o)
    0x08000998   0x08000998   0x00000008   Code   RO         4999    .text               c_p.l(rt_errno_addr_intlibspace.o)
    0x080009a0   0x080009a0   0x00000016   Code   RO         5001    .text               c_p.l(_rserrno.o)
    0x080009b6   0x080009b6   0x000000b0   Code   RO         5003    .text               c_p.l(_printf_intcommon.o)
    0x08000a66   0x08000a66   0x00000002   PAD
    0x08000a68   0x08000a68   0x00000030   Code   RO         5005    .text               c_p.l(_printf_char_common.o)
    0x08000a98   0x08000a98   0x0000000a   Code   RO         5007    .text               c_p.l(_sputc.o)
    0x08000aa2   0x08000aa2   0x0000002e   Code   RO         5009    .text               c_p.l(_printf_char.o)
    0x08000ad0   0x08000ad0   0x000000ac   Code   RO         5012    .text               c_p.l(strtod.o)
    0x08000b7c   0x08000b7c   0x00000070   Code   RO         5014    .text               c_p.l(strtol.o)
    0x08000bec   0x08000bec   0x00000048   Code   RO         5016    .text               c_p.l(strtok_int.o)
    0x08000c34   0x08000c34   0x00000028   Code   RO         5018    .text               c_p.l(rtudiv10.o)
    0x08000c5c   0x08000c5c   0x00000008   Code   RO         5021    .text               c_p.l(libspace.o)
    0x08000c64   0x08000c64   0x00000010   Code   RO         5039    .text               c_p.l(rt_ctype_table.o)
    0x08000c74   0x08000c74   0x00000012   Code   RO         5043    .text               c_p.l(isspace.o)
    0x08000c86   0x08000c86   0x00000044   Code   RO         5047    .text               c_p.l(_sgetc.o)
    0x08000cca   0x08000cca   0x000000a6   Code   RO         5049    .text               c_p.l(_strtoul.o)
    0x08000d70   0x08000d70   0x00000022   Code   RO         5054    .text               c_p.l(strcspn.o)
    0x08000d92   0x08000d92   0x00000020   Code   RO         5056    .text               c_p.l(strspn.o)
    0x08000db2   0x08000db2   0x0000003e   Code   RO         5060    .text               c_p.l(sys_stackheap_outer.o)
    0x08000df0   0x08000df0   0x00000008   Code   RO         5066    .text               c_p.l(rt_locale_intlibspace.o)
    0x08000df8   0x08000df8   0x0000001e   Code   RO         5068    .text               c_p.l(_chval.o)
    0x08000e16   0x08000e16   0x00000002   PAD
    0x08000e18   0x08000e18   0x00000520   Code   RO         5070    .text               c_p.l(scanf_fp.o)
    0x08001338   0x08001338   0x00000010   Code   RO         5075    .text               c_p.l(exit.o)
    0x08001348   0x08001348   0x00000088   Code   RO         5081    .text               c_p.l(strcmp.o)
    0x080013d0   0x080013d0   0x00000030   Code   RO         5139    .text               c_p.l(llmul.o)
    0x08001400   0x08001400   0x000000d8   Code   RO         5141    .text               c_p.l(bigflt0.o)
    0x080014d8   0x080014d8   0x00000580   Code   RO         5144    .text               c_p.l(btod.o)
    0x08001a58   0x08001a58   0x0000000c   Code   RO         5174    .text               c_p.l(sys_exit.o)
    0x08001a64   0x08001a64   0x00000334   Code   RO         5183    .text               c_p.l(scanf_hexfp.o)
    0x08001d98   0x08001d98   0x0000013c   Code   RO         5185    .text               c_p.l(scanf_infnan.o)
    0x08001ed4   0x08001ed4   0x0000007c   Code   RO         5195    .text               fz_ps.l(d2f.o)
    0x08001f50   0x08001f50   0x00000002   Code   RO         5209    .text               c_p.l(use_no_semi.o)
    0x08001f52   0x08001f52   0x00000000   Code   RO         5211    .text               c_p.l(indicate_semi.o)
    0x08001f52   0x08001f52   0x00000020   Code   RO         5214    .text               c_p.l(llshl.o)
    0x08001f72   0x08001f72   0x00000002   PAD
    0x08001f74   0x08001f74   0x00000090   Code   RO         5225    .text               fz_ps.l(dcmpin.o)
    0x08002004   0x08002004   0x00000060   Code   RO         5227    .text               fz_ps.l(dscalbn.o)
    0x08002064   0x08002064   0x0000002e   Code   RO         5275    .text               fz_ps.l(cmpret.o)
    0x08002092   0x08002092   0x00000002   PAD
    0x08002094   0x08002094   0x00000014   Code   RO         5277    .text               fz_ps.l(dnan2.o)
    0x080020a8   0x080020a8   0x0000005e   Code   RO         5301    .text               fz_ps.l(retnan.o)
    0x08002106   0x08002106   0x00000002   PAD
    0x08002108   0x08002108   0x0000006c   Code   RO          273    i.Callback01        app_freertos.o
    0x08002174   0x08002174   0x00000024   Code   RO          434    i.DMA1_Ch4_7_DMAMUX1_OVR_IRQHandler  stm32g0xx_it.o
    0x08002198   0x08002198   0x00000010   Code   RO          435    i.DMA1_Channel1_IRQHandler  stm32g0xx_it.o
    0x080021a8   0x080021a8   0x00000018   Code   RO          436    i.DMA1_Channel2_3_IRQHandler  stm32g0xx_it.o
    0x080021c0   0x080021c0   0x00000030   Code   RO         1240    i.DMA_CalcDMAMUXChannelBaseAndMask  stm32g0xx_hal_dma.o
    0x080021f0   0x080021f0   0x00000028   Code   RO         1241    i.DMA_CalcDMAMUXRequestGenBaseAndMask  stm32g0xx_hal_dma.o
    0x08002218   0x08002218   0x00000048   Code   RO         1242    i.DMA_SetConfig     stm32g0xx_hal_dma.o
    0x08002260   0x08002260   0x00000004   Code   RO           12    i.Error_Handler     main.o
    0x08002264   0x08002264   0x00000020   Code   RO         1095    i.FLASH_PageErase   stm32g0xx_hal_flash_ex.o
    0x08002284   0x08002284   0x0000001c   Code   RO          985    i.FLASH_Program_DoubleWord  stm32g0xx_hal_flash.o
    0x080022a0   0x080022a0   0x00000034   Code   RO          986    i.FLASH_Program_Fast  stm32g0xx_hal_flash.o
    0x080022d4   0x080022d4   0x00000068   Code   RO          987    i.FLASH_WaitForLastOperation  stm32g0xx_hal_flash.o
    0x0800233c   0x0800233c   0x00000074   Code   RO         1243    i.HAL_DMA_Abort     stm32g0xx_hal_dma.o
    0x080023b0   0x080023b0   0x0000007c   Code   RO         1244    i.HAL_DMA_Abort_IT  stm32g0xx_hal_dma.o
    0x0800242c   0x0800242c   0x00000004   Code   RO         1246    i.HAL_DMA_GetError  stm32g0xx_hal_dma.o
    0x08002430   0x08002430   0x000000b8   Code   RO         1248    i.HAL_DMA_IRQHandler  stm32g0xx_hal_dma.o
    0x080024e8   0x080024e8   0x000000a4   Code   RO         1249    i.HAL_DMA_Init      stm32g0xx_hal_dma.o
    0x0800258c   0x0800258c   0x0000008c   Code   RO         1253    i.HAL_DMA_Start_IT  stm32g0xx_hal_dma.o
    0x08002618   0x08002618   0x00000024   Code   RO         1713    i.HAL_Delay         stm32g0xx_hal.o
    0x0800263c   0x0800263c   0x00000028   Code   RO          991    i.HAL_FLASH_Lock    stm32g0xx_hal_flash.o
    0x08002664   0x08002664   0x00000060   Code   RO          996    i.HAL_FLASH_Program  stm32g0xx_hal_flash.o
    0x080026c4   0x080026c4   0x00000028   Code   RO          998    i.HAL_FLASH_Unlock  stm32g0xx_hal_flash.o
    0x080026ec   0x080026ec   0x0000015c   Code   RO         1176    i.HAL_GPIO_Init     stm32g0xx_hal_gpio.o
    0x08002848   0x08002848   0x00000010   Code   RO         1179    i.HAL_GPIO_TogglePin  stm32g0xx_hal_gpio.o
    0x08002858   0x08002858   0x0000000c   Code   RO         1180    i.HAL_GPIO_WritePin  stm32g0xx_hal_gpio.o
    0x08002864   0x08002864   0x0000000c   Code   RO         1717    i.HAL_GetTick       stm32g0xx_hal.o
    0x08002870   0x08002870   0x0000006c   Code   RO         1964    i.HAL_IWDG_Init     stm32g0xx_hal_iwdg.o
    0x080028dc   0x080028dc   0x00000010   Code   RO         1965    i.HAL_IWDG_Refresh  stm32g0xx_hal_iwdg.o
    0x080028ec   0x080028ec   0x00000010   Code   RO         1723    i.HAL_IncTick       stm32g0xx_hal.o
    0x080028fc   0x080028fc   0x00000028   Code   RO         1724    i.HAL_Init          stm32g0xx_hal.o
    0x08002924   0x08002924   0x0000009c   Code   RO          526    i.HAL_InitTick      stm32g0xx_hal_timebase_tim.o
    0x080029c0   0x080029c0   0x0000003c   Code   RO          506    i.HAL_MspInit       stm32g0xx_hal_msp.o
    0x080029fc   0x080029fc   0x00000018   Code   RO         1591    i.HAL_NVIC_EnableIRQ  stm32g0xx_hal_cortex.o
    0x08002a14   0x08002a14   0x00000008   Code   RO         1595    i.HAL_NVIC_SetPriority  stm32g0xx_hal_cortex.o
    0x08002a1c   0x08002a1c   0x0000004c   Code   RO         1474    i.HAL_PWREx_ControlVoltageScaling  stm32g0xx_hal_pwr_ex.o
    0x08002a68   0x08002a68   0x00000160   Code   RO          942    i.HAL_RCCEx_PeriphCLKConfig  stm32g0xx_hal_rcc_ex.o
    0x08002bc8   0x08002bc8   0x00000158   Code   RO          826    i.HAL_RCC_ClockConfig  stm32g0xx_hal_rcc.o
    0x08002d20   0x08002d20   0x00000038   Code   RO          831    i.HAL_RCC_GetClockConfig  stm32g0xx_hal_rcc.o
    0x08002d58   0x08002d58   0x00000028   Code   RO          834    i.HAL_RCC_GetPCLK1Freq  stm32g0xx_hal_rcc.o
    0x08002d80   0x08002d80   0x0000008c   Code   RO          836    i.HAL_RCC_GetSysClockFreq  stm32g0xx_hal_rcc.o
    0x08002e0c   0x08002e0c   0x000003d8   Code   RO          840    i.HAL_RCC_OscConfig  stm32g0xx_hal_rcc.o
    0x080031e4   0x080031e4   0x00000014   Code   RO         1733    i.HAL_SYSCFG_StrobeDBattpinsConfig  stm32g0xx_hal.o
    0x080031f8   0x080031f8   0x00000002   Code   RO         2702    i.HAL_TIMEx_Break2Callback  stm32g0xx_hal_tim_ex.o
    0x080031fa   0x080031fa   0x00000002   Code   RO         2703    i.HAL_TIMEx_BreakCallback  stm32g0xx_hal_tim_ex.o
    0x080031fc   0x080031fc   0x00000002   Code   RO         2704    i.HAL_TIMEx_CommutCallback  stm32g0xx_hal_tim_ex.o
    0x080031fe   0x080031fe   0x0000004c   Code   RO         1992    i.HAL_TIM_Base_Init  stm32g0xx_hal_tim.o
    0x0800324a   0x0800324a   0x00000002   Code   RO         1994    i.HAL_TIM_Base_MspInit  stm32g0xx_hal_tim.o
    0x0800324c   0x0800324c   0x0000005c   Code   RO         1997    i.HAL_TIM_Base_Start_IT  stm32g0xx_hal_tim.o
    0x080032a8   0x080032a8   0x00000002   Code   RO         2026    i.HAL_TIM_IC_CaptureCallback  stm32g0xx_hal_tim.o
    0x080032aa   0x080032aa   0x00000002   PAD
    0x080032ac   0x080032ac   0x00000148   Code   RO         2040    i.HAL_TIM_IRQHandler  stm32g0xx_hal_tim.o
    0x080033f4   0x080033f4   0x00000002   Code   RO         2043    i.HAL_TIM_OC_DelayElapsedCallback  stm32g0xx_hal_tim.o
    0x080033f6   0x080033f6   0x00000002   Code   RO         2070    i.HAL_TIM_PWM_PulseFinishedCallback  stm32g0xx_hal_tim.o
    0x080033f8   0x080033f8   0x00000014   Code   RO           13    i.HAL_TIM_PeriodElapsedCallback  main.o
    0x0800340c   0x0800340c   0x00000002   Code   RO         2083    i.HAL_TIM_TriggerCallback  stm32g0xx_hal_tim.o
    0x0800340e   0x0800340e   0x0000003c   Code   RO         3417    i.HAL_UARTEx_DisableFifoMode  stm32g0xx_hal_uart_ex.o
    0x0800344a   0x0800344a   0x00000002   Code   RO         3010    i.HAL_UARTEx_RxEventCallback  stm32g0xx_hal_uart.o
    0x0800344c   0x0800344c   0x00000002   Code   RO         3425    i.HAL_UARTEx_RxFifoFullCallback  stm32g0xx_hal_uart_ex.o
    0x0800344e   0x0800344e   0x00000048   Code   RO         3426    i.HAL_UARTEx_SetRxFifoThreshold  stm32g0xx_hal_uart_ex.o
    0x08003496   0x08003496   0x00000046   Code   RO         3427    i.HAL_UARTEx_SetTxFifoThreshold  stm32g0xx_hal_uart_ex.o
    0x080034dc   0x080034dc   0x00000002   Code   RO         3429    i.HAL_UARTEx_TxFifoEmptyCallback  stm32g0xx_hal_uart_ex.o
    0x080034de   0x080034de   0x00000002   Code   RO         3430    i.HAL_UARTEx_WakeupCallback  stm32g0xx_hal_uart_ex.o
    0x080034e0   0x080034e0   0x0000009a   Code   RO         3022    i.HAL_UART_DMAStop  stm32g0xx_hal_uart.o
    0x0800357a   0x0800357a   0x00000002   Code   RO         3026    i.HAL_UART_ErrorCallback  stm32g0xx_hal_uart.o
    0x0800357c   0x0800357c   0x000002f0   Code   RO         3029    i.HAL_UART_IRQHandler  stm32g0xx_hal_uart.o
    0x0800386c   0x0800386c   0x0000006c   Code   RO         3030    i.HAL_UART_Init     stm32g0xx_hal_uart.o
    0x080038d8   0x080038d8   0x0000027c   Code   RO          385    i.HAL_UART_MspInit  usart.o
    0x08003b54   0x08003b54   0x00000058   Code   RO         3034    i.HAL_UART_Receive_DMA  stm32g0xx_hal_uart.o
    0x08003bac   0x08003bac   0x00000002   Code   RO          561    i.HAL_UART_RxCpltCallback  usart_it.o
    0x08003bae   0x08003bae   0x00000002   Code   RO         3038    i.HAL_UART_RxHalfCpltCallback  stm32g0xx_hal_uart.o
    0x08003bb0   0x08003bb0   0x000000ce   Code   RO         3039    i.HAL_UART_Transmit  stm32g0xx_hal_uart.o
    0x08003c7e   0x08003c7e   0x00000002   PAD
    0x08003c80   0x08003c80   0x000000ac   Code   RO         3040    i.HAL_UART_Transmit_DMA  stm32g0xx_hal_uart.o
    0x08003d2c   0x08003d2c   0x00000002   Code   RO         3042    i.HAL_UART_TxCpltCallback  stm32g0xx_hal_uart.o
    0x08003d2e   0x08003d2e   0x00000002   Code   RO         3043    i.HAL_UART_TxHalfCpltCallback  stm32g0xx_hal_uart.o
    0x08003d30   0x08003d30   0x00000002   Code   RO          437    i.HardFault_Handler  stm32g0xx_it.o
    0x08003d32   0x08003d32   0x00000002   PAD
    0x08003d34   0x08003d34   0x00000048   Code   RO          338    i.MX_DMA_Init       dma.o
    0x08003d7c   0x08003d7c   0x00000068   Code   RO          274    i.MX_FREERTOS_Init  app_freertos.o
    0x08003de4   0x08003de4   0x000000ac   Code   RO          249    i.MX_GPIO_Init      gpio.o
    0x08003e90   0x08003e90   0x00000002   Code   RO          358    i.MX_IWDG_Init      iwdg.o
    0x08003e92   0x08003e92   0x00000002   PAD
    0x08003e94   0x08003e94   0x00000068   Code   RO          386    i.MX_USART1_UART_Init  usart.o
    0x08003efc   0x08003efc   0x00000068   Code   RO          387    i.MX_USART2_UART_Init  usart.o
    0x08003f64   0x08003f64   0x0000003c   Code   RO          388    i.MX_USART3_UART_Init  usart.o
    0x08003fa0   0x08003fa0   0x00000002   Code   RO          438    i.NMI_Handler       stm32g0xx_it.o
    0x08003fa2   0x08003fa2   0x00000002   PAD
    0x08003fa4   0x08003fa4   0x000000e4   Code   RO          789    i.ParseCORS         base64.o
    0x08004088   0x08004088   0x00000204   Code   RO          696    i.ParseGPGGA        nmea.o
    0x0800428c   0x0800428c   0x000001ec   Code   RO          697    i.ParseGPRMC        nmea.o
    0x08004478   0x08004478   0x000001ec   Code   RO          698    i.ParseGPRMCH       nmea.o
    0x08004664   0x08004664   0x000000f4   Code   RO          612    i.ParseModules4G    4gmodule.o
    0x08004758   0x08004758   0x00000002   Code   RO         4826    i.SVC_Handler       port.o
    0x0800475a   0x0800475a   0x00000002   PAD
    0x0800475c   0x0800475c   0x00000088   Code   RO          275    i.StartG431_Task    app_freertos.o
    0x080047e4   0x080047e4   0x0000013c   Code   RO          276    i.StartModule4G_Task  app_freertos.o
    0x08004920   0x08004920   0x00000088   Code   RO          277    i.StartRTK_Task     app_freertos.o
    0x080049a8   0x080049a8   0x00000024   Code   RO         4827    i.SysTick_Handler   port.o
    0x080049cc   0x080049cc   0x0000006e   Code   RO           14    i.SystemClock_Config  main.o
    0x08004a3a   0x08004a3a   0x00000002   Code   RO         3532    i.SystemInit        system_stm32g0xx.o
    0x08004a3c   0x08004a3c   0x00000010   Code   RO          439    i.TIM6_IRQHandler   stm32g0xx_it.o
    0x08004a4c   0x08004a4c   0x00000098   Code   RO         2085    i.TIM_Base_SetConfig  stm32g0xx_hal_tim.o
    0x08004ae4   0x08004ae4   0x00000044   Code   RO         3431    i.UARTEx_SetNbDataToProcess  stm32g0xx_hal_uart_ex.o
    0x08004b28   0x08004b28   0x000000ca   Code   RO         3044    i.UART_AdvFeatureConfig  stm32g0xx_hal_uart.o
    0x08004bf2   0x08004bf2   0x00000002   PAD
    0x08004bf4   0x08004bf4   0x000000b8   Code   RO         3045    i.UART_CheckIdleState  stm32g0xx_hal_uart.o
    0x08004cac   0x08004cac   0x00000014   Code   RO         3046    i.UART_DMAAbortOnError  stm32g0xx_hal_uart.o
    0x08004cc0   0x08004cc0   0x0000004e   Code   RO         3047    i.UART_DMAError     stm32g0xx_hal_uart.o
    0x08004d0e   0x08004d0e   0x0000009c   Code   RO         3048    i.UART_DMAReceiveCplt  stm32g0xx_hal_uart.o
    0x08004daa   0x08004daa   0x00000020   Code   RO         3050    i.UART_DMARxHalfCplt  stm32g0xx_hal_uart.o
    0x08004dca   0x08004dca   0x0000004c   Code   RO         3052    i.UART_DMATransmitCplt  stm32g0xx_hal_uart.o
    0x08004e16   0x08004e16   0x0000000a   Code   RO         3054    i.UART_DMATxHalfCplt  stm32g0xx_hal_uart.o
    0x08004e20   0x08004e20   0x00000064   Code   RO         3056    i.UART_EndRxTransfer  stm32g0xx_hal_uart.o
    0x08004e84   0x08004e84   0x0000003c   Code   RO         3057    i.UART_EndTxTransfer  stm32g0xx_hal_uart.o
    0x08004ec0   0x08004ec0   0x00000190   Code   RO         3062    i.UART_SetConfig    stm32g0xx_hal_uart.o
    0x08005050   0x08005050   0x000000ac   Code   RO         3063    i.UART_Start_Receive_DMA  stm32g0xx_hal_uart.o
    0x080050fc   0x080050fc   0x00000090   Code   RO         3069    i.UART_WaitOnFlagUntilTimeout  stm32g0xx_hal_uart.o
    0x0800518c   0x0800518c   0x00000114   Code   RO          584    i.USART1_IDLE_Handler  g431_usart.o
    0x080052a0   0x080052a0   0x00000014   Code   RO          440    i.USART1_IRQHandler  stm32g0xx_it.o
    0x080052b4   0x080052b4   0x00000174   Code   RO          613    i.USART2_IDLE_Handler  4gmodule.o
    0x08005428   0x08005428   0x00000014   Code   RO          441    i.USART2_IRQHandler  stm32g0xx_it.o
    0x0800543c   0x0800543c   0x00000014   Code   RO          442    i.USART3_4_IRQHandler  stm32g0xx_it.o
    0x08005450   0x08005450   0x000000c4   Code   RO          657    i.USART3_IDLE_Handler  rtk.o
    0x08005514   0x08005514   0x00000078   Code   RO          747    i.USER_FLASH_Read   flash.o
    0x0800558c   0x0800558c   0x00000044   Code   RO          748    i.USER_FLASH_Write  flash.o
    0x080055d0   0x080055d0   0x00000030   Code   RO         5146    i.__ARM_common_ll_muluu  c_p.l(btod.o)
    0x08005600   0x08005600   0x0000001a   Code   RO          737    i.__ARM_common_switch8  nmea.o
    0x0800561a   0x0800561a   0x00000002   PAD
    0x0800561c   0x0800561c   0x00000044   Code   RO         1601    i.__NVIC_SetPriority  stm32g0xx_hal_cortex.o
    0x08005660   0x08005660   0x00000014   Code   RO         5283    i.__mathlib_dbl_overflow  m_ps.l(dunder.o)
    0x08005674   0x08005674   0x00000014   Code   RO         5285    i.__mathlib_dbl_underflow  m_ps.l(dunder.o)
    0x08005688   0x08005688   0x00000010   Code   RO         5168    i.__mathlib_narrow  m_ps.l(narrow.o)
    0x08005698   0x08005698   0x000000c8   Code   RO         5169    i.__mathlib_tofloat  m_ps.l(narrow.o)
    0x08005760   0x08005760   0x00000014   Code   RO         5230    i.__support_ldexp   m_ps.l(ldexp.o)
    0x08005774   0x08005774   0x0000000e   Code   RO         4941    i._is_digit         c_p.l(__printf_wp.o)
    0x08005782   0x08005782   0x0000002a   Code   RO         4988    i.atof              m_ps.l(atof.o)
    0x080057ac   0x080057ac   0x00000090   Code   RO          790    i.base64_encode     base64.o
    0x0800583c   0x0800583c   0x00000234   Code   RO          699    i.copyRMCData       nmea.o
    0x08005a70   0x08005a70   0x0000001a   Code   RO          614    i.extractNumber     4gmodule.o
    0x08005a8a   0x08005a8a   0x00000002   PAD
    0x08005a8c   0x08005a8c   0x00000038   Code   RO          749    i.flash_page_erase  flash.o
    0x08005ac4   0x08005ac4   0x00000022   Code   RO          750    i.flash_write       flash.o
    0x08005ae6   0x08005ae6   0x00000002   PAD
    0x08005ae8   0x08005ae8   0x00000058   Code   RO         5202    i.frexp             m_ps.l(frexp.o)
    0x08005b40   0x08005b40   0x0000000c   Code   RO         4419    i.inHandlerMode     cmsis_os.o
    0x08005b4c   0x08005b4c   0x00000070   Code   RO         5231    i.ldexp             m_ps.l(ldexp.o)
    0x08005bbc   0x08005bbc   0x00000284   Code   RO           15    i.main              main.o
    0x08005e40   0x08005e40   0x0000000c   Code   RO         4421    i.makeFreeRtosPriority  cmsis_os.o
    0x08005e4c   0x08005e4c   0x00000026   Code   RO          615    i.modifyString      4gmodule.o
    0x08005e72   0x08005e72   0x00000010   Code   RO         4423    i.osDelay           cmsis_os.o
    0x08005e82   0x08005e82   0x0000000a   Code   RO         4426    i.osKernelStart     cmsis_os.o
    0x08005e8c   0x08005e8c   0x0000002e   Code   RO         4460    i.osThreadCreate    cmsis_os.o
    0x08005eba   0x08005eba   0x00000002   PAD
    0x08005ebc   0x08005ebc   0x00000024   Code   RO         4471    i.osTimerCreate     cmsis_os.o
    0x08005ee0   0x08005ee0   0x00000054   Code   RO         4473    i.osTimerStart      cmsis_os.o
    0x08005f34   0x08005f34   0x000000f4   Code   RO          658    i.processInfo       rtk.o
    0x08006028   0x08006028   0x00000058   Code   RO         3991    i.prvAddCurrentTaskToDelayedList  tasks.o
    0x08006080   0x08006080   0x000000b8   Code   RO         3992    i.prvAddNewTaskToReadyList  tasks.o
    0x08006138   0x08006138   0x00000050   Code   RO         4299    i.prvCheckForValidListAndQueue  timers.o
    0x08006188   0x08006188   0x00000026   Code   RO         3689    i.prvCopyDataFromQueue  queue.o
    0x080061ae   0x080061ae   0x00000070   Code   RO         3690    i.prvCopyDataToQueue  queue.o
    0x0800621e   0x0800621e   0x00000012   Code   RO         3993    i.prvDeleteTCB      tasks.o
    0x08006230   0x08006230   0x00000044   Code   RO         4770    i.prvHeapInit       heap_4.o
    0x08006274   0x08006274   0x00000048   Code   RO         3994    i.prvIdleTask       tasks.o
    0x080062bc   0x080062bc   0x0000008a   Code   RO         3995    i.prvInitialiseNewTask  tasks.o
    0x08006346   0x08006346   0x00000002   PAD
    0x08006348   0x08006348   0x0000004c   Code   RO         4771    i.prvInsertBlockIntoFreeList  heap_4.o
    0x08006394   0x08006394   0x00000038   Code   RO         4300    i.prvInsertTimerInActiveList  timers.o
    0x080063cc   0x080063cc   0x0000001c   Code   RO         3691    i.prvIsQueueEmpty   queue.o
    0x080063e8   0x080063e8   0x000000dc   Code   RO         4301    i.prvProcessReceivedCommands  timers.o
    0x080064c4   0x080064c4   0x000000a8   Code   RO         4302    i.prvProcessTimerOrBlockTask  timers.o
    0x0800656c   0x0800656c   0x00000020   Code   RO         3996    i.prvResetNextTaskUnblockTime  tasks.o
    0x0800658c   0x0800658c   0x00000028   Code   RO         4303    i.prvSampleTimeNow  timers.o
    0x080065b4   0x080065b4   0x00000064   Code   RO         4304    i.prvSwitchTimerLists  timers.o
    0x08006618   0x08006618   0x00000014   Code   RO         4828    i.prvTaskExitError  port.o
    0x0800662c   0x0800662c   0x00000024   Code   RO         4305    i.prvTimerTask      timers.o
    0x08006650   0x08006650   0x00000070   Code   RO         3692    i.prvUnlockQueue    queue.o
    0x080066c0   0x080066c0   0x000000b8   Code   RO         4772    i.pvPortMalloc      heap_4.o
    0x08006778   0x08006778   0x00000020   Code   RO         4829    i.pxPortInitialiseStack  port.o
    0x08006798   0x08006798   0x00000084   Code   RO          659    i.separateString    rtk.o
    0x0800681c   0x0800681c   0x0000002e   Code   RO          700    i.substring         nmea.o
    0x0800684a   0x0800684a   0x00000026   Code   RO         3652    i.uxListRemove      list.o
    0x08006870   0x08006870   0x00000016   Code   RO         3653    i.vListInitialise   list.o
    0x08006886   0x08006886   0x00000006   Code   RO         3654    i.vListInitialiseItem  list.o
    0x0800688c   0x0800688c   0x00000030   Code   RO         3655    i.vListInsert       list.o
    0x080068bc   0x080068bc   0x00000018   Code   RO         3656    i.vListInsertEnd    list.o
    0x080068d4   0x080068d4   0x00000018   Code   RO         4831    i.vPortEnterCritical  port.o
    0x080068ec   0x080068ec   0x0000001c   Code   RO         4832    i.vPortExitCritical  port.o
    0x08006908   0x08006908   0x00000048   Code   RO         4773    i.vPortFree         heap_4.o
    0x08006950   0x08006950   0x00000028   Code   RO         4833    i.vPortSetupTimerInterrupt  port.o
    0x08006978   0x08006978   0x00000018   Code   RO         4834    i.vPortYield        port.o
    0x08006990   0x08006990   0x00000024   Code   RO         3696    i.vQueueAddToRegistry  queue.o
    0x080069b4   0x080069b4   0x00000044   Code   RO         3699    i.vQueueWaitForMessageRestricted  queue.o
    0x080069f8   0x080069f8   0x00000030   Code   RO         4005    i.vTaskDelay        tasks.o
    0x08006a28   0x08006a28   0x00000010   Code   RO         4008    i.vTaskInternalSetTimeOutState  tasks.o
    0x08006a38   0x08006a38   0x0000000c   Code   RO         4009    i.vTaskMissedYield  tasks.o
    0x08006a44   0x08006a44   0x00000024   Code   RO         4011    i.vTaskPlaceOnEventList  tasks.o
    0x08006a68   0x08006a68   0x00000030   Code   RO         4012    i.vTaskPlaceOnEventListRestricted  tasks.o
    0x08006a98   0x08006a98   0x00000054   Code   RO         4019    i.vTaskStartScheduler  tasks.o
    0x08006aec   0x08006aec   0x00000010   Code   RO         4021    i.vTaskSuspendAll   tasks.o
    0x08006afc   0x08006afc   0x00000058   Code   RO         4022    i.vTaskSwitchContext  tasks.o
    0x08006b54   0x08006b54   0x00000030   Code   RO         4835    i.xPortStartScheduler  port.o
    0x08006b84   0x08006b84   0x00000036   Code   RO         3701    i.xQueueGenericCreate  queue.o
    0x08006bba   0x08006bba   0x0000006c   Code   RO         3702    i.xQueueGenericReset  queue.o
    0x08006c26   0x08006c26   0x00000118   Code   RO         3703    i.xQueueGenericSend  queue.o
    0x08006d3e   0x08006d3e   0x0000008e   Code   RO         3704    i.xQueueGenericSendFromISR  queue.o
    0x08006dcc   0x08006dcc   0x00000102   Code   RO         3710    i.xQueueReceive     queue.o
    0x08006ece   0x08006ece   0x00000002   PAD
    0x08006ed0   0x08006ed0   0x0000005c   Code   RO         4024    i.xTaskCheckForTimeOut  tasks.o
    0x08006f2c   0x08006f2c   0x0000004e   Code   RO         4025    i.xTaskCreate       tasks.o
    0x08006f7a   0x08006f7a   0x00000002   PAD
    0x08006f7c   0x08006f7c   0x00000020   Code   RO         4029    i.xTaskGetSchedulerState  tasks.o
    0x08006f9c   0x08006f9c   0x0000000c   Code   RO         4030    i.xTaskGetTickCount  tasks.o
    0x08006fa8   0x08006fa8   0x000000bc   Code   RO         4032    i.xTaskIncrementTick  tasks.o
    0x08007064   0x08007064   0x00000068   Code   RO         4035    i.xTaskPriorityDisinherit  tasks.o
    0x080070cc   0x080070cc   0x00000064   Code   RO         4037    i.xTaskRemoveFromEventList  tasks.o
    0x08007130   0x08007130   0x000000ac   Code   RO         4038    i.xTaskResumeAll    tasks.o
    0x080071dc   0x080071dc   0x00000058   Code   RO         4310    i.xTimerCreate      timers.o
    0x08007234   0x08007234   0x00000040   Code   RO         4311    i.xTimerCreateTimerTask  timers.o
    0x08007274   0x08007274   0x00000050   Code   RO         4312    i.xTimerGenericCommand  timers.o
    0x080072c4   0x080072c4   0x0000002c   Code   RO         5052    locale$$code        c_p.l(lc_numeric_c.o)
    0x080072f0   0x080072f0   0x0000002c   Code   RO         5073    locale$$code        c_p.l(lc_ctype_c.o)
    0x0800731c   0x0800731c   0x00000064   Code   RO         5197    x$fpl$deqf          fz_ps.l(deqf.o)
    0x08007380   0x08007380   0x00000068   Code   RO         5199    x$fpl$drleqf        fz_ps.l(drlef.o)
    0x080073e8   0x080073e8   0x00000010   Code   RO         5058    x$fpl$scanf1        fz_ps.l(scanf1.o)
    0x080073f8   0x080073f8   0x00000020   Code   RO         5162    x$fpl$scanf2        fz_ps.l(scanf2.o)
    0x08007418   0x08007418   0x00000000   Code   RO         5020    x$fpl$usenofp       fz_ps.l(usenofp.o)
    0x08007418   0x08007418   0x00000056   Data   RO          278    .constdata          app_freertos.o
    0x0800746e   0x0800746e   0x00000041   Data   RO          792    .constdata          base64.o
    0x080074af   0x080074af   0x00000001   PAD
    0x080074b0   0x080074b0   0x00000018   Data   RO         3070    .constdata          stm32g0xx_hal_uart.o
    0x080074c8   0x080074c8   0x00000010   Data   RO         3432    .constdata          stm32g0xx_hal_uart_ex.o
    0x080074d8   0x080074d8   0x00000040   Data   RO         3533    .constdata          system_stm32g0xx.o
    0x08007518   0x08007518   0x00000020   Data   RO         3534    .constdata          system_stm32g0xx.o
    0x08007538   0x08007538   0x00000028   Data   RO         4914    .constdata          c_p.l(_printf_hex_int.o)
    0x08007560   0x08007560   0x00000011   Data   RO         4944    .constdata          c_p.l(__printf_flags_wp.o)
    0x08007571   0x08007571   0x00000003   PAD
    0x08007574   0x08007574   0x00000094   Data   RO         5142    .constdata          c_p.l(bigflt0.o)
    0x08007608   0x08007608   0x00000025   Data   RO          279    .conststring        app_freertos.o
    0x0800762d   0x0800762d   0x00000003   PAD
    0x08007630   0x08007630   0x00000020   Data   RO         5303    Region$$Table       anon$$obj.o
    0x08007650   0x08007650   0x00000008   Data   RO         5154    c$$dinf             fz_ps.l(fpconst.o)
    0x08007658   0x08007658   0x00000008   Data   RO         5157    c$$dmax             fz_ps.l(fpconst.o)
    0x08007660   0x08007660   0x0000001c   Data   RO         5051    locale$$data        c_p.l(lc_numeric_c.o)
    0x0800767c   0x0800767c   0x00000110   Data   RO         5072    locale$$data        c_p.l(lc_ctype_c.o)


    Execution Region RW_IRAM1 (Exec base: 0x20000000, Load base: 0x0800778c, Size: 0x00005310, Max: 0x00009000, ABSOLUTE)

    Exec Addr    Load Addr    Size         Type   Attr      Idx    E Section Name        Object

    0x20000000   0x0800778c   0x00000006   Data   RW           16    .data               main.o
    0x20000006   0x08007792   0x00000001   Data   RW           17    .data               main.o
    0x20000007   0x08007793   0x00000001   PAD
    0x20000008   0x08007794   0x00000010   Data   RW          280    .data               app_freertos.o
    0x20000018   0x080077a4   0x00000002   Data   RW          586    .data               g431_usart.o
    0x2000001a   0x080077a6   0x00000002   Data   RW          617    .data               4gmodule.o
    0x2000001c   0x080077a8   0x0000000c   Data   RW         1736    .data               stm32g0xx_hal.o
    0x20000028   0x080077b4   0x00000004   Data   RW         3535    .data               system_stm32g0xx.o
    0x2000002c   0x080077b8   0x0000003c   Data   RW         4041    .data               tasks.o
    0x20000068   0x080077f4   0x00000014   Data   RW         4318    .data               timers.o
    0x2000007c   0x08007808   0x00000020   Data   RW         4779    .data               heap_4.o
    0x2000009c   0x08007828   0x00000004   Data   RW         4836    .data               port.o
    0x200000a0   0x0800782c   0x00000004   Data   RW         4959    .data               c_p.l(strtok.o)
    0x200000a4        -       0x00000010   Zero   RW          359    .bss                iwdg.o
    0x200000b4        -       0x000003e4   Zero   RW          389    .bss                usart.o
    0x20000498        -       0x0000004c   Zero   RW          529    .bss                stm32g0xx_hal_timebase_tim.o
    0x200004e4        -       0x00000191   Zero   RW          585    .bss                g431_usart.o
    0x20000675        -       0x000001a0   Zero   RW          616    .bss                4gmodule.o
    0x20000815   0x08007830   0x00000001   PAD
    0x20000816        -       0x00000322   Zero   RW          660    .bss                rtk.o
    0x20000b38        -       0x0000026c   Zero   RW          701    .bss                nmea.o
    0x20000da4        -       0x00000064   Zero   RW          751    .bss                flash.o
    0x20000e08        -       0x0000012f   Zero   RW          791    .bss                base64.o
    0x20000f37   0x08007830   0x00000001   PAD
    0x20000f38        -       0x0000001c   Zero   RW          999    .bss                stm32g0xx_hal_flash.o
    0x20000f54        -       0x00000040   Zero   RW         3713    .bss                queue.o
    0x20000f94        -       0x000000f0   Zero   RW         4040    .bss                tasks.o
    0x20001084        -       0x00000028   Zero   RW         4317    .bss                timers.o
    0x200010ac        -       0x00003200   Zero   RW         4778    .bss                heap_4.o
    0x200042ac        -       0x00000060   Zero   RW         5022    .bss                c_p.l(libspace.o)
    0x2000430c   0x08007830   0x00000004   PAD
    0x20004310        -       0x00000800   Zero   RW            2    HEAP                startup_stm32g070xx.o
    0x20004b10        -       0x00000800   Zero   RW            1    STACK               startup_stm32g070xx.o


==============================================================================

Image component sizes


      Code (inc. data)   RO Data    RW Data    ZI Data      Debug   Object Name

       680         38          0          2        416       4655   4gmodule.o
       800        116        123         16          0       5665   app_freertos.o
       372         28         65          0        303       3311   base64.o
       216         10          0          0          0      11756   cmsis_os.o
        72          4          0          0          0        730   dma.o
         0          0          0          0          0       2468   event_groups.o
       278         32          0          0        100       3114   flash.o
       276         28          0          2        401       1547   g431_usart.o
       172         14          0          0          0        927   gpio.o
       400         22          0         32      12800       4195   heap_4.o
         2          0          0          0         16        591   iwdg.o
       138          0          0          0          0       3286   list.o
       778        100          0          7          0     443926   main.o
      2136         96          0          0        620       7641   nmea.o
       374         56          0          4          0       7215   port.o
      1236          4          0          0         64      14538   queue.o
       572         20          0          0        802       3752   rtk.o
        56         26        184          0       4096        624   startup_stm32g070xx.o
       124         22          0         12          0      16113   stm32g0xx_hal.o
       100         14          0          0          0      11288   stm32g0xx_hal_cortex.o
       892         42          0          0          0       6649   stm32g0xx_hal_dma.o
       360         56          0          0         28      16762   stm32g0xx_hal_flash.o
        32         12          0          0          0       1394   stm32g0xx_hal_flash_ex.o
       376         18          0          0          0       2481   stm32g0xx_hal_gpio.o
       124         20          0          0          0       1811   stm32g0xx_hal_iwdg.o
        60          4          0          0          0        810   stm32g0xx_hal_msp.o
        76         14          0          0          0        726   stm32g0xx_hal_pwr_ex.o
      1564         96          0          0          0      21210   stm32g0xx_hal_rcc.o
       352         14          0          0          0       1612   stm32g0xx_hal_rcc_ex.o
       658         54          0          0          0       6888   stm32g0xx_hal_tim.o
         6          0          0          0          0       2072   stm32g0xx_hal_tim_ex.o
       156         26          0          0         76       1427   stm32g0xx_hal_timebase_tim.o
      3124         92         24          0          0      42779   stm32g0xx_hal_uart.o
       276          6         16          0          0       5066   stm32g0xx_hal_uart_ex.o
       156         52          0          0          0       4014   stm32g0xx_it.o
         2          0         96          4          0       1075   system_stm32g0xx.o
      1658        138          0         60        240      22344   tasks.o
       932         80          0         20         40      12178   timers.o
       904         60          0          0        996       3566   usart.o
         2          0          0          0          0        714   usart_it.o

    ----------------------------------------------------------------------
     20520       1414        544        160      21000     702920   Object Totals
         0          0         32          0          0          0   (incl. Generated)
        28          0          4          1          2          0   (incl. Padding)

    ----------------------------------------------------------------------

      Code (inc. data)   RO Data    RW Data    ZI Data      Debug   Library Member Name

         8          0          0          0          0         68   __main.o
       312          6         17          0          0         76   __printf_flags_wp.o
        14          0          0          0          0         60   __printf_wp.o
         0          0          0          0          0          0   __rtentry.o
        12          0          0          0          0          0   __rtentry2.o
         6          0          0          0          0          0   __rtentry4.o
        60          8          0          0          0          0   __scatter.o
        26          0          0          0          0          0   __scatter_copy.o
        28          0          0          0          0          0   __scatter_zi.o
        30          0          0          0          0         60   _chval.o
        10          0          0          0          0          0   _printf_c.o
        46          0          0          0          0        100   _printf_char.o
        48          6          0          0          0         88   _printf_char_common.o
        10          0          0          0          0          0   _printf_d.o
       108         18          0          0          0         76   _printf_dec.o
        88          4         40          0          0         72   _printf_hex_int.o
       176          0          0          0          0         84   _printf_intcommon.o
        78          0          0          0          0        100   _printf_pad.o
         2          0          0          0          0          0   _printf_percent.o
         4          0          0          0          0          0   _printf_percent_end.o
        10          0          0          0          0          0   _printf_s.o
        82          0          0          0          0         72   _printf_str.o
        10          0          0          0          0          0   _printf_x.o
        22          0          0          0          0         92   _rserrno.o
        68          0          0          0          0         76   _sgetc.o
        10          0          0          0          0         60   _sputc.o
       166          0          0          0          0         84   _strtoul.o
       346          0          0          0          0         92   aeabi_sdiv.o
        26          0          0          0          0         72   atoi.o
       216          6        148          0          0         80   bigflt0.o
      1456         30          0          0          0        336   btod.o
        16          0          0          0          0         68   exit.o
         6          0          0          0          0        136   heapauxi.o
         0          0          0          0          0          0   indicate_semi.o
        18          0          0          0          0         68   isspace.o
        44         10        272          0          0         76   lc_ctype_c.o
        44         10         28          0          0         76   lc_numeric_c.o
         2          0          0          0          0          0   libinit.o
        30          0          0          0          0          0   libinit2.o
         2          0          0          0          0          0   libshutdown.o
         2          0          0          0          0          0   libshutdown2.o
         8          4          0          0         96         68   libspace.o
        48          0          0          0          0         72   llmul.o
        32          0          0          0          0         68   llshl.o
        40          4          0          0          0         84   noretval__2sprintf.o
        16          4          0          0          0         76   rt_ctype_table.o
         8          4          0          0          0         68   rt_errno_addr_intlibspace.o
         8          4          0          0          0         68   rt_locale_intlibspace.o
        64          0          0          0          0        108   rt_memclr.o
       186          0          0          0          0        144   rt_memcpy.o
       150          0          0          0          0        104   rt_memmove.o
         2          0          0          0          0          0   rtexit.o
        10          0          0          0          0          0   rtexit2.o
        40          0          0          0          0         60   rtudiv10.o
      1312         24          0          0          0        124   scanf_fp.o
       820         14          0          0          0         84   scanf_hexfp.o
       316         16          0          0          0         84   scanf_infnan.o
        20          0          0          0          0         60   strchr.o
       136          4          0          0          0         72   strcmp.o
        34          0          0          0          0         72   strcspn.o
        68          6          0          0          0         72   strlen.o
       160          6          0          0          0         76   strncmp.o
       108          4          0          0          0         76   strncpy.o
        32          0          0          0          0         72   strspn.o
       172         18          0          0          0        120   strtod.o
        16          6          0          4          0         68   strtok.o
        72          6          0          0          0         76   strtok_int.o
       112          4          0          0          0         76   strtol.o
        12          4          0          0          0         60   sys_exit.o
        62          0          0          0          0         80   sys_stackheap_outer.o
         2          0          0          0          0         68   use_no_semi.o
        46          0          0          0          0         60   cmpret.o
       124          4          0          0          0         72   d2f.o
       144          4          0          0          0         76   dcmpin.o
       100          4          0          0          0         92   deqf.o
        20          6          0          0          0         68   dnan2.o
       104          4          0          0          0        104   drlef.o
        96         12          0          0          0         72   dscalbn.o
         0          0         16          0          0          0   fpconst.o
        94          0          0          0          0         68   retnan.o
        16          4          0          0          0         76   scanf1.o
        32          8          0          0          0        100   scanf2.o
         0          0          0          0          0          0   usenofp.o
        42          0          0          0          0         76   atof.o
        40         10          0          0          0        136   dunder.o
        88         16          0          0          0         72   frexp.o
       132          0          0          0          0        140   ldexp.o
       216         10          0          0          0        144   narrow.o

    ----------------------------------------------------------------------
      9016        312        524          4        100       5788   Library Totals
        14          0          3          0          4          0   (incl. Padding)

    ----------------------------------------------------------------------

      Code (inc. data)   RO Data    RW Data    ZI Data      Debug   Library Name

      7708        230        505          4         96       4432   c_p.l
       776         46         16          0          0        788   fz_ps.l
       518         36          0          0          0        568   m_ps.l

    ----------------------------------------------------------------------
      9016        312        524          4        100       5788   Library Totals

    ----------------------------------------------------------------------

==============================================================================


      Code (inc. data)   RO Data    RW Data    ZI Data      Debug   

     29536       1726       1068        164      21100     697168   Grand Totals
     29536       1726       1068        164      21100     697168   ELF Image Totals
     29536       1726       1068        164          0          0   ROM Totals

==============================================================================

    Total RO  Size (Code + RO Data)                30604 (  29.89kB)
    Total RW  Size (RW Data + ZI Data)             21264 (  20.77kB)
    Total ROM Size (Code + RO Data + RW Data)      30768 (  30.05kB)

==============================================================================

